Archive member included because of file (symbol)

/opt/altera/13.1/nios2eds/bin/gnu/H-i686-pc-linux-gnu/bin/../lib/gcc/nios2-elf/4.7.3/../../../../../H-i686-pc-linux-gnu/nios2-elf/lib/mno-hw-mul/libsmallc.a(lib_a-printf.o)
                              obj/default/hello_world.o (printf)
/opt/altera/13.1/nios2eds/bin/gnu/H-i686-pc-linux-gnu/bin/../lib/gcc/nios2-elf/4.7.3/../../../../../H-i686-pc-linux-gnu/nios2-elf/lib/mno-hw-mul/libsmallc.a(lib_a-vfprintf.o)
                              /opt/altera/13.1/nios2eds/bin/gnu/H-i686-pc-linux-gnu/bin/../lib/gcc/nios2-elf/4.7.3/../../../../../H-i686-pc-linux-gnu/nios2-elf/lib/mno-hw-mul/libsmallc.a(lib_a-printf.o) (___vfprintf_internal_r)
/opt/altera/13.1/nios2eds/bin/gnu/H-i686-pc-linux-gnu/bin/../lib/gcc/nios2-elf/4.7.3/../../../../../H-i686-pc-linux-gnu/nios2-elf/lib/mno-hw-mul/libsmallc.a(lib_a-fvwrite_small_dev.o)
                              /opt/altera/13.1/nios2eds/bin/gnu/H-i686-pc-linux-gnu/bin/../lib/gcc/nios2-elf/4.7.3/../../../../../H-i686-pc-linux-gnu/nios2-elf/lib/mno-hw-mul/libsmallc.a(lib_a-printf.o) (__sfvwrite_small_dev)
/opt/altera/13.1/nios2eds/bin/gnu/H-i686-pc-linux-gnu/bin/../lib/gcc/nios2-elf/4.7.3/../../../../../H-i686-pc-linux-gnu/nios2-elf/lib/mno-hw-mul/libsmallc.a(lib_a-impure.o)
                              /opt/altera/13.1/nios2eds/bin/gnu/H-i686-pc-linux-gnu/bin/../lib/gcc/nios2-elf/4.7.3/../../../../../H-i686-pc-linux-gnu/nios2-elf/lib/mno-hw-mul/libsmallc.a(lib_a-printf.o) (_impure_ptr)
/opt/altera/13.1/nios2eds/bin/gnu/H-i686-pc-linux-gnu/bin/../lib/gcc/nios2-elf/4.7.3/../../../../../H-i686-pc-linux-gnu/nios2-elf/lib/mno-hw-mul/libsmallc.a(lib_a-strlen.o)
                              /opt/altera/13.1/nios2eds/bin/gnu/H-i686-pc-linux-gnu/bin/../lib/gcc/nios2-elf/4.7.3/../../../../../H-i686-pc-linux-gnu/nios2-elf/lib/mno-hw-mul/libsmallc.a(lib_a-vfprintf.o) (strlen)
/opt/altera/13.1/nios2eds/bin/gnu/H-i686-pc-linux-gnu/bin/../lib/gcc/nios2-elf/4.7.3/../../../../../H-i686-pc-linux-gnu/nios2-elf/lib/mno-hw-mul/libsmallc.a(lib_a-writer.o)
                              /opt/altera/13.1/nios2eds/bin/gnu/H-i686-pc-linux-gnu/bin/../lib/gcc/nios2-elf/4.7.3/../../../../../H-i686-pc-linux-gnu/nios2-elf/lib/mno-hw-mul/libsmallc.a(lib_a-fvwrite_small_dev.o) (_write_r)
/opt/altera/13.1/nios2eds/bin/gnu/H-i686-pc-linux-gnu/bin/../lib/gcc/nios2-elf/4.7.3/../../../../../H-i686-pc-linux-gnu/nios2-elf/lib/mno-hw-mul/libsmallc.a(lib_a-int_errno.o)
                              /opt/altera/13.1/nios2eds/bin/gnu/H-i686-pc-linux-gnu/bin/../lib/gcc/nios2-elf/4.7.3/../../../../../H-i686-pc-linux-gnu/nios2-elf/lib/mno-hw-mul/libsmallc.a(lib_a-writer.o) (errno)
/opt/altera/13.1/nios2eds/bin/gnu/H-i686-pc-linux-gnu/bin/../lib/gcc/nios2-elf/4.7.3/mno-hw-mul/libgcc.a(lib2-divmod.o)
                              /opt/altera/13.1/nios2eds/bin/gnu/H-i686-pc-linux-gnu/bin/../lib/gcc/nios2-elf/4.7.3/../../../../../H-i686-pc-linux-gnu/nios2-elf/lib/mno-hw-mul/libsmallc.a(lib_a-vfprintf.o) (__udivsi3)
/opt/altera/13.1/nios2eds/bin/gnu/H-i686-pc-linux-gnu/bin/../lib/gcc/nios2-elf/4.7.3/mno-hw-mul/libgcc.a(lib2-mul.o)
                              /opt/altera/13.1/nios2eds/bin/gnu/H-i686-pc-linux-gnu/bin/../lib/gcc/nios2-elf/4.7.3/../../../../../H-i686-pc-linux-gnu/nios2-elf/lib/mno-hw-mul/libsmallc.a(lib_a-vfprintf.o) (__mulsi3)
../ComsTest1_bsp//libhal_bsp.a(alt_load.o)
                              ../ComsTest1_bsp//obj/HAL/src/crt0.o (alt_load)
../ComsTest1_bsp//libhal_bsp.a(alt_main.o)
                              ../ComsTest1_bsp//obj/HAL/src/crt0.o (alt_main)
../ComsTest1_bsp//libhal_bsp.a(alt_usleep.o)
                              obj/default/hello_world.o (usleep)
../ComsTest1_bsp//libhal_bsp.a(alt_write.o)
                              /opt/altera/13.1/nios2eds/bin/gnu/H-i686-pc-linux-gnu/bin/../lib/gcc/nios2-elf/4.7.3/../../../../../H-i686-pc-linux-gnu/nios2-elf/lib/mno-hw-mul/libsmallc.a(lib_a-writer.o) (write)
../ComsTest1_bsp//libhal_bsp.a(alt_sys_init.o)
                              ../ComsTest1_bsp//libhal_bsp.a(alt_main.o) (alt_irq_init)
../ComsTest1_bsp//libhal_bsp.a(altera_avalon_jtag_uart_fd.o)
                              ../ComsTest1_bsp//libhal_bsp.a(alt_sys_init.o) (altera_avalon_jtag_uart_read_fd)
../ComsTest1_bsp//libhal_bsp.a(altera_avalon_jtag_uart_read.o)
                              ../ComsTest1_bsp//libhal_bsp.a(altera_avalon_jtag_uart_fd.o) (altera_avalon_jtag_uart_read)
../ComsTest1_bsp//libhal_bsp.a(altera_avalon_jtag_uart_write.o)
                              ../ComsTest1_bsp//libhal_bsp.a(altera_avalon_jtag_uart_fd.o) (altera_avalon_jtag_uart_write)
../ComsTest1_bsp//libhal_bsp.a(altera_avalon_timer_sc.o)
                              ../ComsTest1_bsp//libhal_bsp.a(alt_sys_init.o) (alt_avalon_timer_sc_init)
../ComsTest1_bsp//libhal_bsp.a(altera_avalon_uart_fd.o)
                              ../ComsTest1_bsp//libhal_bsp.a(alt_sys_init.o) (altera_avalon_uart_read_fd)
../ComsTest1_bsp//libhal_bsp.a(altera_avalon_uart_read.o)
                              ../ComsTest1_bsp//libhal_bsp.a(altera_avalon_uart_fd.o) (altera_avalon_uart_read)
../ComsTest1_bsp//libhal_bsp.a(altera_avalon_uart_write.o)
                              ../ComsTest1_bsp//libhal_bsp.a(altera_avalon_uart_fd.o) (altera_avalon_uart_write)
../ComsTest1_bsp//libhal_bsp.a(alt_busy_sleep.o)
                              ../ComsTest1_bsp//libhal_bsp.a(alt_usleep.o) (alt_busy_sleep)
../ComsTest1_bsp//libhal_bsp.a(alt_close.o)
                              ../ComsTest1_bsp//libhal_bsp.a(alt_main.o) (close)
../ComsTest1_bsp//libhal_bsp.a(alt_dcache_flush_all.o)
                              ../ComsTest1_bsp//libhal_bsp.a(alt_load.o) (alt_dcache_flush_all)
../ComsTest1_bsp//libhal_bsp.a(alt_dev.o)
                              ../ComsTest1_bsp//libhal_bsp.a(alt_sys_init.o) (alt_dev_list)
../ComsTest1_bsp//libhal_bsp.a(alt_dev_llist_insert.o)
                              ../ComsTest1_bsp//libhal_bsp.a(alt_sys_init.o) (alt_dev_llist_insert)
../ComsTest1_bsp//libhal_bsp.a(alt_errno.o)
                              ../ComsTest1_bsp//libhal_bsp.a(alt_write.o) (alt_errno)
../ComsTest1_bsp//libhal_bsp.a(alt_icache_flush_all.o)
                              ../ComsTest1_bsp//libhal_bsp.a(alt_load.o) (alt_icache_flush_all)
../ComsTest1_bsp//libhal_bsp.a(alt_iic.o)
                              ../ComsTest1_bsp//libhal_bsp.a(altera_avalon_timer_sc.o) (alt_ic_isr_register)
../ComsTest1_bsp//libhal_bsp.a(alt_iic_isr_register.o)
                              ../ComsTest1_bsp//libhal_bsp.a(alt_iic.o) (alt_iic_isr_register)
../ComsTest1_bsp//libhal_bsp.a(alt_io_redirect.o)
                              ../ComsTest1_bsp//libhal_bsp.a(alt_main.o) (alt_io_redirect)
../ComsTest1_bsp//libhal_bsp.a(alt_irq_entry.o)
                              ../ComsTest1_bsp//libhal_bsp.a(alt_iic_isr_register.o) (alt_irq_entry)
../ComsTest1_bsp//libhal_bsp.a(alt_irq_handler.o)
                              ../ComsTest1_bsp//libhal_bsp.a(alt_iic_isr_register.o) (alt_irq)
../ComsTest1_bsp//libhal_bsp.a(alt_irq_vars.o)
                              ../ComsTest1_bsp//libhal_bsp.a(alt_iic.o) (alt_irq_active)
../ComsTest1_bsp//libhal_bsp.a(alt_open.o)
                              ../ComsTest1_bsp//libhal_bsp.a(alt_io_redirect.o) (open)
../ComsTest1_bsp//libhal_bsp.a(alt_release_fd.o)
                              ../ComsTest1_bsp//libhal_bsp.a(alt_close.o) (alt_release_fd)
../ComsTest1_bsp//libhal_bsp.a(alt_tick.o)
                              ../ComsTest1_bsp//libhal_bsp.a(altera_avalon_timer_sc.o) (_alt_tick_rate)
../ComsTest1_bsp//libhal_bsp.a(altera_nios2_qsys_irq.o)
                              ../ComsTest1_bsp//libhal_bsp.a(alt_sys_init.o) (altera_nios2_qsys_irq_init)
../ComsTest1_bsp//libhal_bsp.a(alt_exception_entry.o)
                              ../ComsTest1_bsp//libhal_bsp.a(alt_irq_entry.o) (alt_exception)
../ComsTest1_bsp//libhal_bsp.a(alt_find_dev.o)
                              ../ComsTest1_bsp//libhal_bsp.a(alt_open.o) (alt_find_dev)
../ComsTest1_bsp//libhal_bsp.a(alt_find_file.o)
                              ../ComsTest1_bsp//libhal_bsp.a(alt_open.o) (alt_find_file)
../ComsTest1_bsp//libhal_bsp.a(alt_get_fd.o)
                              ../ComsTest1_bsp//libhal_bsp.a(alt_open.o) (alt_get_fd)
../ComsTest1_bsp//libhal_bsp.a(alt_icache_flush.o)
                              ../ComsTest1_bsp//libhal_bsp.a(alt_icache_flush_all.o) (alt_icache_flush)
/opt/altera/13.1/nios2eds/bin/gnu/H-i686-pc-linux-gnu/bin/../lib/gcc/nios2-elf/4.7.3/../../../../../H-i686-pc-linux-gnu/nios2-elf/lib/mno-hw-mul/libsmallc.a(lib_a-exit.o)
                              ../ComsTest1_bsp//libhal_bsp.a(alt_main.o) (exit)
/opt/altera/13.1/nios2eds/bin/gnu/H-i686-pc-linux-gnu/bin/../lib/gcc/nios2-elf/4.7.3/../../../../../H-i686-pc-linux-gnu/nios2-elf/lib/mno-hw-mul/libsmallc.a(lib_a-memcmp.o)
                              ../ComsTest1_bsp//libhal_bsp.a(alt_find_dev.o) (memcmp)
/opt/altera/13.1/nios2eds/bin/gnu/H-i686-pc-linux-gnu/bin/../lib/gcc/nios2-elf/4.7.3/../../../../../H-i686-pc-linux-gnu/nios2-elf/lib/mno-hw-mul/libsmallc.a(lib_a-__call_atexit.o)
                              /opt/altera/13.1/nios2eds/bin/gnu/H-i686-pc-linux-gnu/bin/../lib/gcc/nios2-elf/4.7.3/../../../../../H-i686-pc-linux-gnu/nios2-elf/lib/mno-hw-mul/libsmallc.a(lib_a-exit.o) (__call_exitprocs)
../ComsTest1_bsp//libhal_bsp.a(alt_exit.o)
                              /opt/altera/13.1/nios2eds/bin/gnu/H-i686-pc-linux-gnu/bin/../lib/gcc/nios2-elf/4.7.3/../../../../../H-i686-pc-linux-gnu/nios2-elf/lib/mno-hw-mul/libsmallc.a(lib_a-exit.o) (_exit)

Allocating common symbols
Common symbol       size              file

alt_irq             0x100             ../ComsTest1_bsp//libhal_bsp.a(alt_irq_handler.o)
errno               0x4               /opt/altera/13.1/nios2eds/bin/gnu/H-i686-pc-linux-gnu/bin/../lib/gcc/nios2-elf/4.7.3/../../../../../H-i686-pc-linux-gnu/nios2-elf/lib/mno-hw-mul/libsmallc.a(lib_a-int_errno.o)

Memory Configuration

Name             Origin             Length             Attributes
reset            0x00008000         0x00000020
onchip_mem       0x00008020         0x00004fe0
*default*        0x00000000         0xffffffff

Linker script and memory map

LOAD ../ComsTest1_bsp//obj/HAL/src/crt0.o
LOAD obj/default/hello_world.o
LOAD /opt/altera/13.1/nios2eds/bin/gnu/H-i686-pc-linux-gnu/bin/../lib/gcc/nios2-elf/4.7.3/../../../../../H-i686-pc-linux-gnu/nios2-elf/lib/mno-hw-mul/libstdc++.a
LOAD /opt/altera/13.1/nios2eds/bin/gnu/H-i686-pc-linux-gnu/bin/../lib/gcc/nios2-elf/4.7.3/../../../../../H-i686-pc-linux-gnu/nios2-elf/lib/mno-hw-mul/libm.a
LOAD /opt/altera/13.1/nios2eds/bin/gnu/H-i686-pc-linux-gnu/bin/../lib/gcc/nios2-elf/4.7.3/mno-hw-mul/libgcc.a
START GROUP
LOAD /opt/altera/13.1/nios2eds/bin/gnu/H-i686-pc-linux-gnu/bin/../lib/gcc/nios2-elf/4.7.3/../../../../../H-i686-pc-linux-gnu/nios2-elf/lib/mno-hw-mul/libsmallc.a
LOAD /opt/altera/13.1/nios2eds/bin/gnu/H-i686-pc-linux-gnu/bin/../lib/gcc/nios2-elf/4.7.3/mno-hw-mul/libgcc.a
LOAD ../ComsTest1_bsp//libhal_bsp.a
END GROUP
LOAD /opt/altera/13.1/nios2eds/bin/gnu/H-i686-pc-linux-gnu/bin/../lib/gcc/nios2-elf/4.7.3/mno-hw-mul/libgcc.a
                0x00008000                __alt_mem_onchip_mem = 0x8000

.entry          0x00008000       0x20
 *(.entry)
 .entry         0x00008000       0x20 ../ComsTest1_bsp//obj/HAL/src/crt0.o
                0x00008000                __reset

.exceptions     0x00008020      0x198
                0x00008020                PROVIDE (__ram_exceptions_start, ABSOLUTE (.))
                0x00008020                . = ALIGN (0x20)
 *(.irq)
 *(.exceptions.entry.label)
 .exceptions.entry.label
                0x00008020        0x0 ../ComsTest1_bsp//libhal_bsp.a(alt_irq_entry.o)
                0x00008020                alt_irq_entry
 .exceptions.entry.label
                0x00008020        0x0 ../ComsTest1_bsp//libhal_bsp.a(alt_exception_entry.o)
                0x00008020                alt_exception
 *(.exceptions.entry.user)
 *(.exceptions.entry.ecc_fatal)
 *(.exceptions.entry)
 .exceptions.entry
                0x00008020       0x54 ../ComsTest1_bsp//libhal_bsp.a(alt_exception_entry.o)
 *(.exceptions.irqtest.user)
 *(.exceptions.irqtest)
 .exceptions.irqtest
                0x00008074       0x10 ../ComsTest1_bsp//libhal_bsp.a(alt_irq_entry.o)
 *(.exceptions.irqhandler.user)
 *(.exceptions.irqhandler)
 .exceptions.irqhandler
                0x00008084        0x4 ../ComsTest1_bsp//libhal_bsp.a(alt_irq_entry.o)
 *(.exceptions.irqreturn.user)
 *(.exceptions.irqreturn)
 .exceptions.irqreturn
                0x00008088        0x4 ../ComsTest1_bsp//libhal_bsp.a(alt_irq_entry.o)
 *(.exceptions.notirq.label)
 .exceptions.notirq.label
                0x0000808c        0x0 ../ComsTest1_bsp//libhal_bsp.a(alt_irq_entry.o)
 *(.exceptions.notirq.user)
 *(.exceptions.notirq)
 .exceptions.notirq
                0x0000808c        0x8 ../ComsTest1_bsp//libhal_bsp.a(alt_exception_entry.o)
 *(.exceptions.soft.user)
 *(.exceptions.soft)
 *(.exceptions.unknown.user)
 *(.exceptions.unknown)
 .exceptions.unknown
                0x00008094        0x4 ../ComsTest1_bsp//libhal_bsp.a(alt_exception_entry.o)
 *(.exceptions.exit.label)
 .exceptions.exit.label
                0x00008098        0x0 ../ComsTest1_bsp//libhal_bsp.a(alt_irq_entry.o)
 .exceptions.exit.label
                0x00008098        0x0 ../ComsTest1_bsp//libhal_bsp.a(alt_exception_entry.o)
 *(.exceptions.exit.user)
 *(.exceptions.exit)
 .exceptions.exit
                0x00008098       0x54 ../ComsTest1_bsp//libhal_bsp.a(alt_exception_entry.o)
 *(.exceptions)
 .exceptions    0x000080ec       0xcc ../ComsTest1_bsp//libhal_bsp.a(alt_irq_handler.o)
                0x000080ec                alt_irq_handler
                0x000081b8                PROVIDE (__ram_exceptions_end, ABSOLUTE (.))
                0x00008020                PROVIDE (__flash_exceptions_start, LOADADDR (.exceptions))

.text           0x000081b8     0x2790
                0x000081b8                PROVIDE (stext, ABSOLUTE (.))
 *(.interp)
 *(.hash)
 *(.dynsym)
 *(.dynstr)
 *(.gnu.version)
 *(.gnu.version_d)
 *(.gnu.version_r)
 *(.rel.init)
 *(.rela.init)
 *(.rel.text .rel.text.* .rel.gnu.linkonce.t.*)
 *(.rela.text .rela.text.* .rela.gnu.linkonce.t.*)
 *(.rel.fini)
 *(.rela.fini)
 *(.rel.rodata .rel.rodata.* .rel.gnu.linkonce.r.*)
 *(.rela.rodata .rela.rodata.* .rela.gnu.linkonce.r.*)
 *(.rel.data .rel.data.* .rel.gnu.linkonce.d.*)
 *(.rela.data .rela.data.* .rela.gnu.linkonce.d.*)
 *(.rel.tdata .rel.tdata.* .rel.gnu.linkonce.td.*)
 *(.rela.tdata .rela.tdata.* .rela.gnu.linkonce.td.*)
 *(.rel.tbss .rel.tbss.* .rel.gnu.linkonce.tb.*)
 *(.rela.tbss .rela.tbss.* .rela.gnu.linkonce.tb.*)
 *(.rel.ctors)
 *(.rela.ctors)
 *(.rel.dtors)
 *(.rela.dtors)
 *(.rel.got)
 *(.rela.got)
 *(.rel.sdata .rel.sdata.* .rel.gnu.linkonce.s.*)
 *(.rela.sdata .rela.sdata.* .rela.gnu.linkonce.s.*)
 *(.rel.sbss .rel.sbss.* .rel.gnu.linkonce.sb.*)
 *(.rela.sbss .rela.sbss.* .rela.gnu.linkonce.sb.*)
 *(.rel.sdata2 .rel.sdata2.* .rel.gnu.linkonce.s2.*)
 *(.rela.sdata2 .rela.sdata2.* .rela.gnu.linkonce.s2.*)
 *(.rel.sbss2 .rel.sbss2.* .rel.gnu.linkonce.sb2.*)
 *(.rela.sbss2 .rela.sbss2.* .rela.gnu.linkonce.sb2.*)
 *(.rel.bss .rel.bss.* .rel.gnu.linkonce.b.*)
 *(.rela.bss .rela.bss.* .rela.gnu.linkonce.b.*)
 *(.rel.plt)
 *(.rela.plt)
 *(.rel.dyn)
 *(.init)
 *(.plt)
 *(.text .stub .text.* .gnu.linkonce.t.*)
 .text          0x000081b8       0x3c ../ComsTest1_bsp//obj/HAL/src/crt0.o
                0x000081b8                _start
 .text          0x000081f4       0x90 obj/default/hello_world.o
                0x000081f4                main
 .text          0x00008284       0x88 /opt/altera/13.1/nios2eds/bin/gnu/H-i686-pc-linux-gnu/bin/../lib/gcc/nios2-elf/4.7.3/../../../../../H-i686-pc-linux-gnu/nios2-elf/lib/mno-hw-mul/libsmallc.a(lib_a-printf.o)
                0x00008284                _printf_r
                0x000082c0                printf
 .text          0x0000830c      0x758 /opt/altera/13.1/nios2eds/bin/gnu/H-i686-pc-linux-gnu/bin/../lib/gcc/nios2-elf/4.7.3/../../../../../H-i686-pc-linux-gnu/nios2-elf/lib/mno-hw-mul/libsmallc.a(lib_a-vfprintf.o)
                0x0000830c                ___vfprintf_internal_r
                0x00008a40                __vfprintf_internal
 .text          0x00008a64       0xe0 /opt/altera/13.1/nios2eds/bin/gnu/H-i686-pc-linux-gnu/bin/../lib/gcc/nios2-elf/4.7.3/../../../../../H-i686-pc-linux-gnu/nios2-elf/lib/mno-hw-mul/libsmallc.a(lib_a-fvwrite_small_dev.o)
                0x00008a64                __sfvwrite_small_dev
 .text          0x00008b44        0x0 /opt/altera/13.1/nios2eds/bin/gnu/H-i686-pc-linux-gnu/bin/../lib/gcc/nios2-elf/4.7.3/../../../../../H-i686-pc-linux-gnu/nios2-elf/lib/mno-hw-mul/libsmallc.a(lib_a-impure.o)
 .text          0x00008b44       0x28 /opt/altera/13.1/nios2eds/bin/gnu/H-i686-pc-linux-gnu/bin/../lib/gcc/nios2-elf/4.7.3/../../../../../H-i686-pc-linux-gnu/nios2-elf/lib/mno-hw-mul/libsmallc.a(lib_a-strlen.o)
                0x00008b44                strlen
 .text          0x00008b6c       0x6c /opt/altera/13.1/nios2eds/bin/gnu/H-i686-pc-linux-gnu/bin/../lib/gcc/nios2-elf/4.7.3/../../../../../H-i686-pc-linux-gnu/nios2-elf/lib/mno-hw-mul/libsmallc.a(lib_a-writer.o)
                0x00008b6c                _write_r
 .text          0x00008bd8        0x0 /opt/altera/13.1/nios2eds/bin/gnu/H-i686-pc-linux-gnu/bin/../lib/gcc/nios2-elf/4.7.3/../../../../../H-i686-pc-linux-gnu/nios2-elf/lib/mno-hw-mul/libsmallc.a(lib_a-int_errno.o)
 .text          0x00008bd8      0x130 /opt/altera/13.1/nios2eds/bin/gnu/H-i686-pc-linux-gnu/bin/../lib/gcc/nios2-elf/4.7.3/mno-hw-mul/libgcc.a(lib2-divmod.o)
                0x00008c4c                __divsi3
                0x00008c9c                __modsi3
                0x00008cf8                __udivsi3
                0x00008d00                __umodsi3
 .text          0x00008d08       0x28 /opt/altera/13.1/nios2eds/bin/gnu/H-i686-pc-linux-gnu/bin/../lib/gcc/nios2-elf/4.7.3/mno-hw-mul/libgcc.a(lib2-mul.o)
                0x00008d08                __mulsi3
 .text          0x00008d30       0xec ../ComsTest1_bsp//libhal_bsp.a(alt_load.o)
                0x00008d9c                alt_load
 .text          0x00008e1c       0x68 ../ComsTest1_bsp//libhal_bsp.a(alt_main.o)
                0x00008e1c                alt_main
 .text          0x00008e84       0x30 ../ComsTest1_bsp//libhal_bsp.a(alt_usleep.o)
                0x00008e84                usleep
 .text          0x00008eb4      0x140 ../ComsTest1_bsp//libhal_bsp.a(alt_write.o)
                0x00008f04                write
 .text          0x00008ff4       0xc4 ../ComsTest1_bsp//libhal_bsp.a(alt_sys_init.o)
                0x0000902c                alt_irq_init
                0x00009060                alt_sys_init
 .text          0x000090b8       0xc0 ../ComsTest1_bsp//libhal_bsp.a(altera_avalon_jtag_uart_fd.o)
                0x000090b8                altera_avalon_jtag_uart_read_fd
                0x00009118                altera_avalon_jtag_uart_write_fd
 .text          0x00009178       0xf4 ../ComsTest1_bsp//libhal_bsp.a(altera_avalon_jtag_uart_read.o)
                0x00009178                altera_avalon_jtag_uart_read
 .text          0x0000926c       0x98 ../ComsTest1_bsp//libhal_bsp.a(altera_avalon_jtag_uart_write.o)
                0x0000926c                altera_avalon_jtag_uart_write
 .text          0x00009304       0xfc ../ComsTest1_bsp//libhal_bsp.a(altera_avalon_timer_sc.o)
                0x00009378                alt_avalon_timer_sc_init
 .text          0x00009400       0xc0 ../ComsTest1_bsp//libhal_bsp.a(altera_avalon_uart_fd.o)
                0x00009400                altera_avalon_uart_read_fd
                0x00009460                altera_avalon_uart_write_fd
 .text          0x000094c0      0x110 ../ComsTest1_bsp//libhal_bsp.a(altera_avalon_uart_read.o)
                0x00009510                altera_avalon_uart_read
 .text          0x000095d0      0x12c ../ComsTest1_bsp//libhal_bsp.a(altera_avalon_uart_write.o)
                0x00009620                altera_avalon_uart_write
 .text          0x000096fc      0x154 ../ComsTest1_bsp//libhal_bsp.a(alt_busy_sleep.o)
                0x000096fc                alt_busy_sleep
 .text          0x00009850      0x11c ../ComsTest1_bsp//libhal_bsp.a(alt_close.o)
                0x000098a0                close
 .text          0x0000996c       0x1c ../ComsTest1_bsp//libhal_bsp.a(alt_dcache_flush_all.o)
                0x0000996c                alt_dcache_flush_all
 .text          0x00009988       0x2c ../ComsTest1_bsp//libhal_bsp.a(alt_dev.o)
 .text          0x000099b4       0xf0 ../ComsTest1_bsp//libhal_bsp.a(alt_dev_llist_insert.o)
                0x00009a04                alt_dev_llist_insert
 .text          0x00009aa4        0x0 ../ComsTest1_bsp//libhal_bsp.a(alt_errno.o)
 .text          0x00009aa4       0x30 ../ComsTest1_bsp//libhal_bsp.a(alt_icache_flush_all.o)
                0x00009aa4                alt_icache_flush_all
 .text          0x00009ad4      0x1d8 ../ComsTest1_bsp//libhal_bsp.a(alt_iic.o)
                0x00009ad4                alt_ic_isr_register
                0x00009b24                alt_ic_irq_enable
                0x00009bc0                alt_ic_irq_disable
                0x00009c60                alt_ic_irq_enabled
 .text          0x00009cac       0xf0 ../ComsTest1_bsp//libhal_bsp.a(alt_iic_isr_register.o)
                0x00009cac                alt_iic_isr_register
 .text          0x00009d9c      0x158 ../ComsTest1_bsp//libhal_bsp.a(alt_io_redirect.o)
                0x00009e7c                alt_io_redirect
 .text          0x00009ef4        0x0 ../ComsTest1_bsp//libhal_bsp.a(alt_irq_entry.o)
 .text          0x00009ef4        0x0 ../ComsTest1_bsp//libhal_bsp.a(alt_irq_handler.o)
 .text          0x00009ef4        0x0 ../ComsTest1_bsp//libhal_bsp.a(alt_irq_vars.o)
 .text          0x00009ef4      0x298 ../ComsTest1_bsp//libhal_bsp.a(alt_open.o)
                0x0000a034                open
 .text          0x0000a18c       0x80 ../ComsTest1_bsp//libhal_bsp.a(alt_release_fd.o)
                0x0000a18c                alt_release_fd
 .text          0x0000a20c      0x19c ../ComsTest1_bsp//libhal_bsp.a(alt_tick.o)
                0x0000a20c                alt_alarm_stop
                0x0000a2a4                alt_tick
 .text          0x0000a3a8       0x20 ../ComsTest1_bsp//libhal_bsp.a(altera_nios2_qsys_irq.o)
                0x0000a3a8                altera_nios2_qsys_irq_init
 .text          0x0000a3c8        0x0 ../ComsTest1_bsp//libhal_bsp.a(alt_exception_entry.o)
 .text          0x0000a3c8       0x90 ../ComsTest1_bsp//libhal_bsp.a(alt_find_dev.o)
                0x0000a3c8                alt_find_dev
 .text          0x0000a458      0x114 ../ComsTest1_bsp//libhal_bsp.a(alt_find_file.o)
                0x0000a458                alt_find_file
 .text          0x0000a56c       0xd4 ../ComsTest1_bsp//libhal_bsp.a(alt_get_fd.o)
                0x0000a56c                alt_get_fd
 .text          0x0000a640       0x8c ../ComsTest1_bsp//libhal_bsp.a(alt_icache_flush.o)
                0x0000a640                alt_icache_flush
 .text          0x0000a6cc       0x20 /opt/altera/13.1/nios2eds/bin/gnu/H-i686-pc-linux-gnu/bin/../lib/gcc/nios2-elf/4.7.3/../../../../../H-i686-pc-linux-gnu/nios2-elf/lib/mno-hw-mul/libsmallc.a(lib_a-exit.o)
                0x0000a6cc                exit
 .text          0x0000a6ec       0x48 /opt/altera/13.1/nios2eds/bin/gnu/H-i686-pc-linux-gnu/bin/../lib/gcc/nios2-elf/4.7.3/../../../../../H-i686-pc-linux-gnu/nios2-elf/lib/mno-hw-mul/libsmallc.a(lib_a-memcmp.o)
                0x0000a6ec                memcmp
 .text          0x0000a734      0x1d8 /opt/altera/13.1/nios2eds/bin/gnu/H-i686-pc-linux-gnu/bin/../lib/gcc/nios2-elf/4.7.3/../../../../../H-i686-pc-linux-gnu/nios2-elf/lib/mno-hw-mul/libsmallc.a(lib_a-__call_atexit.o)
                0x0000a734                __call_exitprocs
 .text          0x0000a90c       0x3c ../ComsTest1_bsp//libhal_bsp.a(alt_exit.o)
                0x0000a90c                _exit
 *(.gnu.warning.*)
 *(.fini)
                0x0000a948                PROVIDE (__etext, ABSOLUTE (.))
                0x0000a948                PROVIDE (_etext, ABSOLUTE (.))
                0x0000a948                PROVIDE (etext, ABSOLUTE (.))
 *(.eh_frame_hdr)
                0x0000a948                . = ALIGN (0x4)
                0x0000a948                PROVIDE (__preinit_array_start, ABSOLUTE (.))
 *(.preinit_array)
                0x0000a948                PROVIDE (__preinit_array_end, ABSOLUTE (.))
                0x0000a948                PROVIDE (__init_array_start, ABSOLUTE (.))
 *(.init_array)
                0x0000a948                PROVIDE (__init_array_end, ABSOLUTE (.))
                0x0000a948                PROVIDE (__fini_array_start, ABSOLUTE (.))
 *(.fini_array)
                0x0000a948                PROVIDE (__fini_array_end, ABSOLUTE (.))
 *(.eh_frame)
 *(.gcc_except_table .gcc_except_table.*)
 *(.dynamic)
                0x0000a948                PROVIDE (__CTOR_LIST__, ABSOLUTE (.))
 *(.ctors)
 *(SORT(.ctors.*))
                0x0000a948                PROVIDE (__CTOR_END__, ABSOLUTE (.))
                0x0000a948                PROVIDE (__DTOR_LIST__, ABSOLUTE (.))
 *(.dtors)
 *(SORT(.dtors.*))
                0x0000a948                PROVIDE (__DTOR_END__, ABSOLUTE (.))
 *(.jcr)
                0x0000a948                . = ALIGN (0x4)

.rodata         0x0000a948       0x40
                0x0000a948                PROVIDE (__ram_rodata_start, ABSOLUTE (.))
                0x0000a948                . = ALIGN (0x4)
 *(.rodata .rodata.* .gnu.linkonce.r.*)
 .rodata        0x0000a948        0x8 obj/default/hello_world.o
 .rodata        0x0000a950       0x10 ../ComsTest1_bsp//libhal_bsp.a(alt_main.o)
 .rodata        0x0000a960       0x1c ../ComsTest1_bsp//libhal_bsp.a(alt_sys_init.o)
 .rodata        0x0000a97c        0xc ../ComsTest1_bsp//libhal_bsp.a(alt_dev.o)
 *(.rodata1)
                0x0000a988                . = ALIGN (0x4)
                0x0000a988                PROVIDE (__ram_rodata_end, ABSOLUTE (.))
                0x0000a948                PROVIDE (__flash_rodata_start, LOADADDR (.rodata))

.rwdata         0x0000a988      0x30c load address 0x0000ac94
                0x0000a988                PROVIDE (__ram_rwdata_start, ABSOLUTE (.))
                0x0000a988                . = ALIGN (0x4)
 *(.got.plt)
 *(.got)
 *(.data1)
 *(.data .data.* .gnu.linkonce.d.*)
 .data          0x0000a988        0x0 ../ComsTest1_bsp//obj/HAL/src/crt0.o
 .data          0x0000a988        0x0 obj/default/hello_world.o
 .data          0x0000a988        0x0 /opt/altera/13.1/nios2eds/bin/gnu/H-i686-pc-linux-gnu/bin/../lib/gcc/nios2-elf/4.7.3/../../../../../H-i686-pc-linux-gnu/nios2-elf/lib/mno-hw-mul/libsmallc.a(lib_a-printf.o)
 .data          0x0000a988        0x0 /opt/altera/13.1/nios2eds/bin/gnu/H-i686-pc-linux-gnu/bin/../lib/gcc/nios2-elf/4.7.3/../../../../../H-i686-pc-linux-gnu/nios2-elf/lib/mno-hw-mul/libsmallc.a(lib_a-vfprintf.o)
 .data          0x0000a988        0x0 /opt/altera/13.1/nios2eds/bin/gnu/H-i686-pc-linux-gnu/bin/../lib/gcc/nios2-elf/4.7.3/../../../../../H-i686-pc-linux-gnu/nios2-elf/lib/mno-hw-mul/libsmallc.a(lib_a-fvwrite_small_dev.o)
 .data          0x0000a988       0xe0 /opt/altera/13.1/nios2eds/bin/gnu/H-i686-pc-linux-gnu/bin/../lib/gcc/nios2-elf/4.7.3/../../../../../H-i686-pc-linux-gnu/nios2-elf/lib/mno-hw-mul/libsmallc.a(lib_a-impure.o)
 .data          0x0000aa68        0x0 /opt/altera/13.1/nios2eds/bin/gnu/H-i686-pc-linux-gnu/bin/../lib/gcc/nios2-elf/4.7.3/../../../../../H-i686-pc-linux-gnu/nios2-elf/lib/mno-hw-mul/libsmallc.a(lib_a-strlen.o)
 .data          0x0000aa68        0x0 /opt/altera/13.1/nios2eds/bin/gnu/H-i686-pc-linux-gnu/bin/../lib/gcc/nios2-elf/4.7.3/../../../../../H-i686-pc-linux-gnu/nios2-elf/lib/mno-hw-mul/libsmallc.a(lib_a-writer.o)
 .data          0x0000aa68        0x0 /opt/altera/13.1/nios2eds/bin/gnu/H-i686-pc-linux-gnu/bin/../lib/gcc/nios2-elf/4.7.3/../../../../../H-i686-pc-linux-gnu/nios2-elf/lib/mno-hw-mul/libsmallc.a(lib_a-int_errno.o)
 .data          0x0000aa68        0x0 /opt/altera/13.1/nios2eds/bin/gnu/H-i686-pc-linux-gnu/bin/../lib/gcc/nios2-elf/4.7.3/mno-hw-mul/libgcc.a(lib2-divmod.o)
 .data          0x0000aa68        0x0 /opt/altera/13.1/nios2eds/bin/gnu/H-i686-pc-linux-gnu/bin/../lib/gcc/nios2-elf/4.7.3/mno-hw-mul/libgcc.a(lib2-mul.o)
 .data          0x0000aa68        0x0 ../ComsTest1_bsp//libhal_bsp.a(alt_load.o)
 .data          0x0000aa68        0x0 ../ComsTest1_bsp//libhal_bsp.a(alt_main.o)
 .data          0x0000aa68        0x0 ../ComsTest1_bsp//libhal_bsp.a(alt_usleep.o)
 .data          0x0000aa68        0x0 ../ComsTest1_bsp//libhal_bsp.a(alt_write.o)
 .data          0x0000aa68       0x58 ../ComsTest1_bsp//libhal_bsp.a(alt_sys_init.o)
 .data          0x0000aac0        0x0 ../ComsTest1_bsp//libhal_bsp.a(altera_avalon_jtag_uart_fd.o)
 .data          0x0000aac0        0x0 ../ComsTest1_bsp//libhal_bsp.a(altera_avalon_jtag_uart_read.o)
 .data          0x0000aac0        0x0 ../ComsTest1_bsp//libhal_bsp.a(altera_avalon_jtag_uart_write.o)
 .data          0x0000aac0        0x0 ../ComsTest1_bsp//libhal_bsp.a(altera_avalon_timer_sc.o)
 .data          0x0000aac0        0x0 ../ComsTest1_bsp//libhal_bsp.a(altera_avalon_uart_fd.o)
 .data          0x0000aac0        0x0 ../ComsTest1_bsp//libhal_bsp.a(altera_avalon_uart_read.o)
 .data          0x0000aac0        0x0 ../ComsTest1_bsp//libhal_bsp.a(altera_avalon_uart_write.o)
 .data          0x0000aac0        0x0 ../ComsTest1_bsp//libhal_bsp.a(alt_busy_sleep.o)
 .data          0x0000aac0        0x0 ../ComsTest1_bsp//libhal_bsp.a(alt_close.o)
 .data          0x0000aac0        0x0 ../ComsTest1_bsp//libhal_bsp.a(alt_dcache_flush_all.o)
 .data          0x0000aac0      0x1a8 ../ComsTest1_bsp//libhal_bsp.a(alt_dev.o)
                0x0000aac0                alt_dev_null
                0x0000aae8                alt_fd_list
 .data          0x0000ac68        0x0 ../ComsTest1_bsp//libhal_bsp.a(alt_dev_llist_insert.o)
 .data          0x0000ac68        0x0 ../ComsTest1_bsp//libhal_bsp.a(alt_errno.o)
 .data          0x0000ac68        0x0 ../ComsTest1_bsp//libhal_bsp.a(alt_icache_flush_all.o)
 .data          0x0000ac68        0x0 ../ComsTest1_bsp//libhal_bsp.a(alt_iic.o)
 .data          0x0000ac68        0x0 ../ComsTest1_bsp//libhal_bsp.a(alt_iic_isr_register.o)
 .data          0x0000ac68        0x0 ../ComsTest1_bsp//libhal_bsp.a(alt_io_redirect.o)
 .data          0x0000ac68        0x0 ../ComsTest1_bsp//libhal_bsp.a(alt_irq_entry.o)
 .data          0x0000ac68        0x0 ../ComsTest1_bsp//libhal_bsp.a(alt_irq_handler.o)
 .data          0x0000ac68        0x0 ../ComsTest1_bsp//libhal_bsp.a(alt_irq_vars.o)
 .data          0x0000ac68        0x0 ../ComsTest1_bsp//libhal_bsp.a(alt_open.o)
 .data          0x0000ac68        0x0 ../ComsTest1_bsp//libhal_bsp.a(alt_release_fd.o)
 .data          0x0000ac68        0x0 ../ComsTest1_bsp//libhal_bsp.a(alt_tick.o)
 .data          0x0000ac68        0x0 ../ComsTest1_bsp//libhal_bsp.a(altera_nios2_qsys_irq.o)
 .data          0x0000ac68        0x0 ../ComsTest1_bsp//libhal_bsp.a(alt_exception_entry.o)
 .data          0x0000ac68        0x0 ../ComsTest1_bsp//libhal_bsp.a(alt_find_dev.o)
 .data          0x0000ac68        0x0 ../ComsTest1_bsp//libhal_bsp.a(alt_find_file.o)
 .data          0x0000ac68        0x0 ../ComsTest1_bsp//libhal_bsp.a(alt_get_fd.o)
 .data          0x0000ac68        0x0 ../ComsTest1_bsp//libhal_bsp.a(alt_icache_flush.o)
 .data          0x0000ac68        0x0 /opt/altera/13.1/nios2eds/bin/gnu/H-i686-pc-linux-gnu/bin/../lib/gcc/nios2-elf/4.7.3/../../../../../H-i686-pc-linux-gnu/nios2-elf/lib/mno-hw-mul/libsmallc.a(lib_a-exit.o)
 .data          0x0000ac68        0x0 /opt/altera/13.1/nios2eds/bin/gnu/H-i686-pc-linux-gnu/bin/../lib/gcc/nios2-elf/4.7.3/../../../../../H-i686-pc-linux-gnu/nios2-elf/lib/mno-hw-mul/libsmallc.a(lib_a-memcmp.o)
 .data          0x0000ac68        0x0 /opt/altera/13.1/nios2eds/bin/gnu/H-i686-pc-linux-gnu/bin/../lib/gcc/nios2-elf/4.7.3/../../../../../H-i686-pc-linux-gnu/nios2-elf/lib/mno-hw-mul/libsmallc.a(lib_a-__call_atexit.o)
 .data          0x0000ac68        0x0 ../ComsTest1_bsp//libhal_bsp.a(alt_exit.o)
                0x00012c68                _gp = ABSOLUTE ((. + 0x8000))
                0x00012c68                PROVIDE (gp, _gp)
 *(.rwdata .rwdata.*)
 *(.sdata .sdata.* .gnu.linkonce.s.*)
 .sdata         0x0000ac68        0x8 /opt/altera/13.1/nios2eds/bin/gnu/H-i686-pc-linux-gnu/bin/../lib/gcc/nios2-elf/4.7.3/../../../../../H-i686-pc-linux-gnu/nios2-elf/lib/mno-hw-mul/libsmallc.a(lib_a-impure.o)
                0x0000ac68                _global_impure_ptr
                0x0000ac6c                _impure_ptr
 .sdata         0x0000ac70       0x14 ../ComsTest1_bsp//libhal_bsp.a(alt_dev.o)
                0x0000ac70                alt_fs_list
                0x0000ac78                alt_dev_list
                0x0000ac80                alt_max_fd
 .sdata         0x0000ac84        0x4 ../ComsTest1_bsp//libhal_bsp.a(alt_errno.o)
                0x0000ac84                alt_errno
 .sdata         0x0000ac88        0x4 ../ComsTest1_bsp//libhal_bsp.a(alt_irq_vars.o)
                0x0000ac88                alt_priority_mask
 .sdata         0x0000ac8c        0x8 ../ComsTest1_bsp//libhal_bsp.a(alt_tick.o)
                0x0000ac8c                alt_alarm_list
 *(.sdata2 .sdata2.* .gnu.linkonce.s2.*)
                0x0000ac94                . = ALIGN (0x4)
                0x0000ac94                _edata = ABSOLUTE (.)
                0x0000ac94                PROVIDE (edata, ABSOLUTE (.))
                0x0000ac94                PROVIDE (__ram_rwdata_end, ABSOLUTE (.))
                0x0000ac94                PROVIDE (__flash_rwdata_start, LOADADDR (.rwdata))

.bss            0x0000afa0      0x11c
                0x0000afa0                __bss_start = ABSOLUTE (.)
                0x0000afa0                PROVIDE (__sbss_start, ABSOLUTE (.))
                0x0000afa0                PROVIDE (___sbss_start, ABSOLUTE (.))
 *(.dynsbss)
 *(.sbss .sbss.* .gnu.linkonce.sb.*)
 .sbss          0x0000afa0        0x4 /opt/altera/13.1/nios2eds/bin/gnu/H-i686-pc-linux-gnu/bin/../lib/gcc/nios2-elf/4.7.3/../../../../../H-i686-pc-linux-gnu/nios2-elf/lib/mno-hw-mul/libsmallc.a(lib_a-int_errno.o)
                0x0000afa0                errno
 .sbss          0x0000afa4        0xc ../ComsTest1_bsp//libhal_bsp.a(alt_main.o)
                0x0000afa4                alt_argc
                0x0000afa8                alt_argv
                0x0000afac                alt_envp
 .sbss          0x0000afb0        0x4 ../ComsTest1_bsp//libhal_bsp.a(alt_irq_vars.o)
                0x0000afb0                alt_irq_active
 .sbss          0x0000afb4        0x8 ../ComsTest1_bsp//libhal_bsp.a(alt_tick.o)
                0x0000afb4                _alt_tick_rate
                0x0000afb8                _alt_nticks
 *(.sbss2 .sbss2.* .gnu.linkonce.sb2.*)
 *(.scommon)
                0x0000afbc                PROVIDE (__sbss_end, ABSOLUTE (.))
                0x0000afbc                PROVIDE (___sbss_end, ABSOLUTE (.))
 *(.dynbss)
 *(.bss .bss.* .gnu.linkonce.b.*)
 .bss           0x0000afbc        0x0 ../ComsTest1_bsp//obj/HAL/src/crt0.o
 .bss           0x0000afbc        0x0 obj/default/hello_world.o
 .bss           0x0000afbc        0x0 /opt/altera/13.1/nios2eds/bin/gnu/H-i686-pc-linux-gnu/bin/../lib/gcc/nios2-elf/4.7.3/../../../../../H-i686-pc-linux-gnu/nios2-elf/lib/mno-hw-mul/libsmallc.a(lib_a-printf.o)
 .bss           0x0000afbc        0x0 /opt/altera/13.1/nios2eds/bin/gnu/H-i686-pc-linux-gnu/bin/../lib/gcc/nios2-elf/4.7.3/../../../../../H-i686-pc-linux-gnu/nios2-elf/lib/mno-hw-mul/libsmallc.a(lib_a-vfprintf.o)
 .bss           0x0000afbc        0x0 /opt/altera/13.1/nios2eds/bin/gnu/H-i686-pc-linux-gnu/bin/../lib/gcc/nios2-elf/4.7.3/../../../../../H-i686-pc-linux-gnu/nios2-elf/lib/mno-hw-mul/libsmallc.a(lib_a-fvwrite_small_dev.o)
 .bss           0x0000afbc        0x0 /opt/altera/13.1/nios2eds/bin/gnu/H-i686-pc-linux-gnu/bin/../lib/gcc/nios2-elf/4.7.3/../../../../../H-i686-pc-linux-gnu/nios2-elf/lib/mno-hw-mul/libsmallc.a(lib_a-impure.o)
 .bss           0x0000afbc        0x0 /opt/altera/13.1/nios2eds/bin/gnu/H-i686-pc-linux-gnu/bin/../lib/gcc/nios2-elf/4.7.3/../../../../../H-i686-pc-linux-gnu/nios2-elf/lib/mno-hw-mul/libsmallc.a(lib_a-strlen.o)
 .bss           0x0000afbc        0x0 /opt/altera/13.1/nios2eds/bin/gnu/H-i686-pc-linux-gnu/bin/../lib/gcc/nios2-elf/4.7.3/../../../../../H-i686-pc-linux-gnu/nios2-elf/lib/mno-hw-mul/libsmallc.a(lib_a-writer.o)
 .bss           0x0000afbc        0x0 /opt/altera/13.1/nios2eds/bin/gnu/H-i686-pc-linux-gnu/bin/../lib/gcc/nios2-elf/4.7.3/../../../../../H-i686-pc-linux-gnu/nios2-elf/lib/mno-hw-mul/libsmallc.a(lib_a-int_errno.o)
 .bss           0x0000afbc        0x0 /opt/altera/13.1/nios2eds/bin/gnu/H-i686-pc-linux-gnu/bin/../lib/gcc/nios2-elf/4.7.3/mno-hw-mul/libgcc.a(lib2-divmod.o)
 .bss           0x0000afbc        0x0 /opt/altera/13.1/nios2eds/bin/gnu/H-i686-pc-linux-gnu/bin/../lib/gcc/nios2-elf/4.7.3/mno-hw-mul/libgcc.a(lib2-mul.o)
 .bss           0x0000afbc        0x0 ../ComsTest1_bsp//libhal_bsp.a(alt_load.o)
 .bss           0x0000afbc        0x0 ../ComsTest1_bsp//libhal_bsp.a(alt_main.o)
 .bss           0x0000afbc        0x0 ../ComsTest1_bsp//libhal_bsp.a(alt_usleep.o)
 .bss           0x0000afbc        0x0 ../ComsTest1_bsp//libhal_bsp.a(alt_write.o)
 .bss           0x0000afbc        0x0 ../ComsTest1_bsp//libhal_bsp.a(alt_sys_init.o)
 .bss           0x0000afbc        0x0 ../ComsTest1_bsp//libhal_bsp.a(altera_avalon_jtag_uart_fd.o)
 .bss           0x0000afbc        0x0 ../ComsTest1_bsp//libhal_bsp.a(altera_avalon_jtag_uart_read.o)
 .bss           0x0000afbc        0x0 ../ComsTest1_bsp//libhal_bsp.a(altera_avalon_jtag_uart_write.o)
 .bss           0x0000afbc        0x0 ../ComsTest1_bsp//libhal_bsp.a(altera_avalon_timer_sc.o)
 .bss           0x0000afbc        0x0 ../ComsTest1_bsp//libhal_bsp.a(altera_avalon_uart_fd.o)
 .bss           0x0000afbc        0x0 ../ComsTest1_bsp//libhal_bsp.a(altera_avalon_uart_read.o)
 .bss           0x0000afbc        0x0 ../ComsTest1_bsp//libhal_bsp.a(altera_avalon_uart_write.o)
 .bss           0x0000afbc        0x0 ../ComsTest1_bsp//libhal_bsp.a(alt_busy_sleep.o)
 .bss           0x0000afbc        0x0 ../ComsTest1_bsp//libhal_bsp.a(alt_close.o)
 .bss           0x0000afbc        0x0 ../ComsTest1_bsp//libhal_bsp.a(alt_dcache_flush_all.o)
 .bss           0x0000afbc        0x0 ../ComsTest1_bsp//libhal_bsp.a(alt_dev.o)
 .bss           0x0000afbc        0x0 ../ComsTest1_bsp//libhal_bsp.a(alt_dev_llist_insert.o)
 .bss           0x0000afbc        0x0 ../ComsTest1_bsp//libhal_bsp.a(alt_errno.o)
 .bss           0x0000afbc        0x0 ../ComsTest1_bsp//libhal_bsp.a(alt_icache_flush_all.o)
 .bss           0x0000afbc        0x0 ../ComsTest1_bsp//libhal_bsp.a(alt_iic.o)
 .bss           0x0000afbc        0x0 ../ComsTest1_bsp//libhal_bsp.a(alt_iic_isr_register.o)
 .bss           0x0000afbc        0x0 ../ComsTest1_bsp//libhal_bsp.a(alt_io_redirect.o)
 .bss           0x0000afbc        0x0 ../ComsTest1_bsp//libhal_bsp.a(alt_irq_entry.o)
 .bss           0x0000afbc        0x0 ../ComsTest1_bsp//libhal_bsp.a(alt_irq_handler.o)
 .bss           0x0000afbc        0x0 ../ComsTest1_bsp//libhal_bsp.a(alt_irq_vars.o)
 .bss           0x0000afbc        0x0 ../ComsTest1_bsp//libhal_bsp.a(alt_open.o)
 .bss           0x0000afbc        0x0 ../ComsTest1_bsp//libhal_bsp.a(alt_release_fd.o)
 .bss           0x0000afbc        0x0 ../ComsTest1_bsp//libhal_bsp.a(alt_tick.o)
 .bss           0x0000afbc        0x0 ../ComsTest1_bsp//libhal_bsp.a(altera_nios2_qsys_irq.o)
 .bss           0x0000afbc        0x0 ../ComsTest1_bsp//libhal_bsp.a(alt_exception_entry.o)
 .bss           0x0000afbc        0x0 ../ComsTest1_bsp//libhal_bsp.a(alt_find_dev.o)
 .bss           0x0000afbc        0x0 ../ComsTest1_bsp//libhal_bsp.a(alt_find_file.o)
 .bss           0x0000afbc        0x0 ../ComsTest1_bsp//libhal_bsp.a(alt_get_fd.o)
 .bss           0x0000afbc        0x0 ../ComsTest1_bsp//libhal_bsp.a(alt_icache_flush.o)
 .bss           0x0000afbc        0x0 /opt/altera/13.1/nios2eds/bin/gnu/H-i686-pc-linux-gnu/bin/../lib/gcc/nios2-elf/4.7.3/../../../../../H-i686-pc-linux-gnu/nios2-elf/lib/mno-hw-mul/libsmallc.a(lib_a-exit.o)
 .bss           0x0000afbc        0x0 /opt/altera/13.1/nios2eds/bin/gnu/H-i686-pc-linux-gnu/bin/../lib/gcc/nios2-elf/4.7.3/../../../../../H-i686-pc-linux-gnu/nios2-elf/lib/mno-hw-mul/libsmallc.a(lib_a-memcmp.o)
 .bss           0x0000afbc        0x0 /opt/altera/13.1/nios2eds/bin/gnu/H-i686-pc-linux-gnu/bin/../lib/gcc/nios2-elf/4.7.3/../../../../../H-i686-pc-linux-gnu/nios2-elf/lib/mno-hw-mul/libsmallc.a(lib_a-__call_atexit.o)
 .bss           0x0000afbc        0x0 ../ComsTest1_bsp//libhal_bsp.a(alt_exit.o)
 *(COMMON)
 COMMON         0x0000afbc      0x100 ../ComsTest1_bsp//libhal_bsp.a(alt_irq_handler.o)
                0x0000afbc                alt_irq
                0x0000b0bc                . = ALIGN (0x4)
                0x0000b0bc                __bss_end = ABSOLUTE (.)

.onchip_mem     0x0000b0bc        0x0
                0x0000b0bc                PROVIDE (_alt_partition_onchip_mem_start, ABSOLUTE (.))
 *(.onchip_mem .onchip_mem. onchip_mem.*)
                0x0000b0bc                . = ALIGN (0x4)
                0x0000b0bc                PROVIDE (_alt_partition_onchip_mem_end, ABSOLUTE (.))
                0x0000b0bc                _end = ABSOLUTE (.)
                0x0000b0bc                end = ABSOLUTE (.)
                0x0000b0bc                __alt_stack_base = ABSOLUTE (.)
                0x0000b0bc                PROVIDE (_alt_partition_onchip_mem_load_addr, LOADADDR (.onchip_mem))

.stab
 *(.stab)

.stabstr
 *(.stabstr)

.stab.excl
 *(.stab.excl)

.stab.exclstr
 *(.stab.exclstr)

.stab.index
 *(.stab.index)

.stab.indexstr
 *(.stab.indexstr)

.comment        0x00000000       0x23
 *(.comment)
 .comment       0x00000000       0x23 obj/default/hello_world.o
                                 0x24 (size before relaxing)
 .comment       0x00000000       0x24 /opt/altera/13.1/nios2eds/bin/gnu/H-i686-pc-linux-gnu/bin/../lib/gcc/nios2-elf/4.7.3/../../../../../H-i686-pc-linux-gnu/nios2-elf/lib/mno-hw-mul/libsmallc.a(lib_a-printf.o)
 .comment       0x00000000       0x24 /opt/altera/13.1/nios2eds/bin/gnu/H-i686-pc-linux-gnu/bin/../lib/gcc/nios2-elf/4.7.3/../../../../../H-i686-pc-linux-gnu/nios2-elf/lib/mno-hw-mul/libsmallc.a(lib_a-vfprintf.o)
 .comment       0x00000000       0x24 /opt/altera/13.1/nios2eds/bin/gnu/H-i686-pc-linux-gnu/bin/../lib/gcc/nios2-elf/4.7.3/../../../../../H-i686-pc-linux-gnu/nios2-elf/lib/mno-hw-mul/libsmallc.a(lib_a-fvwrite_small_dev.o)
 .comment       0x00000000       0x24 /opt/altera/13.1/nios2eds/bin/gnu/H-i686-pc-linux-gnu/bin/../lib/gcc/nios2-elf/4.7.3/../../../../../H-i686-pc-linux-gnu/nios2-elf/lib/mno-hw-mul/libsmallc.a(lib_a-impure.o)
 .comment       0x00000000       0x24 /opt/altera/13.1/nios2eds/bin/gnu/H-i686-pc-linux-gnu/bin/../lib/gcc/nios2-elf/4.7.3/../../../../../H-i686-pc-linux-gnu/nios2-elf/lib/mno-hw-mul/libsmallc.a(lib_a-strlen.o)
 .comment       0x00000000       0x24 /opt/altera/13.1/nios2eds/bin/gnu/H-i686-pc-linux-gnu/bin/../lib/gcc/nios2-elf/4.7.3/../../../../../H-i686-pc-linux-gnu/nios2-elf/lib/mno-hw-mul/libsmallc.a(lib_a-writer.o)
 .comment       0x00000000       0x24 /opt/altera/13.1/nios2eds/bin/gnu/H-i686-pc-linux-gnu/bin/../lib/gcc/nios2-elf/4.7.3/../../../../../H-i686-pc-linux-gnu/nios2-elf/lib/mno-hw-mul/libsmallc.a(lib_a-int_errno.o)
 .comment       0x00000000       0x24 /opt/altera/13.1/nios2eds/bin/gnu/H-i686-pc-linux-gnu/bin/../lib/gcc/nios2-elf/4.7.3/mno-hw-mul/libgcc.a(lib2-divmod.o)
 .comment       0x00000000       0x24 /opt/altera/13.1/nios2eds/bin/gnu/H-i686-pc-linux-gnu/bin/../lib/gcc/nios2-elf/4.7.3/mno-hw-mul/libgcc.a(lib2-mul.o)
 .comment       0x00000000       0x24 ../ComsTest1_bsp//libhal_bsp.a(alt_load.o)
 .comment       0x00000000       0x24 ../ComsTest1_bsp//libhal_bsp.a(alt_main.o)
 .comment       0x00000000       0x24 ../ComsTest1_bsp//libhal_bsp.a(alt_usleep.o)
 .comment       0x00000000       0x24 ../ComsTest1_bsp//libhal_bsp.a(alt_write.o)
 .comment       0x00000000       0x24 ../ComsTest1_bsp//libhal_bsp.a(alt_sys_init.o)
 .comment       0x00000000       0x24 ../ComsTest1_bsp//libhal_bsp.a(altera_avalon_jtag_uart_fd.o)
 .comment       0x00000000       0x24 ../ComsTest1_bsp//libhal_bsp.a(altera_avalon_jtag_uart_read.o)
 .comment       0x00000000       0x24 ../ComsTest1_bsp//libhal_bsp.a(altera_avalon_jtag_uart_write.o)
 .comment       0x00000000       0x24 ../ComsTest1_bsp//libhal_bsp.a(altera_avalon_timer_sc.o)
 .comment       0x00000000       0x24 ../ComsTest1_bsp//libhal_bsp.a(altera_avalon_uart_fd.o)
 .comment       0x00000000       0x24 ../ComsTest1_bsp//libhal_bsp.a(altera_avalon_uart_read.o)
 .comment       0x00000000       0x24 ../ComsTest1_bsp//libhal_bsp.a(altera_avalon_uart_write.o)
 .comment       0x00000000       0x24 ../ComsTest1_bsp//libhal_bsp.a(alt_busy_sleep.o)
 .comment       0x00000000       0x24 ../ComsTest1_bsp//libhal_bsp.a(alt_close.o)
 .comment       0x00000000       0x24 ../ComsTest1_bsp//libhal_bsp.a(alt_dcache_flush_all.o)
 .comment       0x00000000       0x24 ../ComsTest1_bsp//libhal_bsp.a(alt_dev.o)
 .comment       0x00000000       0x24 ../ComsTest1_bsp//libhal_bsp.a(alt_dev_llist_insert.o)
 .comment       0x00000000       0x24 ../ComsTest1_bsp//libhal_bsp.a(alt_errno.o)
 .comment       0x00000000       0x24 ../ComsTest1_bsp//libhal_bsp.a(alt_icache_flush_all.o)
 .comment       0x00000000       0x24 ../ComsTest1_bsp//libhal_bsp.a(alt_iic.o)
 .comment       0x00000000       0x24 ../ComsTest1_bsp//libhal_bsp.a(alt_iic_isr_register.o)
 .comment       0x00000000       0x24 ../ComsTest1_bsp//libhal_bsp.a(alt_io_redirect.o)
 .comment       0x00000000       0x24 ../ComsTest1_bsp//libhal_bsp.a(alt_irq_handler.o)
 .comment       0x00000000       0x24 ../ComsTest1_bsp//libhal_bsp.a(alt_irq_vars.o)
 .comment       0x00000000       0x24 ../ComsTest1_bsp//libhal_bsp.a(alt_open.o)
 .comment       0x00000000       0x24 ../ComsTest1_bsp//libhal_bsp.a(alt_release_fd.o)
 .comment       0x00000000       0x24 ../ComsTest1_bsp//libhal_bsp.a(alt_tick.o)
 .comment       0x00000000       0x24 ../ComsTest1_bsp//libhal_bsp.a(altera_nios2_qsys_irq.o)
 .comment       0x00000000       0x24 ../ComsTest1_bsp//libhal_bsp.a(alt_find_dev.o)
 .comment       0x00000000       0x24 ../ComsTest1_bsp//libhal_bsp.a(alt_find_file.o)
 .comment       0x00000000       0x24 ../ComsTest1_bsp//libhal_bsp.a(alt_get_fd.o)
 .comment       0x00000000       0x24 ../ComsTest1_bsp//libhal_bsp.a(alt_icache_flush.o)
 .comment       0x00000000       0x24 /opt/altera/13.1/nios2eds/bin/gnu/H-i686-pc-linux-gnu/bin/../lib/gcc/nios2-elf/4.7.3/../../../../../H-i686-pc-linux-gnu/nios2-elf/lib/mno-hw-mul/libsmallc.a(lib_a-exit.o)
 .comment       0x00000000       0x24 /opt/altera/13.1/nios2eds/bin/gnu/H-i686-pc-linux-gnu/bin/../lib/gcc/nios2-elf/4.7.3/../../../../../H-i686-pc-linux-gnu/nios2-elf/lib/mno-hw-mul/libsmallc.a(lib_a-memcmp.o)
 .comment       0x00000000       0x24 /opt/altera/13.1/nios2eds/bin/gnu/H-i686-pc-linux-gnu/bin/../lib/gcc/nios2-elf/4.7.3/../../../../../H-i686-pc-linux-gnu/nios2-elf/lib/mno-hw-mul/libsmallc.a(lib_a-__call_atexit.o)
 .comment       0x00000000       0x24 ../ComsTest1_bsp//libhal_bsp.a(alt_exit.o)

.debug
 *(.debug)

.line
 *(.line)

.debug_srcinfo
 *(.debug_srcinfo)

.debug_sfnames
 *(.debug_sfnames)

.debug_aranges  0x00000000      0x630
 *(.debug_aranges)
 .debug_aranges
                0x00000000       0x28 ../ComsTest1_bsp//obj/HAL/src/crt0.o
 .debug_aranges
                0x00000028       0x20 obj/default/hello_world.o
 .debug_aranges
                0x00000048       0x20 /opt/altera/13.1/nios2eds/bin/gnu/H-i686-pc-linux-gnu/bin/../lib/gcc/nios2-elf/4.7.3/../../../../../H-i686-pc-linux-gnu/nios2-elf/lib/mno-hw-mul/libsmallc.a(lib_a-printf.o)
 .debug_aranges
                0x00000068       0x20 /opt/altera/13.1/nios2eds/bin/gnu/H-i686-pc-linux-gnu/bin/../lib/gcc/nios2-elf/4.7.3/../../../../../H-i686-pc-linux-gnu/nios2-elf/lib/mno-hw-mul/libsmallc.a(lib_a-vfprintf.o)
 .debug_aranges
                0x00000088       0x20 /opt/altera/13.1/nios2eds/bin/gnu/H-i686-pc-linux-gnu/bin/../lib/gcc/nios2-elf/4.7.3/../../../../../H-i686-pc-linux-gnu/nios2-elf/lib/mno-hw-mul/libsmallc.a(lib_a-fvwrite_small_dev.o)
 .debug_aranges
                0x000000a8       0x18 /opt/altera/13.1/nios2eds/bin/gnu/H-i686-pc-linux-gnu/bin/../lib/gcc/nios2-elf/4.7.3/../../../../../H-i686-pc-linux-gnu/nios2-elf/lib/mno-hw-mul/libsmallc.a(lib_a-impure.o)
 .debug_aranges
                0x000000c0       0x20 /opt/altera/13.1/nios2eds/bin/gnu/H-i686-pc-linux-gnu/bin/../lib/gcc/nios2-elf/4.7.3/../../../../../H-i686-pc-linux-gnu/nios2-elf/lib/mno-hw-mul/libsmallc.a(lib_a-strlen.o)
 .debug_aranges
                0x000000e0       0x20 /opt/altera/13.1/nios2eds/bin/gnu/H-i686-pc-linux-gnu/bin/../lib/gcc/nios2-elf/4.7.3/../../../../../H-i686-pc-linux-gnu/nios2-elf/lib/mno-hw-mul/libsmallc.a(lib_a-writer.o)
 .debug_aranges
                0x00000100       0x18 /opt/altera/13.1/nios2eds/bin/gnu/H-i686-pc-linux-gnu/bin/../lib/gcc/nios2-elf/4.7.3/../../../../../H-i686-pc-linux-gnu/nios2-elf/lib/mno-hw-mul/libsmallc.a(lib_a-int_errno.o)
 .debug_aranges
                0x00000118       0x20 /opt/altera/13.1/nios2eds/bin/gnu/H-i686-pc-linux-gnu/bin/../lib/gcc/nios2-elf/4.7.3/mno-hw-mul/libgcc.a(lib2-divmod.o)
 .debug_aranges
                0x00000138       0x20 /opt/altera/13.1/nios2eds/bin/gnu/H-i686-pc-linux-gnu/bin/../lib/gcc/nios2-elf/4.7.3/mno-hw-mul/libgcc.a(lib2-mul.o)
 .debug_aranges
                0x00000158       0x20 ../ComsTest1_bsp//libhal_bsp.a(alt_load.o)
 .debug_aranges
                0x00000178       0x20 ../ComsTest1_bsp//libhal_bsp.a(alt_main.o)
 .debug_aranges
                0x00000198       0x20 ../ComsTest1_bsp//libhal_bsp.a(alt_usleep.o)
 .debug_aranges
                0x000001b8       0x20 ../ComsTest1_bsp//libhal_bsp.a(alt_write.o)
 .debug_aranges
                0x000001d8       0x20 ../ComsTest1_bsp//libhal_bsp.a(alt_sys_init.o)
 .debug_aranges
                0x000001f8       0x20 ../ComsTest1_bsp//libhal_bsp.a(altera_avalon_jtag_uart_fd.o)
 .debug_aranges
                0x00000218       0x20 ../ComsTest1_bsp//libhal_bsp.a(altera_avalon_jtag_uart_read.o)
 .debug_aranges
                0x00000238       0x20 ../ComsTest1_bsp//libhal_bsp.a(altera_avalon_jtag_uart_write.o)
 .debug_aranges
                0x00000258       0x20 ../ComsTest1_bsp//libhal_bsp.a(altera_avalon_timer_sc.o)
 .debug_aranges
                0x00000278       0x20 ../ComsTest1_bsp//libhal_bsp.a(altera_avalon_uart_fd.o)
 .debug_aranges
                0x00000298       0x20 ../ComsTest1_bsp//libhal_bsp.a(altera_avalon_uart_read.o)
 .debug_aranges
                0x000002b8       0x20 ../ComsTest1_bsp//libhal_bsp.a(altera_avalon_uart_write.o)
 .debug_aranges
                0x000002d8       0x20 ../ComsTest1_bsp//libhal_bsp.a(alt_busy_sleep.o)
 .debug_aranges
                0x000002f8       0x20 ../ComsTest1_bsp//libhal_bsp.a(alt_close.o)
 .debug_aranges
                0x00000318       0x20 ../ComsTest1_bsp//libhal_bsp.a(alt_dcache_flush_all.o)
 .debug_aranges
                0x00000338       0x20 ../ComsTest1_bsp//libhal_bsp.a(alt_dev.o)
 .debug_aranges
                0x00000358       0x20 ../ComsTest1_bsp//libhal_bsp.a(alt_dev_llist_insert.o)
 .debug_aranges
                0x00000378       0x18 ../ComsTest1_bsp//libhal_bsp.a(alt_errno.o)
 .debug_aranges
                0x00000390       0x20 ../ComsTest1_bsp//libhal_bsp.a(alt_icache_flush_all.o)
 .debug_aranges
                0x000003b0       0x20 ../ComsTest1_bsp//libhal_bsp.a(alt_iic.o)
 .debug_aranges
                0x000003d0       0x20 ../ComsTest1_bsp//libhal_bsp.a(alt_iic_isr_register.o)
 .debug_aranges
                0x000003f0       0x20 ../ComsTest1_bsp//libhal_bsp.a(alt_io_redirect.o)
 .debug_aranges
                0x00000410       0x30 ../ComsTest1_bsp//libhal_bsp.a(alt_irq_entry.o)
 .debug_aranges
                0x00000440       0x20 ../ComsTest1_bsp//libhal_bsp.a(alt_irq_handler.o)
 .debug_aranges
                0x00000460       0x18 ../ComsTest1_bsp//libhal_bsp.a(alt_irq_vars.o)
 .debug_aranges
                0x00000478       0x20 ../ComsTest1_bsp//libhal_bsp.a(alt_open.o)
 .debug_aranges
                0x00000498       0x20 ../ComsTest1_bsp//libhal_bsp.a(alt_release_fd.o)
 .debug_aranges
                0x000004b8       0x20 ../ComsTest1_bsp//libhal_bsp.a(alt_tick.o)
 .debug_aranges
                0x000004d8       0x20 ../ComsTest1_bsp//libhal_bsp.a(altera_nios2_qsys_irq.o)
 .debug_aranges
                0x000004f8       0x38 ../ComsTest1_bsp//libhal_bsp.a(alt_exception_entry.o)
 .debug_aranges
                0x00000530       0x20 ../ComsTest1_bsp//libhal_bsp.a(alt_find_dev.o)
 .debug_aranges
                0x00000550       0x20 ../ComsTest1_bsp//libhal_bsp.a(alt_find_file.o)
 .debug_aranges
                0x00000570       0x20 ../ComsTest1_bsp//libhal_bsp.a(alt_get_fd.o)
 .debug_aranges
                0x00000590       0x20 ../ComsTest1_bsp//libhal_bsp.a(alt_icache_flush.o)
 .debug_aranges
                0x000005b0       0x20 /opt/altera/13.1/nios2eds/bin/gnu/H-i686-pc-linux-gnu/bin/../lib/gcc/nios2-elf/4.7.3/../../../../../H-i686-pc-linux-gnu/nios2-elf/lib/mno-hw-mul/libsmallc.a(lib_a-exit.o)
 .debug_aranges
                0x000005d0       0x20 /opt/altera/13.1/nios2eds/bin/gnu/H-i686-pc-linux-gnu/bin/../lib/gcc/nios2-elf/4.7.3/../../../../../H-i686-pc-linux-gnu/nios2-elf/lib/mno-hw-mul/libsmallc.a(lib_a-memcmp.o)
 .debug_aranges
                0x000005f0       0x20 /opt/altera/13.1/nios2eds/bin/gnu/H-i686-pc-linux-gnu/bin/../lib/gcc/nios2-elf/4.7.3/../../../../../H-i686-pc-linux-gnu/nios2-elf/lib/mno-hw-mul/libsmallc.a(lib_a-__call_atexit.o)
 .debug_aranges
                0x00000610       0x20 ../ComsTest1_bsp//libhal_bsp.a(alt_exit.o)

.debug_pubnames
 *(.debug_pubnames)

.debug_info     0x00000000     0x82f0
 *(.debug_info .gnu.linkonce.wi.*)
 .debug_info    0x00000000       0x6e ../ComsTest1_bsp//obj/HAL/src/crt0.o
 .debug_info    0x0000006e      0x110 obj/default/hello_world.o
 .debug_info    0x0000017e      0x765 /opt/altera/13.1/nios2eds/bin/gnu/H-i686-pc-linux-gnu/bin/../lib/gcc/nios2-elf/4.7.3/../../../../../H-i686-pc-linux-gnu/nios2-elf/lib/mno-hw-mul/libsmallc.a(lib_a-printf.o)
 .debug_info    0x000008e3      0xc69 /opt/altera/13.1/nios2eds/bin/gnu/H-i686-pc-linux-gnu/bin/../lib/gcc/nios2-elf/4.7.3/../../../../../H-i686-pc-linux-gnu/nios2-elf/lib/mno-hw-mul/libsmallc.a(lib_a-vfprintf.o)
 .debug_info    0x0000154c      0x6d9 /opt/altera/13.1/nios2eds/bin/gnu/H-i686-pc-linux-gnu/bin/../lib/gcc/nios2-elf/4.7.3/../../../../../H-i686-pc-linux-gnu/nios2-elf/lib/mno-hw-mul/libsmallc.a(lib_a-fvwrite_small_dev.o)
 .debug_info    0x00001c25      0x631 /opt/altera/13.1/nios2eds/bin/gnu/H-i686-pc-linux-gnu/bin/../lib/gcc/nios2-elf/4.7.3/../../../../../H-i686-pc-linux-gnu/nios2-elf/lib/mno-hw-mul/libsmallc.a(lib_a-impure.o)
 .debug_info    0x00002256       0xc6 /opt/altera/13.1/nios2eds/bin/gnu/H-i686-pc-linux-gnu/bin/../lib/gcc/nios2-elf/4.7.3/../../../../../H-i686-pc-linux-gnu/nios2-elf/lib/mno-hw-mul/libsmallc.a(lib_a-strlen.o)
 .debug_info    0x0000231c      0x6cb /opt/altera/13.1/nios2eds/bin/gnu/H-i686-pc-linux-gnu/bin/../lib/gcc/nios2-elf/4.7.3/../../../../../H-i686-pc-linux-gnu/nios2-elf/lib/mno-hw-mul/libsmallc.a(lib_a-writer.o)
 .debug_info    0x000029e7       0x84 /opt/altera/13.1/nios2eds/bin/gnu/H-i686-pc-linux-gnu/bin/../lib/gcc/nios2-elf/4.7.3/../../../../../H-i686-pc-linux-gnu/nios2-elf/lib/mno-hw-mul/libsmallc.a(lib_a-int_errno.o)
 .debug_info    0x00002a6b      0x289 /opt/altera/13.1/nios2eds/bin/gnu/H-i686-pc-linux-gnu/bin/../lib/gcc/nios2-elf/4.7.3/mno-hw-mul/libgcc.a(lib2-divmod.o)
 .debug_info    0x00002cf4       0xb8 /opt/altera/13.1/nios2eds/bin/gnu/H-i686-pc-linux-gnu/bin/../lib/gcc/nios2-elf/4.7.3/mno-hw-mul/libgcc.a(lib2-mul.o)
 .debug_info    0x00002dac      0x135 ../ComsTest1_bsp//libhal_bsp.a(alt_load.o)
 .debug_info    0x00002ee1      0x139 ../ComsTest1_bsp//libhal_bsp.a(alt_main.o)
 .debug_info    0x0000301a       0xad ../ComsTest1_bsp//libhal_bsp.a(alt_usleep.o)
 .debug_info    0x000030c7      0x507 ../ComsTest1_bsp//libhal_bsp.a(alt_write.o)
 .debug_info    0x000035ce      0x48b ../ComsTest1_bsp//libhal_bsp.a(alt_sys_init.o)
 .debug_info    0x00003a59      0x3da ../ComsTest1_bsp//libhal_bsp.a(altera_avalon_jtag_uart_fd.o)
 .debug_info    0x00003e33      0x1bc ../ComsTest1_bsp//libhal_bsp.a(altera_avalon_jtag_uart_read.o)
 .debug_info    0x00003fef      0x19f ../ComsTest1_bsp//libhal_bsp.a(altera_avalon_jtag_uart_write.o)
 .debug_info    0x0000418e      0x235 ../ComsTest1_bsp//libhal_bsp.a(altera_avalon_timer_sc.o)
 .debug_info    0x000043c3      0x3b7 ../ComsTest1_bsp//libhal_bsp.a(altera_avalon_uart_fd.o)
 .debug_info    0x0000477a      0x1b5 ../ComsTest1_bsp//libhal_bsp.a(altera_avalon_uart_read.o)
 .debug_info    0x0000492f      0x1c8 ../ComsTest1_bsp//libhal_bsp.a(altera_avalon_uart_write.o)
 .debug_info    0x00004af7       0xd5 ../ComsTest1_bsp//libhal_bsp.a(alt_busy_sleep.o)
 .debug_info    0x00004bcc      0x350 ../ComsTest1_bsp//libhal_bsp.a(alt_close.o)
 .debug_info    0x00004f1c       0x90 ../ComsTest1_bsp//libhal_bsp.a(alt_dcache_flush_all.o)
 .debug_info    0x00004fac      0x4e3 ../ComsTest1_bsp//libhal_bsp.a(alt_dev.o)
 .debug_info    0x0000548f      0x1b9 ../ComsTest1_bsp//libhal_bsp.a(alt_dev_llist_insert.o)
 .debug_info    0x00005648       0xa3 ../ComsTest1_bsp//libhal_bsp.a(alt_errno.o)
 .debug_info    0x000056eb       0x90 ../ComsTest1_bsp//libhal_bsp.a(alt_icache_flush_all.o)
 .debug_info    0x0000577b      0x364 ../ComsTest1_bsp//libhal_bsp.a(alt_iic.o)
 .debug_info    0x00005adf      0x1f6 ../ComsTest1_bsp//libhal_bsp.a(alt_iic_isr_register.o)
 .debug_info    0x00005cd5      0x4f0 ../ComsTest1_bsp//libhal_bsp.a(alt_io_redirect.o)
 .debug_info    0x000061c5       0x77 ../ComsTest1_bsp//libhal_bsp.a(alt_irq_entry.o)
 .debug_info    0x0000623c      0x190 ../ComsTest1_bsp//libhal_bsp.a(alt_irq_handler.o)
 .debug_info    0x000063cc       0x8a ../ComsTest1_bsp//libhal_bsp.a(alt_irq_vars.o)
 .debug_info    0x00006456      0x3f0 ../ComsTest1_bsp//libhal_bsp.a(alt_open.o)
 .debug_info    0x00006846      0x2dd ../ComsTest1_bsp//libhal_bsp.a(alt_release_fd.o)
 .debug_info    0x00006b23      0x2b1 ../ComsTest1_bsp//libhal_bsp.a(alt_tick.o)
 .debug_info    0x00006dd4       0x90 ../ComsTest1_bsp//libhal_bsp.a(altera_nios2_qsys_irq.o)
 .debug_info    0x00006e64       0x7d ../ComsTest1_bsp//libhal_bsp.a(alt_exception_entry.o)
 .debug_info    0x00006ee1      0x30d ../ComsTest1_bsp//libhal_bsp.a(alt_find_dev.o)
 .debug_info    0x000071ee      0x30c ../ComsTest1_bsp//libhal_bsp.a(alt_find_file.o)
 .debug_info    0x000074fa      0x339 ../ComsTest1_bsp//libhal_bsp.a(alt_get_fd.o)
 .debug_info    0x00007833       0xda ../ComsTest1_bsp//libhal_bsp.a(alt_icache_flush.o)
 .debug_info    0x0000790d       0xf8 /opt/altera/13.1/nios2eds/bin/gnu/H-i686-pc-linux-gnu/bin/../lib/gcc/nios2-elf/4.7.3/../../../../../H-i686-pc-linux-gnu/nios2-elf/lib/mno-hw-mul/libsmallc.a(lib_a-exit.o)
 .debug_info    0x00007a05       0xf1 /opt/altera/13.1/nios2eds/bin/gnu/H-i686-pc-linux-gnu/bin/../lib/gcc/nios2-elf/4.7.3/../../../../../H-i686-pc-linux-gnu/nios2-elf/lib/mno-hw-mul/libsmallc.a(lib_a-memcmp.o)
 .debug_info    0x00007af6      0x70e /opt/altera/13.1/nios2eds/bin/gnu/H-i686-pc-linux-gnu/bin/../lib/gcc/nios2-elf/4.7.3/../../../../../H-i686-pc-linux-gnu/nios2-elf/lib/mno-hw-mul/libsmallc.a(lib_a-__call_atexit.o)
 .debug_info    0x00008204       0xec ../ComsTest1_bsp//libhal_bsp.a(alt_exit.o)

.debug_abbrev   0x00000000     0x2bca
 *(.debug_abbrev)
 .debug_abbrev  0x00000000       0x12 ../ComsTest1_bsp//obj/HAL/src/crt0.o
 .debug_abbrev  0x00000012       0xa1 obj/default/hello_world.o
 .debug_abbrev  0x000000b3      0x1e2 /opt/altera/13.1/nios2eds/bin/gnu/H-i686-pc-linux-gnu/bin/../lib/gcc/nios2-elf/4.7.3/../../../../../H-i686-pc-linux-gnu/nios2-elf/lib/mno-hw-mul/libsmallc.a(lib_a-printf.o)
 .debug_abbrev  0x00000295      0x2db /opt/altera/13.1/nios2eds/bin/gnu/H-i686-pc-linux-gnu/bin/../lib/gcc/nios2-elf/4.7.3/../../../../../H-i686-pc-linux-gnu/nios2-elf/lib/mno-hw-mul/libsmallc.a(lib_a-vfprintf.o)
 .debug_abbrev  0x00000570      0x1a8 /opt/altera/13.1/nios2eds/bin/gnu/H-i686-pc-linux-gnu/bin/../lib/gcc/nios2-elf/4.7.3/../../../../../H-i686-pc-linux-gnu/nios2-elf/lib/mno-hw-mul/libsmallc.a(lib_a-fvwrite_small_dev.o)
 .debug_abbrev  0x00000718      0x13b /opt/altera/13.1/nios2eds/bin/gnu/H-i686-pc-linux-gnu/bin/../lib/gcc/nios2-elf/4.7.3/../../../../../H-i686-pc-linux-gnu/nios2-elf/lib/mno-hw-mul/libsmallc.a(lib_a-impure.o)
 .debug_abbrev  0x00000853       0x7f /opt/altera/13.1/nios2eds/bin/gnu/H-i686-pc-linux-gnu/bin/../lib/gcc/nios2-elf/4.7.3/../../../../../H-i686-pc-linux-gnu/nios2-elf/lib/mno-hw-mul/libsmallc.a(lib_a-strlen.o)
 .debug_abbrev  0x000008d2      0x199 /opt/altera/13.1/nios2eds/bin/gnu/H-i686-pc-linux-gnu/bin/../lib/gcc/nios2-elf/4.7.3/../../../../../H-i686-pc-linux-gnu/nios2-elf/lib/mno-hw-mul/libsmallc.a(lib_a-writer.o)
 .debug_abbrev  0x00000a6b       0x37 /opt/altera/13.1/nios2eds/bin/gnu/H-i686-pc-linux-gnu/bin/../lib/gcc/nios2-elf/4.7.3/../../../../../H-i686-pc-linux-gnu/nios2-elf/lib/mno-hw-mul/libsmallc.a(lib_a-int_errno.o)
 .debug_abbrev  0x00000aa2      0x112 /opt/altera/13.1/nios2eds/bin/gnu/H-i686-pc-linux-gnu/bin/../lib/gcc/nios2-elf/4.7.3/mno-hw-mul/libgcc.a(lib2-divmod.o)
 .debug_abbrev  0x00000bb4       0x6f /opt/altera/13.1/nios2eds/bin/gnu/H-i686-pc-linux-gnu/bin/../lib/gcc/nios2-elf/4.7.3/mno-hw-mul/libgcc.a(lib2-mul.o)
 .debug_abbrev  0x00000c23       0x9d ../ComsTest1_bsp//libhal_bsp.a(alt_load.o)
 .debug_abbrev  0x00000cc0       0xba ../ComsTest1_bsp//libhal_bsp.a(alt_main.o)
 .debug_abbrev  0x00000d7a       0x60 ../ComsTest1_bsp//libhal_bsp.a(alt_usleep.o)
 .debug_abbrev  0x00000dda      0x133 ../ComsTest1_bsp//libhal_bsp.a(alt_write.o)
 .debug_abbrev  0x00000f0d      0x155 ../ComsTest1_bsp//libhal_bsp.a(alt_sys_init.o)
 .debug_abbrev  0x00001062       0xf7 ../ComsTest1_bsp//libhal_bsp.a(altera_avalon_jtag_uart_fd.o)
 .debug_abbrev  0x00001159       0xd5 ../ComsTest1_bsp//libhal_bsp.a(altera_avalon_jtag_uart_read.o)
 .debug_abbrev  0x0000122e       0xd5 ../ComsTest1_bsp//libhal_bsp.a(altera_avalon_jtag_uart_write.o)
 .debug_abbrev  0x00001303      0x155 ../ComsTest1_bsp//libhal_bsp.a(altera_avalon_timer_sc.o)
 .debug_abbrev  0x00001458       0xf0 ../ComsTest1_bsp//libhal_bsp.a(altera_avalon_uart_fd.o)
 .debug_abbrev  0x00001548       0xd9 ../ComsTest1_bsp//libhal_bsp.a(altera_avalon_uart_read.o)
 .debug_abbrev  0x00001621       0xe0 ../ComsTest1_bsp//libhal_bsp.a(altera_avalon_uart_write.o)
 .debug_abbrev  0x00001701       0x7e ../ComsTest1_bsp//libhal_bsp.a(alt_busy_sleep.o)
 .debug_abbrev  0x0000177f      0x11f ../ComsTest1_bsp//libhal_bsp.a(alt_close.o)
 .debug_abbrev  0x0000189e       0x42 ../ComsTest1_bsp//libhal_bsp.a(alt_dcache_flush_all.o)
 .debug_abbrev  0x000018e0       0xd9 ../ComsTest1_bsp//libhal_bsp.a(alt_dev.o)
 .debug_abbrev  0x000019b9      0x114 ../ComsTest1_bsp//libhal_bsp.a(alt_dev_llist_insert.o)
 .debug_abbrev  0x00001acd       0x5a ../ComsTest1_bsp//libhal_bsp.a(alt_errno.o)
 .debug_abbrev  0x00001b27       0x42 ../ComsTest1_bsp//libhal_bsp.a(alt_icache_flush_all.o)
 .debug_abbrev  0x00001b69      0x16a ../ComsTest1_bsp//libhal_bsp.a(alt_iic.o)
 .debug_abbrev  0x00001cd3      0x169 ../ComsTest1_bsp//libhal_bsp.a(alt_iic_isr_register.o)
 .debug_abbrev  0x00001e3c      0x114 ../ComsTest1_bsp//libhal_bsp.a(alt_io_redirect.o)
 .debug_abbrev  0x00001f50       0x12 ../ComsTest1_bsp//libhal_bsp.a(alt_irq_entry.o)
 .debug_abbrev  0x00001f62      0x124 ../ComsTest1_bsp//libhal_bsp.a(alt_irq_handler.o)
 .debug_abbrev  0x00002086       0x40 ../ComsTest1_bsp//libhal_bsp.a(alt_irq_vars.o)
 .debug_abbrev  0x000020c6      0x148 ../ComsTest1_bsp//libhal_bsp.a(alt_open.o)
 .debug_abbrev  0x0000220e       0xde ../ComsTest1_bsp//libhal_bsp.a(alt_release_fd.o)
 .debug_abbrev  0x000022ec      0x15a ../ComsTest1_bsp//libhal_bsp.a(alt_tick.o)
 .debug_abbrev  0x00002446       0x42 ../ComsTest1_bsp//libhal_bsp.a(altera_nios2_qsys_irq.o)
 .debug_abbrev  0x00002488       0x12 ../ComsTest1_bsp//libhal_bsp.a(alt_exception_entry.o)
 .debug_abbrev  0x0000249a       0xf0 ../ComsTest1_bsp//libhal_bsp.a(alt_find_dev.o)
 .debug_abbrev  0x0000258a       0xf0 ../ComsTest1_bsp//libhal_bsp.a(alt_find_file.o)
 .debug_abbrev  0x0000267a      0x10d ../ComsTest1_bsp//libhal_bsp.a(alt_get_fd.o)
 .debug_abbrev  0x00002787       0x8c ../ComsTest1_bsp//libhal_bsp.a(alt_icache_flush.o)
 .debug_abbrev  0x00002813       0xa9 /opt/altera/13.1/nios2eds/bin/gnu/H-i686-pc-linux-gnu/bin/../lib/gcc/nios2-elf/4.7.3/../../../../../H-i686-pc-linux-gnu/nios2-elf/lib/mno-hw-mul/libsmallc.a(lib_a-exit.o)
 .debug_abbrev  0x000028bc       0x7f /opt/altera/13.1/nios2eds/bin/gnu/H-i686-pc-linux-gnu/bin/../lib/gcc/nios2-elf/4.7.3/../../../../../H-i686-pc-linux-gnu/nios2-elf/lib/mno-hw-mul/libsmallc.a(lib_a-memcmp.o)
 .debug_abbrev  0x0000293b      0x1e9 /opt/altera/13.1/nios2eds/bin/gnu/H-i686-pc-linux-gnu/bin/../lib/gcc/nios2-elf/4.7.3/../../../../../H-i686-pc-linux-gnu/nios2-elf/lib/mno-hw-mul/libsmallc.a(lib_a-__call_atexit.o)
 .debug_abbrev  0x00002b24       0xa6 ../ComsTest1_bsp//libhal_bsp.a(alt_exit.o)

.debug_line     0x00000000     0x32ae
 *(.debug_line)
 .debug_line    0x00000000       0x6c ../ComsTest1_bsp//obj/HAL/src/crt0.o
 .debug_line    0x0000006c       0xcf obj/default/hello_world.o
 .debug_line    0x0000013b      0x219 /opt/altera/13.1/nios2eds/bin/gnu/H-i686-pc-linux-gnu/bin/../lib/gcc/nios2-elf/4.7.3/../../../../../H-i686-pc-linux-gnu/nios2-elf/lib/mno-hw-mul/libsmallc.a(lib_a-printf.o)
 .debug_line    0x00000354      0x40e /opt/altera/13.1/nios2eds/bin/gnu/H-i686-pc-linux-gnu/bin/../lib/gcc/nios2-elf/4.7.3/../../../../../H-i686-pc-linux-gnu/nios2-elf/lib/mno-hw-mul/libsmallc.a(lib_a-vfprintf.o)
 .debug_line    0x00000762      0x225 /opt/altera/13.1/nios2eds/bin/gnu/H-i686-pc-linux-gnu/bin/../lib/gcc/nios2-elf/4.7.3/../../../../../H-i686-pc-linux-gnu/nios2-elf/lib/mno-hw-mul/libsmallc.a(lib_a-fvwrite_small_dev.o)
 .debug_line    0x00000987      0x16c /opt/altera/13.1/nios2eds/bin/gnu/H-i686-pc-linux-gnu/bin/../lib/gcc/nios2-elf/4.7.3/../../../../../H-i686-pc-linux-gnu/nios2-elf/lib/mno-hw-mul/libsmallc.a(lib_a-impure.o)
 .debug_line    0x00000af3      0x174 /opt/altera/13.1/nios2eds/bin/gnu/H-i686-pc-linux-gnu/bin/../lib/gcc/nios2-elf/4.7.3/../../../../../H-i686-pc-linux-gnu/nios2-elf/lib/mno-hw-mul/libsmallc.a(lib_a-strlen.o)
 .debug_line    0x00000c67      0x20c /opt/altera/13.1/nios2eds/bin/gnu/H-i686-pc-linux-gnu/bin/../lib/gcc/nios2-elf/4.7.3/../../../../../H-i686-pc-linux-gnu/nios2-elf/lib/mno-hw-mul/libsmallc.a(lib_a-writer.o)
 .debug_line    0x00000e73       0x60 /opt/altera/13.1/nios2eds/bin/gnu/H-i686-pc-linux-gnu/bin/../lib/gcc/nios2-elf/4.7.3/../../../../../H-i686-pc-linux-gnu/nios2-elf/lib/mno-hw-mul/libsmallc.a(lib_a-int_errno.o)
 .debug_line    0x00000ed3       0xd6 /opt/altera/13.1/nios2eds/bin/gnu/H-i686-pc-linux-gnu/bin/../lib/gcc/nios2-elf/4.7.3/mno-hw-mul/libgcc.a(lib2-divmod.o)
 .debug_line    0x00000fa9       0x80 /opt/altera/13.1/nios2eds/bin/gnu/H-i686-pc-linux-gnu/bin/../lib/gcc/nios2-elf/4.7.3/mno-hw-mul/libgcc.a(lib2-mul.o)
 .debug_line    0x00001029       0x92 ../ComsTest1_bsp//libhal_bsp.a(alt_load.o)
 .debug_line    0x000010bb       0x9e ../ComsTest1_bsp//libhal_bsp.a(alt_main.o)
 .debug_line    0x00001159       0xd5 ../ComsTest1_bsp//libhal_bsp.a(alt_usleep.o)
 .debug_line    0x0000122e      0x206 ../ComsTest1_bsp//libhal_bsp.a(alt_write.o)
 .debug_line    0x00001434      0x176 ../ComsTest1_bsp//libhal_bsp.a(alt_sys_init.o)
 .debug_line    0x000015aa      0x114 ../ComsTest1_bsp//libhal_bsp.a(altera_avalon_jtag_uart_fd.o)
 .debug_line    0x000016be      0x101 ../ComsTest1_bsp//libhal_bsp.a(altera_avalon_jtag_uart_read.o)
 .debug_line    0x000017bf       0xf8 ../ComsTest1_bsp//libhal_bsp.a(altera_avalon_jtag_uart_write.o)
 .debug_line    0x000018b7       0xfd ../ComsTest1_bsp//libhal_bsp.a(altera_avalon_timer_sc.o)
 .debug_line    0x000019b4       0xe7 ../ComsTest1_bsp//libhal_bsp.a(altera_avalon_uart_fd.o)
 .debug_line    0x00001a9b       0xf7 ../ComsTest1_bsp//libhal_bsp.a(altera_avalon_uart_read.o)
 .debug_line    0x00001b92       0xff ../ComsTest1_bsp//libhal_bsp.a(altera_avalon_uart_write.o)
 .debug_line    0x00001c91       0xa0 ../ComsTest1_bsp//libhal_bsp.a(alt_busy_sleep.o)
 .debug_line    0x00001d31      0x18d ../ComsTest1_bsp//libhal_bsp.a(alt_close.o)
 .debug_line    0x00001ebe       0x51 ../ComsTest1_bsp//libhal_bsp.a(alt_dcache_flush_all.o)
 .debug_line    0x00001f0f      0x120 ../ComsTest1_bsp//libhal_bsp.a(alt_dev.o)
 .debug_line    0x0000202f       0xd0 ../ComsTest1_bsp//libhal_bsp.a(alt_dev_llist_insert.o)
 .debug_line    0x000020ff       0x51 ../ComsTest1_bsp//libhal_bsp.a(alt_errno.o)
 .debug_line    0x00002150       0x50 ../ComsTest1_bsp//libhal_bsp.a(alt_icache_flush_all.o)
 .debug_line    0x000021a0       0xed ../ComsTest1_bsp//libhal_bsp.a(alt_iic.o)
 .debug_line    0x0000228d       0xdb ../ComsTest1_bsp//libhal_bsp.a(alt_iic_isr_register.o)
 .debug_line    0x00002368      0x15d ../ComsTest1_bsp//libhal_bsp.a(alt_io_redirect.o)
 .debug_line    0x000024c5       0x6b ../ComsTest1_bsp//libhal_bsp.a(alt_irq_entry.o)
 .debug_line    0x00002530       0xae ../ComsTest1_bsp//libhal_bsp.a(alt_irq_handler.o)
 .debug_line    0x000025de       0x50 ../ComsTest1_bsp//libhal_bsp.a(alt_irq_vars.o)
 .debug_line    0x0000262e      0x128 ../ComsTest1_bsp//libhal_bsp.a(alt_open.o)
 .debug_line    0x00002756       0xb0 ../ComsTest1_bsp//libhal_bsp.a(alt_release_fd.o)
 .debug_line    0x00002806      0x102 ../ComsTest1_bsp//libhal_bsp.a(alt_tick.o)
 .debug_line    0x00002908       0x51 ../ComsTest1_bsp//libhal_bsp.a(altera_nios2_qsys_irq.o)
 .debug_line    0x00002959       0xab ../ComsTest1_bsp//libhal_bsp.a(alt_exception_entry.o)
 .debug_line    0x00002a04       0xb9 ../ComsTest1_bsp//libhal_bsp.a(alt_find_dev.o)
 .debug_line    0x00002abd       0xd5 ../ComsTest1_bsp//libhal_bsp.a(alt_find_file.o)
 .debug_line    0x00002b92       0xd4 ../ComsTest1_bsp//libhal_bsp.a(alt_get_fd.o)
 .debug_line    0x00002c66       0x81 ../ComsTest1_bsp//libhal_bsp.a(alt_icache_flush.o)
 .debug_line    0x00002ce7      0x170 /opt/altera/13.1/nios2eds/bin/gnu/H-i686-pc-linux-gnu/bin/../lib/gcc/nios2-elf/4.7.3/../../../../../H-i686-pc-linux-gnu/nios2-elf/lib/mno-hw-mul/libsmallc.a(lib_a-exit.o)
 .debug_line    0x00002e57      0x17f /opt/altera/13.1/nios2eds/bin/gnu/H-i686-pc-linux-gnu/bin/../lib/gcc/nios2-elf/4.7.3/../../../../../H-i686-pc-linux-gnu/nios2-elf/lib/mno-hw-mul/libsmallc.a(lib_a-memcmp.o)
 .debug_line    0x00002fd6      0x267 /opt/altera/13.1/nios2eds/bin/gnu/H-i686-pc-linux-gnu/bin/../lib/gcc/nios2-elf/4.7.3/../../../../../H-i686-pc-linux-gnu/nios2-elf/lib/mno-hw-mul/libsmallc.a(lib_a-__call_atexit.o)
 .debug_line    0x0000323d       0x71 ../ComsTest1_bsp//libhal_bsp.a(alt_exit.o)

.debug_frame    0x00000000      0x9a0
 *(.debug_frame)
 .debug_frame   0x00000000       0x2c obj/default/hello_world.o
 .debug_frame   0x0000002c       0x40 /opt/altera/13.1/nios2eds/bin/gnu/H-i686-pc-linux-gnu/bin/../lib/gcc/nios2-elf/4.7.3/../../../../../H-i686-pc-linux-gnu/nios2-elf/lib/mno-hw-mul/libsmallc.a(lib_a-printf.o)
 .debug_frame   0x0000006c       0x4c /opt/altera/13.1/nios2eds/bin/gnu/H-i686-pc-linux-gnu/bin/../lib/gcc/nios2-elf/4.7.3/../../../../../H-i686-pc-linux-gnu/nios2-elf/lib/mno-hw-mul/libsmallc.a(lib_a-vfprintf.o)
 .debug_frame   0x000000b8       0x30 /opt/altera/13.1/nios2eds/bin/gnu/H-i686-pc-linux-gnu/bin/../lib/gcc/nios2-elf/4.7.3/../../../../../H-i686-pc-linux-gnu/nios2-elf/lib/mno-hw-mul/libsmallc.a(lib_a-fvwrite_small_dev.o)
 .debug_frame   0x000000e8       0x20 /opt/altera/13.1/nios2eds/bin/gnu/H-i686-pc-linux-gnu/bin/../lib/gcc/nios2-elf/4.7.3/../../../../../H-i686-pc-linux-gnu/nios2-elf/lib/mno-hw-mul/libsmallc.a(lib_a-strlen.o)
 .debug_frame   0x00000108       0x2c /opt/altera/13.1/nios2eds/bin/gnu/H-i686-pc-linux-gnu/bin/../lib/gcc/nios2-elf/4.7.3/../../../../../H-i686-pc-linux-gnu/nios2-elf/lib/mno-hw-mul/libsmallc.a(lib_a-writer.o)
 .debug_frame   0x00000134       0x70 /opt/altera/13.1/nios2eds/bin/gnu/H-i686-pc-linux-gnu/bin/../lib/gcc/nios2-elf/4.7.3/mno-hw-mul/libgcc.a(lib2-divmod.o)
 .debug_frame   0x000001a4       0x20 /opt/altera/13.1/nios2eds/bin/gnu/H-i686-pc-linux-gnu/bin/../lib/gcc/nios2-elf/4.7.3/mno-hw-mul/libgcc.a(lib2-mul.o)
 .debug_frame   0x000001c4       0x48 ../ComsTest1_bsp//libhal_bsp.a(alt_load.o)
 .debug_frame   0x0000020c       0x2c ../ComsTest1_bsp//libhal_bsp.a(alt_main.o)
 .debug_frame   0x00000238       0x2c ../ComsTest1_bsp//libhal_bsp.a(alt_usleep.o)
 .debug_frame   0x00000264       0x48 ../ComsTest1_bsp//libhal_bsp.a(alt_write.o)
 .debug_frame   0x000002ac       0x64 ../ComsTest1_bsp//libhal_bsp.a(alt_sys_init.o)
 .debug_frame   0x00000310       0x48 ../ComsTest1_bsp//libhal_bsp.a(altera_avalon_jtag_uart_fd.o)
 .debug_frame   0x00000358       0x2c ../ComsTest1_bsp//libhal_bsp.a(altera_avalon_jtag_uart_read.o)
 .debug_frame   0x00000384       0x2c ../ComsTest1_bsp//libhal_bsp.a(altera_avalon_jtag_uart_write.o)
 .debug_frame   0x000003b0       0x48 ../ComsTest1_bsp//libhal_bsp.a(altera_avalon_timer_sc.o)
 .debug_frame   0x000003f8       0x48 ../ComsTest1_bsp//libhal_bsp.a(altera_avalon_uart_fd.o)
 .debug_frame   0x00000440       0x48 ../ComsTest1_bsp//libhal_bsp.a(altera_avalon_uart_read.o)
 .debug_frame   0x00000488       0x48 ../ComsTest1_bsp//libhal_bsp.a(altera_avalon_uart_write.o)
 .debug_frame   0x000004d0       0x2c ../ComsTest1_bsp//libhal_bsp.a(alt_busy_sleep.o)
 .debug_frame   0x000004fc       0x48 ../ComsTest1_bsp//libhal_bsp.a(alt_close.o)
 .debug_frame   0x00000544       0x2c ../ComsTest1_bsp//libhal_bsp.a(alt_dcache_flush_all.o)
 .debug_frame   0x00000570       0x2c ../ComsTest1_bsp//libhal_bsp.a(alt_dev.o)
 .debug_frame   0x0000059c       0x48 ../ComsTest1_bsp//libhal_bsp.a(alt_dev_llist_insert.o)
 .debug_frame   0x000005e4       0x2c ../ComsTest1_bsp//libhal_bsp.a(alt_icache_flush_all.o)
 .debug_frame   0x00000610       0x80 ../ComsTest1_bsp//libhal_bsp.a(alt_iic.o)
 .debug_frame   0x00000690       0x2c ../ComsTest1_bsp//libhal_bsp.a(alt_iic_isr_register.o)
 .debug_frame   0x000006bc       0x4c ../ComsTest1_bsp//libhal_bsp.a(alt_io_redirect.o)
 .debug_frame   0x00000708       0x2c ../ComsTest1_bsp//libhal_bsp.a(alt_irq_handler.o)
 .debug_frame   0x00000734       0x68 ../ComsTest1_bsp//libhal_bsp.a(alt_open.o)
 .debug_frame   0x0000079c       0x30 ../ComsTest1_bsp//libhal_bsp.a(alt_release_fd.o)
 .debug_frame   0x000007cc       0x48 ../ComsTest1_bsp//libhal_bsp.a(alt_tick.o)
 .debug_frame   0x00000814       0x2c ../ComsTest1_bsp//libhal_bsp.a(altera_nios2_qsys_irq.o)
 .debug_frame   0x00000840       0x2c ../ComsTest1_bsp//libhal_bsp.a(alt_find_dev.o)
 .debug_frame   0x0000086c       0x2c ../ComsTest1_bsp//libhal_bsp.a(alt_find_file.o)
 .debug_frame   0x00000898       0x30 ../ComsTest1_bsp//libhal_bsp.a(alt_get_fd.o)
 .debug_frame   0x000008c8       0x2c ../ComsTest1_bsp//libhal_bsp.a(alt_icache_flush.o)
 .debug_frame   0x000008f4       0x28 /opt/altera/13.1/nios2eds/bin/gnu/H-i686-pc-linux-gnu/bin/../lib/gcc/nios2-elf/4.7.3/../../../../../H-i686-pc-linux-gnu/nios2-elf/lib/mno-hw-mul/libsmallc.a(lib_a-exit.o)
 .debug_frame   0x0000091c       0x20 /opt/altera/13.1/nios2eds/bin/gnu/H-i686-pc-linux-gnu/bin/../lib/gcc/nios2-elf/4.7.3/../../../../../H-i686-pc-linux-gnu/nios2-elf/lib/mno-hw-mul/libsmallc.a(lib_a-memcmp.o)
 .debug_frame   0x0000093c       0x38 /opt/altera/13.1/nios2eds/bin/gnu/H-i686-pc-linux-gnu/bin/../lib/gcc/nios2-elf/4.7.3/../../../../../H-i686-pc-linux-gnu/nios2-elf/lib/mno-hw-mul/libsmallc.a(lib_a-__call_atexit.o)
 .debug_frame   0x00000974       0x2c ../ComsTest1_bsp//libhal_bsp.a(alt_exit.o)

.debug_str      0x00000000     0x1860
 *(.debug_str)
 .debug_str     0x00000000       0xe9 obj/default/hello_world.o
                                0x12c (size before relaxing)
 .debug_str     0x000000e9      0x3dd /opt/altera/13.1/nios2eds/bin/gnu/H-i686-pc-linux-gnu/bin/../lib/gcc/nios2-elf/4.7.3/../../../../../H-i686-pc-linux-gnu/nios2-elf/lib/mno-hw-mul/libsmallc.a(lib_a-printf.o)
                                0x4b5 (size before relaxing)
 .debug_str     0x000004c6      0x19d /opt/altera/13.1/nios2eds/bin/gnu/H-i686-pc-linux-gnu/bin/../lib/gcc/nios2-elf/4.7.3/../../../../../H-i686-pc-linux-gnu/nios2-elf/lib/mno-hw-mul/libsmallc.a(lib_a-vfprintf.o)
                                0x635 (size before relaxing)
 .debug_str     0x00000663       0x82 /opt/altera/13.1/nios2eds/bin/gnu/H-i686-pc-linux-gnu/bin/../lib/gcc/nios2-elf/4.7.3/../../../../../H-i686-pc-linux-gnu/nios2-elf/lib/mno-hw-mul/libsmallc.a(lib_a-fvwrite_small_dev.o)
                                0x490 (size before relaxing)
 .debug_str     0x000006e5       0xfc /opt/altera/13.1/nios2eds/bin/gnu/H-i686-pc-linux-gnu/bin/../lib/gcc/nios2-elf/4.7.3/../../../../../H-i686-pc-linux-gnu/nios2-elf/lib/mno-hw-mul/libsmallc.a(lib_a-impure.o)
                                0x46a (size before relaxing)
 .debug_str     0x000007e1       0xdf /opt/altera/13.1/nios2eds/bin/gnu/H-i686-pc-linux-gnu/bin/../lib/gcc/nios2-elf/4.7.3/../../../../../H-i686-pc-linux-gnu/nios2-elf/lib/mno-hw-mul/libsmallc.a(lib_a-strlen.o)
                                0x191 (size before relaxing)
 .debug_str     0x000008c0       0x3d /opt/altera/13.1/nios2eds/bin/gnu/H-i686-pc-linux-gnu/bin/../lib/gcc/nios2-elf/4.7.3/../../../../../H-i686-pc-linux-gnu/nios2-elf/lib/mno-hw-mul/libsmallc.a(lib_a-writer.o)
                                0x464 (size before relaxing)
 .debug_str     0x000008fd       0x40 /opt/altera/13.1/nios2eds/bin/gnu/H-i686-pc-linux-gnu/bin/../lib/gcc/nios2-elf/4.7.3/../../../../../H-i686-pc-linux-gnu/nios2-elf/lib/mno-hw-mul/libsmallc.a(lib_a-int_errno.o)
                                0x184 (size before relaxing)
 .debug_str     0x0000093d      0x113 /opt/altera/13.1/nios2eds/bin/gnu/H-i686-pc-linux-gnu/bin/../lib/gcc/nios2-elf/4.7.3/mno-hw-mul/libgcc.a(lib2-divmod.o)
                                0x16a (size before relaxing)
 .debug_str     0x00000a50       0x40 /opt/altera/13.1/nios2eds/bin/gnu/H-i686-pc-linux-gnu/bin/../lib/gcc/nios2-elf/4.7.3/mno-hw-mul/libgcc.a(lib2-mul.o)
                                0x12b (size before relaxing)
 .debug_str     0x00000a90      0x12b ../ComsTest1_bsp//libhal_bsp.a(alt_load.o)
                                0x1c9 (size before relaxing)
 .debug_str     0x00000bbb       0x44 ../ComsTest1_bsp//libhal_bsp.a(alt_main.o)
                                0x154 (size before relaxing)
 .debug_str     0x00000bff       0x27 ../ComsTest1_bsp//libhal_bsp.a(alt_usleep.o)
                                 0xff (size before relaxing)
 .debug_str     0x00000c26      0x15f ../ComsTest1_bsp//libhal_bsp.a(alt_write.o)
                                0x2af (size before relaxing)
 .debug_str     0x00000d85      0x1a1 ../ComsTest1_bsp//libhal_bsp.a(alt_sys_init.o)
                                0x32c (size before relaxing)
 .debug_str     0x00000f26       0x77 ../ComsTest1_bsp//libhal_bsp.a(altera_avalon_jtag_uart_fd.o)
                                0x28c (size before relaxing)
 .debug_str     0x00000f9d       0x48 ../ComsTest1_bsp//libhal_bsp.a(altera_avalon_jtag_uart_read.o)
                                0x1d6 (size before relaxing)
 .debug_str     0x00000fe5       0x4a ../ComsTest1_bsp//libhal_bsp.a(altera_avalon_jtag_uart_write.o)
                                0x1cc (size before relaxing)
 .debug_str     0x0000102f       0xb6 ../ComsTest1_bsp//libhal_bsp.a(altera_avalon_timer_sc.o)
                                0x202 (size before relaxing)
 .debug_str     0x000010e5       0x5b ../ComsTest1_bsp//libhal_bsp.a(altera_avalon_uart_fd.o)
                                0x24f (size before relaxing)
 .debug_str     0x00001140       0x4b ../ComsTest1_bsp//libhal_bsp.a(altera_avalon_uart_read.o)
                                0x1b8 (size before relaxing)
 .debug_str     0x0000118b       0x40 ../ComsTest1_bsp//libhal_bsp.a(altera_avalon_uart_write.o)
                                0x1c0 (size before relaxing)
 .debug_str     0x000011cb       0x42 ../ComsTest1_bsp//libhal_bsp.a(alt_busy_sleep.o)
                                0x122 (size before relaxing)
 .debug_str     0x0000120d       0x1b ../ComsTest1_bsp//libhal_bsp.a(alt_close.o)
                                0x1c2 (size before relaxing)
 .debug_str     0x00001228       0x34 ../ComsTest1_bsp//libhal_bsp.a(alt_dcache_flush_all.o)
                                0x10c (size before relaxing)
 .debug_str     0x0000125c       0x50 ../ComsTest1_bsp//libhal_bsp.a(alt_dev.o)
                                0x2bc (size before relaxing)
 .debug_str     0x000012ac       0x4b ../ComsTest1_bsp//libhal_bsp.a(alt_dev_llist_insert.o)
                                0x183 (size before relaxing)
 .debug_str     0x000012f7       0x14 ../ComsTest1_bsp//libhal_bsp.a(alt_errno.o)
                                 0xfc (size before relaxing)
 .debug_str     0x0000130b       0x34 ../ComsTest1_bsp//libhal_bsp.a(alt_icache_flush_all.o)
                                0x10c (size before relaxing)
 .debug_str     0x0000133f       0xbd ../ComsTest1_bsp//libhal_bsp.a(alt_iic.o)
                                0x1f5 (size before relaxing)
 .debug_str     0x000013fc       0x4c ../ComsTest1_bsp//libhal_bsp.a(alt_iic_isr_register.o)
                                0x19f (size before relaxing)
 .debug_str     0x00001448       0x56 ../ComsTest1_bsp//libhal_bsp.a(alt_io_redirect.o)
                                0x2cd (size before relaxing)
 .debug_str     0x0000149e       0x3a ../ComsTest1_bsp//libhal_bsp.a(alt_irq_handler.o)
                                0x14e (size before relaxing)
 .debug_str     0x000014d8       0x17 ../ComsTest1_bsp//libhal_bsp.a(alt_irq_vars.o)
                                 0xfd (size before relaxing)
 .debug_str     0x000014ef       0x2f ../ComsTest1_bsp//libhal_bsp.a(alt_open.o)
                                0x202 (size before relaxing)
 .debug_str     0x0000151e       0x28 ../ComsTest1_bsp//libhal_bsp.a(alt_release_fd.o)
                                0x196 (size before relaxing)
 .debug_str     0x00001546       0x78 ../ComsTest1_bsp//libhal_bsp.a(alt_tick.o)
                                0x209 (size before relaxing)
 .debug_str     0x000015be       0x3b ../ComsTest1_bsp//libhal_bsp.a(altera_nios2_qsys_irq.o)
                                0x113 (size before relaxing)
 .debug_str     0x000015f9       0x24 ../ComsTest1_bsp//libhal_bsp.a(alt_find_dev.o)
                                0x1a3 (size before relaxing)
 .debug_str     0x0000161d       0x26 ../ComsTest1_bsp//libhal_bsp.a(alt_find_file.o)
                                0x1b1 (size before relaxing)
 .debug_str     0x00001643       0x30 ../ComsTest1_bsp//libhal_bsp.a(alt_get_fd.o)
                                0x1d3 (size before relaxing)
 .debug_str     0x00001673       0x2c ../ComsTest1_bsp//libhal_bsp.a(alt_icache_flush.o)
                                0x112 (size before relaxing)
 .debug_str     0x0000169f       0xee /opt/altera/13.1/nios2eds/bin/gnu/H-i686-pc-linux-gnu/bin/../lib/gcc/nios2-elf/4.7.3/../../../../../H-i686-pc-linux-gnu/nios2-elf/lib/mno-hw-mul/libsmallc.a(lib_a-exit.o)
                                0x19c (size before relaxing)
 .debug_str     0x0000178d       0x45 /opt/altera/13.1/nios2eds/bin/gnu/H-i686-pc-linux-gnu/bin/../lib/gcc/nios2-elf/4.7.3/../../../../../H-i686-pc-linux-gnu/nios2-elf/lib/mno-hw-mul/libsmallc.a(lib_a-memcmp.o)
                                0x18b (size before relaxing)
 .debug_str     0x000017d2       0x64 /opt/altera/13.1/nios2eds/bin/gnu/H-i686-pc-linux-gnu/bin/../lib/gcc/nios2-elf/4.7.3/../../../../../H-i686-pc-linux-gnu/nios2-elf/lib/mno-hw-mul/libsmallc.a(lib_a-__call_atexit.o)
                                0x495 (size before relaxing)
 .debug_str     0x00001836       0x2a ../ComsTest1_bsp//libhal_bsp.a(alt_exit.o)
                                0x108 (size before relaxing)

.debug_loc      0x00000000     0x1f0f
 *(.debug_loc)
 .debug_loc     0x00000000       0x2c obj/default/hello_world.o
 .debug_loc     0x0000002c      0x125 /opt/altera/13.1/nios2eds/bin/gnu/H-i686-pc-linux-gnu/bin/../lib/gcc/nios2-elf/4.7.3/../../../../../H-i686-pc-linux-gnu/nios2-elf/lib/mno-hw-mul/libsmallc.a(lib_a-printf.o)
 .debug_loc     0x00000151      0xc9d /opt/altera/13.1/nios2eds/bin/gnu/H-i686-pc-linux-gnu/bin/../lib/gcc/nios2-elf/4.7.3/../../../../../H-i686-pc-linux-gnu/nios2-elf/lib/mno-hw-mul/libsmallc.a(lib_a-vfprintf.o)
 .debug_loc     0x00000dee      0x19e /opt/altera/13.1/nios2eds/bin/gnu/H-i686-pc-linux-gnu/bin/../lib/gcc/nios2-elf/4.7.3/../../../../../H-i686-pc-linux-gnu/nios2-elf/lib/mno-hw-mul/libsmallc.a(lib_a-fvwrite_small_dev.o)
 .debug_loc     0x00000f8c       0x29 /opt/altera/13.1/nios2eds/bin/gnu/H-i686-pc-linux-gnu/bin/../lib/gcc/nios2-elf/4.7.3/../../../../../H-i686-pc-linux-gnu/nios2-elf/lib/mno-hw-mul/libsmallc.a(lib_a-strlen.o)
 .debug_loc     0x00000fb5       0xde /opt/altera/13.1/nios2eds/bin/gnu/H-i686-pc-linux-gnu/bin/../lib/gcc/nios2-elf/4.7.3/../../../../../H-i686-pc-linux-gnu/nios2-elf/lib/mno-hw-mul/libsmallc.a(lib_a-writer.o)
 .debug_loc     0x00001093      0x338 /opt/altera/13.1/nios2eds/bin/gnu/H-i686-pc-linux-gnu/bin/../lib/gcc/nios2-elf/4.7.3/mno-hw-mul/libgcc.a(lib2-divmod.o)
 .debug_loc     0x000013cb       0x93 /opt/altera/13.1/nios2eds/bin/gnu/H-i686-pc-linux-gnu/bin/../lib/gcc/nios2-elf/4.7.3/mno-hw-mul/libgcc.a(lib2-mul.o)
 .debug_loc     0x0000145e       0x58 ../ComsTest1_bsp//libhal_bsp.a(alt_load.o)
 .debug_loc     0x000014b6       0x2c ../ComsTest1_bsp//libhal_bsp.a(alt_main.o)
 .debug_loc     0x000014e2       0x2c ../ComsTest1_bsp//libhal_bsp.a(alt_usleep.o)
 .debug_loc     0x0000150e       0x58 ../ComsTest1_bsp//libhal_bsp.a(alt_write.o)
 .debug_loc     0x00001566       0x84 ../ComsTest1_bsp//libhal_bsp.a(alt_sys_init.o)
 .debug_loc     0x000015ea       0x58 ../ComsTest1_bsp//libhal_bsp.a(altera_avalon_jtag_uart_fd.o)
 .debug_loc     0x00001642       0x2c ../ComsTest1_bsp//libhal_bsp.a(altera_avalon_jtag_uart_read.o)
 .debug_loc     0x0000166e       0x2c ../ComsTest1_bsp//libhal_bsp.a(altera_avalon_jtag_uart_write.o)
 .debug_loc     0x0000169a       0x58 ../ComsTest1_bsp//libhal_bsp.a(altera_avalon_timer_sc.o)
 .debug_loc     0x000016f2       0x58 ../ComsTest1_bsp//libhal_bsp.a(altera_avalon_uart_fd.o)
 .debug_loc     0x0000174a       0x58 ../ComsTest1_bsp//libhal_bsp.a(altera_avalon_uart_read.o)
 .debug_loc     0x000017a2       0x58 ../ComsTest1_bsp//libhal_bsp.a(altera_avalon_uart_write.o)
 .debug_loc     0x000017fa       0x2c ../ComsTest1_bsp//libhal_bsp.a(alt_busy_sleep.o)
 .debug_loc     0x00001826       0x58 ../ComsTest1_bsp//libhal_bsp.a(alt_close.o)
 .debug_loc     0x0000187e       0x2c ../ComsTest1_bsp//libhal_bsp.a(alt_dcache_flush_all.o)
 .debug_loc     0x000018aa       0x2c ../ComsTest1_bsp//libhal_bsp.a(alt_dev.o)
 .debug_loc     0x000018d6       0x58 ../ComsTest1_bsp//libhal_bsp.a(alt_dev_llist_insert.o)
 .debug_loc     0x0000192e       0x2c ../ComsTest1_bsp//libhal_bsp.a(alt_icache_flush_all.o)
 .debug_loc     0x0000195a       0xb0 ../ComsTest1_bsp//libhal_bsp.a(alt_iic.o)
 .debug_loc     0x00001a0a       0x2c ../ComsTest1_bsp//libhal_bsp.a(alt_iic_isr_register.o)
 .debug_loc     0x00001a36       0x58 ../ComsTest1_bsp//libhal_bsp.a(alt_io_redirect.o)
 .debug_loc     0x00001a8e       0x2c ../ComsTest1_bsp//libhal_bsp.a(alt_irq_handler.o)
 .debug_loc     0x00001aba       0x84 ../ComsTest1_bsp//libhal_bsp.a(alt_open.o)
 .debug_loc     0x00001b3e       0x2c ../ComsTest1_bsp//libhal_bsp.a(alt_release_fd.o)
 .debug_loc     0x00001b6a       0x58 ../ComsTest1_bsp//libhal_bsp.a(alt_tick.o)
 .debug_loc     0x00001bc2       0x2c ../ComsTest1_bsp//libhal_bsp.a(altera_nios2_qsys_irq.o)
 .debug_loc     0x00001bee       0x2c ../ComsTest1_bsp//libhal_bsp.a(alt_find_dev.o)
 .debug_loc     0x00001c1a       0x2c ../ComsTest1_bsp//libhal_bsp.a(alt_find_file.o)
 .debug_loc     0x00001c46       0x2c ../ComsTest1_bsp//libhal_bsp.a(alt_get_fd.o)
 .debug_loc     0x00001c72       0x2c ../ComsTest1_bsp//libhal_bsp.a(alt_icache_flush.o)
 .debug_loc     0x00001c9e       0x3e /opt/altera/13.1/nios2eds/bin/gnu/H-i686-pc-linux-gnu/bin/../lib/gcc/nios2-elf/4.7.3/../../../../../H-i686-pc-linux-gnu/nios2-elf/lib/mno-hw-mul/libsmallc.a(lib_a-exit.o)
 .debug_loc     0x00001cdc       0x6f /opt/altera/13.1/nios2eds/bin/gnu/H-i686-pc-linux-gnu/bin/../lib/gcc/nios2-elf/4.7.3/../../../../../H-i686-pc-linux-gnu/nios2-elf/lib/mno-hw-mul/libsmallc.a(lib_a-memcmp.o)
 .debug_loc     0x00001d4b      0x198 /opt/altera/13.1/nios2eds/bin/gnu/H-i686-pc-linux-gnu/bin/../lib/gcc/nios2-elf/4.7.3/../../../../../H-i686-pc-linux-gnu/nios2-elf/lib/mno-hw-mul/libsmallc.a(lib_a-__call_atexit.o)
 .debug_loc     0x00001ee3       0x2c ../ComsTest1_bsp//libhal_bsp.a(alt_exit.o)

.debug_macinfo
 *(.debug_macinfo)

.debug_weaknames
 *(.debug_weaknames)

.debug_funcnames
 *(.debug_funcnames)

.debug_typenames
 *(.debug_typenames)

.debug_varnames
 *(.debug_varnames)

.debug_alt_sim_info
                0x00000000       0x50
 *(.debug_alt_sim_info)
 .debug_alt_sim_info
                0x00000000       0x20 ../ComsTest1_bsp//obj/HAL/src/crt0.o
 .debug_alt_sim_info
                0x00000020       0x30 ../ComsTest1_bsp//libhal_bsp.a(alt_busy_sleep.o)
                0x0000d000                __alt_data_end = 0xd000
                0x0000d000                PROVIDE (__alt_stack_pointer, __alt_data_end)
                0x0000b0bc                PROVIDE (__alt_stack_limit, __alt_stack_base)
                0x0000b0bc                PROVIDE (__alt_heap_start, end)
                0x0000d000                PROVIDE (__alt_heap_limit, 0xd000)
OUTPUT(ComsTest1.elf elf32-littlenios2)

.debug_ranges   0x00000000      0x288
 .debug_ranges  0x00000000       0x20 ../ComsTest1_bsp//obj/HAL/src/crt0.o
 .debug_ranges  0x00000020      0x188 /opt/altera/13.1/nios2eds/bin/gnu/H-i686-pc-linux-gnu/bin/../lib/gcc/nios2-elf/4.7.3/../../../../../H-i686-pc-linux-gnu/nios2-elf/lib/mno-hw-mul/libsmallc.a(lib_a-vfprintf.o)
 .debug_ranges  0x000001a8       0x18 /opt/altera/13.1/nios2eds/bin/gnu/H-i686-pc-linux-gnu/bin/../lib/gcc/nios2-elf/4.7.3/../../../../../H-i686-pc-linux-gnu/nios2-elf/lib/mno-hw-mul/libsmallc.a(lib_a-fvwrite_small_dev.o)
 .debug_ranges  0x000001c0       0x18 ../ComsTest1_bsp//libhal_bsp.a(altera_avalon_jtag_uart_read.o)
 .debug_ranges  0x000001d8       0x30 ../ComsTest1_bsp//libhal_bsp.a(alt_iic.o)
 .debug_ranges  0x00000208       0x28 ../ComsTest1_bsp//libhal_bsp.a(alt_irq_entry.o)
 .debug_ranges  0x00000230       0x10 ../ComsTest1_bsp//libhal_bsp.a(alt_irq_handler.o)
 .debug_ranges  0x00000240       0x30 ../ComsTest1_bsp//libhal_bsp.a(alt_exception_entry.o)
 .debug_ranges  0x00000270       0x18 /opt/altera/13.1/nios2eds/bin/gnu/H-i686-pc-linux-gnu/bin/../lib/gcc/nios2-elf/4.7.3/../../../../../H-i686-pc-linux-gnu/nios2-elf/lib/mno-hw-mul/libsmallc.a(lib_a-__call_atexit.o)
