Archive member included because of file (symbol)

/opt/altera/13.1/nios2eds/bin/gnu/H-i686-pc-linux-gnu/bin/../lib/gcc/nios2-elf/4.7.3/../../../../../H-i686-pc-linux-gnu/nios2-elf/lib/mno-hw-mul/libsmallc.a(lib_a-printf.o)
                              obj/default/memtest_small.o (printf)
/opt/altera/13.1/nios2eds/bin/gnu/H-i686-pc-linux-gnu/bin/../lib/gcc/nios2-elf/4.7.3/../../../../../H-i686-pc-linux-gnu/nios2-elf/lib/mno-hw-mul/libsmallc.a(lib_a-puts.o)
                              obj/default/memtest_small.o (puts)
/opt/altera/13.1/nios2eds/bin/gnu/H-i686-pc-linux-gnu/bin/../lib/gcc/nios2-elf/4.7.3/../../../../../H-i686-pc-linux-gnu/nios2-elf/lib/mno-hw-mul/libsmallc.a(lib_a-strlen.o)
                              /opt/altera/13.1/nios2eds/bin/gnu/H-i686-pc-linux-gnu/bin/../lib/gcc/nios2-elf/4.7.3/../../../../../H-i686-pc-linux-gnu/nios2-elf/lib/mno-hw-mul/libsmallc.a(lib_a-puts.o) (strlen)
/opt/altera/13.1/nios2eds/bin/gnu/H-i686-pc-linux-gnu/bin/../lib/gcc/nios2-elf/4.7.3/../../../../../H-i686-pc-linux-gnu/nios2-elf/lib/mno-hw-mul/libsmallc.a(lib_a-vfprintf.o)
                              /opt/altera/13.1/nios2eds/bin/gnu/H-i686-pc-linux-gnu/bin/../lib/gcc/nios2-elf/4.7.3/../../../../../H-i686-pc-linux-gnu/nios2-elf/lib/mno-hw-mul/libsmallc.a(lib_a-printf.o) (___vfprintf_internal_r)
/opt/altera/13.1/nios2eds/bin/gnu/H-i686-pc-linux-gnu/bin/../lib/gcc/nios2-elf/4.7.3/../../../../../H-i686-pc-linux-gnu/nios2-elf/lib/mno-hw-mul/libsmallc.a(lib_a-fvwrite_small_dev.o)
                              /opt/altera/13.1/nios2eds/bin/gnu/H-i686-pc-linux-gnu/bin/../lib/gcc/nios2-elf/4.7.3/../../../../../H-i686-pc-linux-gnu/nios2-elf/lib/mno-hw-mul/libsmallc.a(lib_a-printf.o) (__sfvwrite_small_dev)
/opt/altera/13.1/nios2eds/bin/gnu/H-i686-pc-linux-gnu/bin/../lib/gcc/nios2-elf/4.7.3/../../../../../H-i686-pc-linux-gnu/nios2-elf/lib/mno-hw-mul/libsmallc.a(lib_a-impure.o)
                              /opt/altera/13.1/nios2eds/bin/gnu/H-i686-pc-linux-gnu/bin/../lib/gcc/nios2-elf/4.7.3/../../../../../H-i686-pc-linux-gnu/nios2-elf/lib/mno-hw-mul/libsmallc.a(lib_a-printf.o) (_impure_ptr)
/opt/altera/13.1/nios2eds/bin/gnu/H-i686-pc-linux-gnu/bin/../lib/gcc/nios2-elf/4.7.3/../../../../../H-i686-pc-linux-gnu/nios2-elf/lib/mno-hw-mul/libsmallc.a(lib_a-writer.o)
                              /opt/altera/13.1/nios2eds/bin/gnu/H-i686-pc-linux-gnu/bin/../lib/gcc/nios2-elf/4.7.3/../../../../../H-i686-pc-linux-gnu/nios2-elf/lib/mno-hw-mul/libsmallc.a(lib_a-fvwrite_small_dev.o) (_write_r)
/opt/altera/13.1/nios2eds/bin/gnu/H-i686-pc-linux-gnu/bin/../lib/gcc/nios2-elf/4.7.3/../../../../../H-i686-pc-linux-gnu/nios2-elf/lib/mno-hw-mul/libsmallc.a(lib_a-int_errno.o)
                              /opt/altera/13.1/nios2eds/bin/gnu/H-i686-pc-linux-gnu/bin/../lib/gcc/nios2-elf/4.7.3/../../../../../H-i686-pc-linux-gnu/nios2-elf/lib/mno-hw-mul/libsmallc.a(lib_a-writer.o) (errno)
/opt/altera/13.1/nios2eds/bin/gnu/H-i686-pc-linux-gnu/bin/../lib/gcc/nios2-elf/4.7.3/mno-hw-mul/libgcc.a(lib2-divmod.o)
                              /opt/altera/13.1/nios2eds/bin/gnu/H-i686-pc-linux-gnu/bin/../lib/gcc/nios2-elf/4.7.3/../../../../../H-i686-pc-linux-gnu/nios2-elf/lib/mno-hw-mul/libsmallc.a(lib_a-vfprintf.o) (__udivsi3)
/opt/altera/13.1/nios2eds/bin/gnu/H-i686-pc-linux-gnu/bin/../lib/gcc/nios2-elf/4.7.3/mno-hw-mul/libgcc.a(lib2-mul.o)
                              /opt/altera/13.1/nios2eds/bin/gnu/H-i686-pc-linux-gnu/bin/../lib/gcc/nios2-elf/4.7.3/../../../../../H-i686-pc-linux-gnu/nios2-elf/lib/mno-hw-mul/libsmallc.a(lib_a-vfprintf.o) (__mulsi3)
../QD_enc3_bsp//libhal_bsp.a(alt_load.o)
                              ../QD_enc3_bsp//obj/HAL/src/crt0.o (alt_load)
../QD_enc3_bsp//libhal_bsp.a(alt_main.o)
                              ../QD_enc3_bsp//obj/HAL/src/crt0.o (alt_main)
../QD_enc3_bsp//libhal_bsp.a(alt_usleep.o)
                              obj/default/memtest_small.o (usleep)
../QD_enc3_bsp//libhal_bsp.a(alt_write.o)
                              /opt/altera/13.1/nios2eds/bin/gnu/H-i686-pc-linux-gnu/bin/../lib/gcc/nios2-elf/4.7.3/../../../../../H-i686-pc-linux-gnu/nios2-elf/lib/mno-hw-mul/libsmallc.a(lib_a-writer.o) (write)
../QD_enc3_bsp//libhal_bsp.a(alt_sys_init.o)
                              ../QD_enc3_bsp//libhal_bsp.a(alt_main.o) (alt_irq_init)
../QD_enc3_bsp//libhal_bsp.a(altera_avalon_jtag_uart_write.o)
                              ../QD_enc3_bsp//libhal_bsp.a(alt_write.o) (altera_avalon_jtag_uart_write)
../QD_enc3_bsp//libhal_bsp.a(alt_busy_sleep.o)
                              ../QD_enc3_bsp//libhal_bsp.a(alt_usleep.o) (alt_busy_sleep)
../QD_enc3_bsp//libhal_bsp.a(alt_dcache_flush_all.o)
                              ../QD_enc3_bsp//libhal_bsp.a(alt_load.o) (alt_dcache_flush_all)
../QD_enc3_bsp//libhal_bsp.a(alt_errno.o)
                              ../QD_enc3_bsp//libhal_bsp.a(alt_write.o) (alt_errno)
../QD_enc3_bsp//libhal_bsp.a(alt_icache_flush_all.o)
                              ../QD_enc3_bsp//libhal_bsp.a(alt_load.o) (alt_icache_flush_all)
../QD_enc3_bsp//libhal_bsp.a(altera_nios2_qsys_irq.o)
                              ../QD_enc3_bsp//libhal_bsp.a(alt_sys_init.o) (altera_nios2_qsys_irq_init)
../QD_enc3_bsp//libhal_bsp.a(alt_icache_flush.o)
                              ../QD_enc3_bsp//libhal_bsp.a(alt_icache_flush_all.o) (alt_icache_flush)

Allocating common symbols
Common symbol       size              file

errno               0x4               /opt/altera/13.1/nios2eds/bin/gnu/H-i686-pc-linux-gnu/bin/../lib/gcc/nios2-elf/4.7.3/../../../../../H-i686-pc-linux-gnu/nios2-elf/lib/mno-hw-mul/libsmallc.a(lib_a-int_errno.o)

Memory Configuration

Name             Origin             Length             Attributes
reset            0x00008000         0x00000020
onchip_mem       0x00008020         0x00004fe0
*default*        0x00000000         0xffffffff

Linker script and memory map

LOAD ../QD_enc3_bsp//obj/HAL/src/crt0.o
LOAD obj/default/memtest_small.o
LOAD /opt/altera/13.1/nios2eds/bin/gnu/H-i686-pc-linux-gnu/bin/../lib/gcc/nios2-elf/4.7.3/../../../../../H-i686-pc-linux-gnu/nios2-elf/lib/mno-hw-mul/libstdc++.a
LOAD /opt/altera/13.1/nios2eds/bin/gnu/H-i686-pc-linux-gnu/bin/../lib/gcc/nios2-elf/4.7.3/../../../../../H-i686-pc-linux-gnu/nios2-elf/lib/mno-hw-mul/libm.a
LOAD /opt/altera/13.1/nios2eds/bin/gnu/H-i686-pc-linux-gnu/bin/../lib/gcc/nios2-elf/4.7.3/mno-hw-mul/libgcc.a
START GROUP
LOAD /opt/altera/13.1/nios2eds/bin/gnu/H-i686-pc-linux-gnu/bin/../lib/gcc/nios2-elf/4.7.3/../../../../../H-i686-pc-linux-gnu/nios2-elf/lib/mno-hw-mul/libsmallc.a
LOAD /opt/altera/13.1/nios2eds/bin/gnu/H-i686-pc-linux-gnu/bin/../lib/gcc/nios2-elf/4.7.3/mno-hw-mul/libgcc.a
LOAD ../QD_enc3_bsp//libhal_bsp.a
END GROUP
LOAD /opt/altera/13.1/nios2eds/bin/gnu/H-i686-pc-linux-gnu/bin/../lib/gcc/nios2-elf/4.7.3/mno-hw-mul/libgcc.a
                0x00008000                __alt_mem_onchip_mem = 0x8000

.entry          0x00008000       0x20
 *(.entry)
 .entry         0x00008000       0x20 ../QD_enc3_bsp//obj/HAL/src/crt0.o
                0x00008000                __reset
                0x0000801c                _exit

.exceptions     0x00008020        0x0
                0x00008020                PROVIDE (__ram_exceptions_start, ABSOLUTE (.))
                0x00008020                . = ALIGN (0x20)
 *(.irq)
 *(.exceptions.entry.label)
 *(.exceptions.entry.user)
 *(.exceptions.entry.ecc_fatal)
 *(.exceptions.entry)
 *(.exceptions.irqtest.user)
 *(.exceptions.irqtest)
 *(.exceptions.irqhandler.user)
 *(.exceptions.irqhandler)
 *(.exceptions.irqreturn.user)
 *(.exceptions.irqreturn)
 *(.exceptions.notirq.label)
 *(.exceptions.notirq.user)
 *(.exceptions.notirq)
 *(.exceptions.soft.user)
 *(.exceptions.soft)
 *(.exceptions.unknown.user)
 *(.exceptions.unknown)
 *(.exceptions.exit.label)
 *(.exceptions.exit.user)
 *(.exceptions.exit)
 *(.exceptions)
                0x00008020                PROVIDE (__ram_exceptions_end, ABSOLUTE (.))
                0x00008020                PROVIDE (__flash_exceptions_start, LOADADDR (.exceptions))

.text           0x00008020      0xe94
                0x00008020                PROVIDE (stext, ABSOLUTE (.))
 *(.interp)
 *(.hash)
 *(.dynsym)
 *(.dynstr)
 *(.gnu.version)
 *(.gnu.version_d)
 *(.gnu.version_r)
 *(.rel.init)
 *(.rela.init)
 *(.rel.text .rel.text.* .rel.gnu.linkonce.t.*)
 *(.rela.text .rela.text.* .rela.gnu.linkonce.t.*)
 *(.rel.fini)
 *(.rela.fini)
 *(.rel.rodata .rel.rodata.* .rel.gnu.linkonce.r.*)
 *(.rela.rodata .rela.rodata.* .rela.gnu.linkonce.r.*)
 *(.rel.data .rel.data.* .rel.gnu.linkonce.d.*)
 *(.rela.data .rela.data.* .rela.gnu.linkonce.d.*)
 *(.rel.tdata .rel.tdata.* .rel.gnu.linkonce.td.*)
 *(.rela.tdata .rela.tdata.* .rela.gnu.linkonce.td.*)
 *(.rel.tbss .rel.tbss.* .rel.gnu.linkonce.tb.*)
 *(.rela.tbss .rela.tbss.* .rela.gnu.linkonce.tb.*)
 *(.rel.ctors)
 *(.rela.ctors)
 *(.rel.dtors)
 *(.rela.dtors)
 *(.rel.got)
 *(.rela.got)
 *(.rel.sdata .rel.sdata.* .rel.gnu.linkonce.s.*)
 *(.rela.sdata .rela.sdata.* .rela.gnu.linkonce.s.*)
 *(.rel.sbss .rel.sbss.* .rel.gnu.linkonce.sb.*)
 *(.rela.sbss .rela.sbss.* .rela.gnu.linkonce.sb.*)
 *(.rel.sdata2 .rel.sdata2.* .rel.gnu.linkonce.s2.*)
 *(.rela.sdata2 .rela.sdata2.* .rela.gnu.linkonce.s2.*)
 *(.rel.sbss2 .rel.sbss2.* .rel.gnu.linkonce.sb2.*)
 *(.rela.sbss2 .rela.sbss2.* .rela.gnu.linkonce.sb2.*)
 *(.rel.bss .rel.bss.* .rel.gnu.linkonce.b.*)
 *(.rela.bss .rela.bss.* .rela.gnu.linkonce.b.*)
 *(.rel.plt)
 *(.rela.plt)
 *(.rel.dyn)
 *(.init)
 *(.plt)
 *(.text .stub .text.* .gnu.linkonce.t.*)
 .text          0x00008020       0x3c ../QD_enc3_bsp//obj/HAL/src/crt0.o
                0x00008020                _start
 .text          0x0000805c        0x0 obj/default/memtest_small.o
 .text.startup  0x0000805c       0x5c obj/default/memtest_small.o
                0x0000805c                main
 .text          0x000080b8       0x88 /opt/altera/13.1/nios2eds/bin/gnu/H-i686-pc-linux-gnu/bin/../lib/gcc/nios2-elf/4.7.3/../../../../../H-i686-pc-linux-gnu/nios2-elf/lib/mno-hw-mul/libsmallc.a(lib_a-printf.o)
                0x000080b8                _printf_r
                0x000080f4                printf
 .text          0x00008140       0x94 /opt/altera/13.1/nios2eds/bin/gnu/H-i686-pc-linux-gnu/bin/../lib/gcc/nios2-elf/4.7.3/../../../../../H-i686-pc-linux-gnu/nios2-elf/lib/mno-hw-mul/libsmallc.a(lib_a-puts.o)
                0x00008140                _puts_r
                0x000081c0                puts
 .text          0x000081d4       0x28 /opt/altera/13.1/nios2eds/bin/gnu/H-i686-pc-linux-gnu/bin/../lib/gcc/nios2-elf/4.7.3/../../../../../H-i686-pc-linux-gnu/nios2-elf/lib/mno-hw-mul/libsmallc.a(lib_a-strlen.o)
                0x000081d4                strlen
 .text          0x000081fc      0x758 /opt/altera/13.1/nios2eds/bin/gnu/H-i686-pc-linux-gnu/bin/../lib/gcc/nios2-elf/4.7.3/../../../../../H-i686-pc-linux-gnu/nios2-elf/lib/mno-hw-mul/libsmallc.a(lib_a-vfprintf.o)
                0x000081fc                ___vfprintf_internal_r
                0x00008930                __vfprintf_internal
 .text          0x00008954       0xe0 /opt/altera/13.1/nios2eds/bin/gnu/H-i686-pc-linux-gnu/bin/../lib/gcc/nios2-elf/4.7.3/../../../../../H-i686-pc-linux-gnu/nios2-elf/lib/mno-hw-mul/libsmallc.a(lib_a-fvwrite_small_dev.o)
                0x00008954                __sfvwrite_small_dev
 .text          0x00008a34        0x0 /opt/altera/13.1/nios2eds/bin/gnu/H-i686-pc-linux-gnu/bin/../lib/gcc/nios2-elf/4.7.3/../../../../../H-i686-pc-linux-gnu/nios2-elf/lib/mno-hw-mul/libsmallc.a(lib_a-impure.o)
 .text          0x00008a34       0x6c /opt/altera/13.1/nios2eds/bin/gnu/H-i686-pc-linux-gnu/bin/../lib/gcc/nios2-elf/4.7.3/../../../../../H-i686-pc-linux-gnu/nios2-elf/lib/mno-hw-mul/libsmallc.a(lib_a-writer.o)
                0x00008a34                _write_r
 .text          0x00008aa0        0x0 /opt/altera/13.1/nios2eds/bin/gnu/H-i686-pc-linux-gnu/bin/../lib/gcc/nios2-elf/4.7.3/../../../../../H-i686-pc-linux-gnu/nios2-elf/lib/mno-hw-mul/libsmallc.a(lib_a-int_errno.o)
 .text          0x00008aa0      0x130 /opt/altera/13.1/nios2eds/bin/gnu/H-i686-pc-linux-gnu/bin/../lib/gcc/nios2-elf/4.7.3/mno-hw-mul/libgcc.a(lib2-divmod.o)
                0x00008b14                __divsi3
                0x00008b64                __modsi3
                0x00008bc0                __udivsi3
                0x00008bc8                __umodsi3
 .text          0x00008bd0       0x28 /opt/altera/13.1/nios2eds/bin/gnu/H-i686-pc-linux-gnu/bin/../lib/gcc/nios2-elf/4.7.3/mno-hw-mul/libgcc.a(lib2-mul.o)
                0x00008bd0                __mulsi3
 .text          0x00008bf8      0x104 ../QD_enc3_bsp//libhal_bsp.a(alt_load.o)
                0x00008bf8                alt_load
 .text          0x00008cfc       0x2c ../QD_enc3_bsp//libhal_bsp.a(alt_main.o)
                0x00008cfc                alt_main
 .text          0x00008d28        0x4 ../QD_enc3_bsp//libhal_bsp.a(alt_usleep.o)
                0x00008d28                usleep
 .text          0x00008d2c       0x68 ../QD_enc3_bsp//libhal_bsp.a(alt_write.o)
                0x00008d2c                write
 .text          0x00008d94       0x24 ../QD_enc3_bsp//libhal_bsp.a(alt_sys_init.o)
                0x00008d94                alt_irq_init
                0x00008db4                alt_sys_init
 .text          0x00008db8       0x34 ../QD_enc3_bsp//libhal_bsp.a(altera_avalon_jtag_uart_write.o)
                0x00008db8                altera_avalon_jtag_uart_write
 .text          0x00008dec       0x78 ../QD_enc3_bsp//libhal_bsp.a(alt_busy_sleep.o)
                0x00008dec                alt_busy_sleep
 .text          0x00008e64        0x4 ../QD_enc3_bsp//libhal_bsp.a(alt_dcache_flush_all.o)
                0x00008e64                alt_dcache_flush_all
 .text          0x00008e68        0x0 ../QD_enc3_bsp//libhal_bsp.a(alt_errno.o)
 .text          0x00008e68        0xc ../QD_enc3_bsp//libhal_bsp.a(alt_icache_flush_all.o)
                0x00008e68                alt_icache_flush_all
 .text          0x00008e74        0x8 ../QD_enc3_bsp//libhal_bsp.a(altera_nios2_qsys_irq.o)
                0x00008e74                altera_nios2_qsys_irq_init
 .text          0x00008e7c       0x38 ../QD_enc3_bsp//libhal_bsp.a(alt_icache_flush.o)
                0x00008e7c                alt_icache_flush
 *(.gnu.warning.*)
 *(.fini)
                0x00008eb4                PROVIDE (__etext, ABSOLUTE (.))
                0x00008eb4                PROVIDE (_etext, ABSOLUTE (.))
                0x00008eb4                PROVIDE (etext, ABSOLUTE (.))
 *(.eh_frame_hdr)
                0x00008eb4                . = ALIGN (0x4)
                0x00008eb4                PROVIDE (__preinit_array_start, ABSOLUTE (.))
 *(.preinit_array)
                0x00008eb4                PROVIDE (__preinit_array_end, ABSOLUTE (.))
                0x00008eb4                PROVIDE (__init_array_start, ABSOLUTE (.))
 *(.init_array)
                0x00008eb4                PROVIDE (__init_array_end, ABSOLUTE (.))
                0x00008eb4                PROVIDE (__fini_array_start, ABSOLUTE (.))
 *(.fini_array)
                0x00008eb4                PROVIDE (__fini_array_end, ABSOLUTE (.))
 *(.eh_frame)
 *(.gcc_except_table .gcc_except_table.*)
 *(.dynamic)
                0x00008eb4                PROVIDE (__CTOR_LIST__, ABSOLUTE (.))
 *(.ctors)
 *(SORT(.ctors.*))
                0x00008eb4                PROVIDE (__CTOR_END__, ABSOLUTE (.))
                0x00008eb4                PROVIDE (__DTOR_LIST__, ABSOLUTE (.))
 *(.dtors)
 *(SORT(.dtors.*))
                0x00008eb4                PROVIDE (__DTOR_END__, ABSOLUTE (.))
 *(.jcr)
                0x00008eb4                . = ALIGN (0x4)

.rodata         0x00008eb4       0x50
                0x00008eb4                PROVIDE (__ram_rodata_start, ABSOLUTE (.))
                0x00008eb4                . = ALIGN (0x4)
 *(.rodata .rodata.* .gnu.linkonce.r.*)
 .rodata.str1.4
                0x00008eb4       0x4c obj/default/memtest_small.o
 .rodata.str1.4
                0x00008f00        0x4 /opt/altera/13.1/nios2eds/bin/gnu/H-i686-pc-linux-gnu/bin/../lib/gcc/nios2-elf/4.7.3/../../../../../H-i686-pc-linux-gnu/nios2-elf/lib/mno-hw-mul/libsmallc.a(lib_a-puts.o)
 *(.rodata1)
                0x00008f04                . = ALIGN (0x4)
                0x00008f04                PROVIDE (__ram_rodata_end, ABSOLUTE (.))
                0x00008eb4                PROVIDE (__flash_rodata_start, LOADADDR (.rodata))

.rwdata         0x00008f04       0xf0 load address 0x00008ff4
                0x00008f04                PROVIDE (__ram_rwdata_start, ABSOLUTE (.))
                0x00008f04                . = ALIGN (0x4)
 *(.got.plt)
 *(.got)
 *(.data1)
 *(.data .data.* .gnu.linkonce.d.*)
 .data          0x00008f04        0x0 ../QD_enc3_bsp//obj/HAL/src/crt0.o
 .data          0x00008f04        0x0 obj/default/memtest_small.o
 .data          0x00008f04        0x0 /opt/altera/13.1/nios2eds/bin/gnu/H-i686-pc-linux-gnu/bin/../lib/gcc/nios2-elf/4.7.3/../../../../../H-i686-pc-linux-gnu/nios2-elf/lib/mno-hw-mul/libsmallc.a(lib_a-printf.o)
 .data          0x00008f04        0x0 /opt/altera/13.1/nios2eds/bin/gnu/H-i686-pc-linux-gnu/bin/../lib/gcc/nios2-elf/4.7.3/../../../../../H-i686-pc-linux-gnu/nios2-elf/lib/mno-hw-mul/libsmallc.a(lib_a-puts.o)
 .data          0x00008f04        0x0 /opt/altera/13.1/nios2eds/bin/gnu/H-i686-pc-linux-gnu/bin/../lib/gcc/nios2-elf/4.7.3/../../../../../H-i686-pc-linux-gnu/nios2-elf/lib/mno-hw-mul/libsmallc.a(lib_a-strlen.o)
 .data          0x00008f04        0x0 /opt/altera/13.1/nios2eds/bin/gnu/H-i686-pc-linux-gnu/bin/../lib/gcc/nios2-elf/4.7.3/../../../../../H-i686-pc-linux-gnu/nios2-elf/lib/mno-hw-mul/libsmallc.a(lib_a-vfprintf.o)
 .data          0x00008f04        0x0 /opt/altera/13.1/nios2eds/bin/gnu/H-i686-pc-linux-gnu/bin/../lib/gcc/nios2-elf/4.7.3/../../../../../H-i686-pc-linux-gnu/nios2-elf/lib/mno-hw-mul/libsmallc.a(lib_a-fvwrite_small_dev.o)
 .data          0x00008f04       0xe0 /opt/altera/13.1/nios2eds/bin/gnu/H-i686-pc-linux-gnu/bin/../lib/gcc/nios2-elf/4.7.3/../../../../../H-i686-pc-linux-gnu/nios2-elf/lib/mno-hw-mul/libsmallc.a(lib_a-impure.o)
 .data          0x00008fe4        0x0 /opt/altera/13.1/nios2eds/bin/gnu/H-i686-pc-linux-gnu/bin/../lib/gcc/nios2-elf/4.7.3/../../../../../H-i686-pc-linux-gnu/nios2-elf/lib/mno-hw-mul/libsmallc.a(lib_a-writer.o)
 .data          0x00008fe4        0x0 /opt/altera/13.1/nios2eds/bin/gnu/H-i686-pc-linux-gnu/bin/../lib/gcc/nios2-elf/4.7.3/../../../../../H-i686-pc-linux-gnu/nios2-elf/lib/mno-hw-mul/libsmallc.a(lib_a-int_errno.o)
 .data          0x00008fe4        0x0 /opt/altera/13.1/nios2eds/bin/gnu/H-i686-pc-linux-gnu/bin/../lib/gcc/nios2-elf/4.7.3/mno-hw-mul/libgcc.a(lib2-divmod.o)
 .data          0x00008fe4        0x0 /opt/altera/13.1/nios2eds/bin/gnu/H-i686-pc-linux-gnu/bin/../lib/gcc/nios2-elf/4.7.3/mno-hw-mul/libgcc.a(lib2-mul.o)
 .data          0x00008fe4        0x0 ../QD_enc3_bsp//libhal_bsp.a(alt_load.o)
 .data          0x00008fe4        0x0 ../QD_enc3_bsp//libhal_bsp.a(alt_main.o)
 .data          0x00008fe4        0x0 ../QD_enc3_bsp//libhal_bsp.a(alt_usleep.o)
 .data          0x00008fe4        0x0 ../QD_enc3_bsp//libhal_bsp.a(alt_write.o)
 .data          0x00008fe4        0x0 ../QD_enc3_bsp//libhal_bsp.a(alt_sys_init.o)
 .data          0x00008fe4        0x0 ../QD_enc3_bsp//libhal_bsp.a(altera_avalon_jtag_uart_write.o)
 .data          0x00008fe4        0x0 ../QD_enc3_bsp//libhal_bsp.a(alt_busy_sleep.o)
 .data          0x00008fe4        0x0 ../QD_enc3_bsp//libhal_bsp.a(alt_dcache_flush_all.o)
 .data          0x00008fe4        0x0 ../QD_enc3_bsp//libhal_bsp.a(alt_errno.o)
 .data          0x00008fe4        0x0 ../QD_enc3_bsp//libhal_bsp.a(alt_icache_flush_all.o)
 .data          0x00008fe4        0x0 ../QD_enc3_bsp//libhal_bsp.a(altera_nios2_qsys_irq.o)
 .data          0x00008fe4        0x0 ../QD_enc3_bsp//libhal_bsp.a(alt_icache_flush.o)
                0x00010fe4                _gp = ABSOLUTE ((. + 0x8000))
                0x00010fe4                PROVIDE (gp, _gp)
 *(.rwdata .rwdata.*)
 *(.sdata .sdata.* .gnu.linkonce.s.*)
 .sdata         0x00008fe4        0x8 /opt/altera/13.1/nios2eds/bin/gnu/H-i686-pc-linux-gnu/bin/../lib/gcc/nios2-elf/4.7.3/../../../../../H-i686-pc-linux-gnu/nios2-elf/lib/mno-hw-mul/libsmallc.a(lib_a-impure.o)
                0x00008fe4                _global_impure_ptr
                0x00008fe8                _impure_ptr
 .sdata         0x00008fec        0x4 ../QD_enc3_bsp//libhal_bsp.a(alt_sys_init.o)
                0x00008fec                jtag_uart
 .sdata         0x00008ff0        0x4 ../QD_enc3_bsp//libhal_bsp.a(alt_errno.o)
                0x00008ff0                alt_errno
 *(.sdata2 .sdata2.* .gnu.linkonce.s2.*)
                0x00008ff4                . = ALIGN (0x4)
                0x00008ff4                _edata = ABSOLUTE (.)
                0x00008ff4                PROVIDE (edata, ABSOLUTE (.))
                0x00008ff4                PROVIDE (__ram_rwdata_end, ABSOLUTE (.))
                0x00008ff4                PROVIDE (__flash_rwdata_start, LOADADDR (.rwdata))

.bss            0x000090e4       0x10
                0x000090e4                __bss_start = ABSOLUTE (.)
                0x000090e4                PROVIDE (__sbss_start, ABSOLUTE (.))
                0x000090e4                PROVIDE (___sbss_start, ABSOLUTE (.))
 *(.dynsbss)
 *(.sbss .sbss.* .gnu.linkonce.sb.*)
 .sbss          0x000090e4        0x4 /opt/altera/13.1/nios2eds/bin/gnu/H-i686-pc-linux-gnu/bin/../lib/gcc/nios2-elf/4.7.3/../../../../../H-i686-pc-linux-gnu/nios2-elf/lib/mno-hw-mul/libsmallc.a(lib_a-int_errno.o)
                0x000090e4                errno
 .sbss          0x000090e8        0xc ../QD_enc3_bsp//libhal_bsp.a(alt_main.o)
                0x000090e8                alt_envp
                0x000090ec                alt_argv
                0x000090f0                alt_argc
 *(.sbss2 .sbss2.* .gnu.linkonce.sb2.*)
 *(.scommon)
                0x000090f4                PROVIDE (__sbss_end, ABSOLUTE (.))
                0x000090f4                PROVIDE (___sbss_end, ABSOLUTE (.))
 *(.dynbss)
 *(.bss .bss.* .gnu.linkonce.b.*)
 .bss           0x000090f4        0x0 ../QD_enc3_bsp//obj/HAL/src/crt0.o
 .bss           0x000090f4        0x0 obj/default/memtest_small.o
 .bss           0x000090f4        0x0 /opt/altera/13.1/nios2eds/bin/gnu/H-i686-pc-linux-gnu/bin/../lib/gcc/nios2-elf/4.7.3/../../../../../H-i686-pc-linux-gnu/nios2-elf/lib/mno-hw-mul/libsmallc.a(lib_a-printf.o)
 .bss           0x000090f4        0x0 /opt/altera/13.1/nios2eds/bin/gnu/H-i686-pc-linux-gnu/bin/../lib/gcc/nios2-elf/4.7.3/../../../../../H-i686-pc-linux-gnu/nios2-elf/lib/mno-hw-mul/libsmallc.a(lib_a-puts.o)
 .bss           0x000090f4        0x0 /opt/altera/13.1/nios2eds/bin/gnu/H-i686-pc-linux-gnu/bin/../lib/gcc/nios2-elf/4.7.3/../../../../../H-i686-pc-linux-gnu/nios2-elf/lib/mno-hw-mul/libsmallc.a(lib_a-strlen.o)
 .bss           0x000090f4        0x0 /opt/altera/13.1/nios2eds/bin/gnu/H-i686-pc-linux-gnu/bin/../lib/gcc/nios2-elf/4.7.3/../../../../../H-i686-pc-linux-gnu/nios2-elf/lib/mno-hw-mul/libsmallc.a(lib_a-vfprintf.o)
 .bss           0x000090f4        0x0 /opt/altera/13.1/nios2eds/bin/gnu/H-i686-pc-linux-gnu/bin/../lib/gcc/nios2-elf/4.7.3/../../../../../H-i686-pc-linux-gnu/nios2-elf/lib/mno-hw-mul/libsmallc.a(lib_a-fvwrite_small_dev.o)
 .bss           0x000090f4        0x0 /opt/altera/13.1/nios2eds/bin/gnu/H-i686-pc-linux-gnu/bin/../lib/gcc/nios2-elf/4.7.3/../../../../../H-i686-pc-linux-gnu/nios2-elf/lib/mno-hw-mul/libsmallc.a(lib_a-impure.o)
 .bss           0x000090f4        0x0 /opt/altera/13.1/nios2eds/bin/gnu/H-i686-pc-linux-gnu/bin/../lib/gcc/nios2-elf/4.7.3/../../../../../H-i686-pc-linux-gnu/nios2-elf/lib/mno-hw-mul/libsmallc.a(lib_a-writer.o)
 .bss           0x000090f4        0x0 /opt/altera/13.1/nios2eds/bin/gnu/H-i686-pc-linux-gnu/bin/../lib/gcc/nios2-elf/4.7.3/../../../../../H-i686-pc-linux-gnu/nios2-elf/lib/mno-hw-mul/libsmallc.a(lib_a-int_errno.o)
 .bss           0x000090f4        0x0 /opt/altera/13.1/nios2eds/bin/gnu/H-i686-pc-linux-gnu/bin/../lib/gcc/nios2-elf/4.7.3/mno-hw-mul/libgcc.a(lib2-divmod.o)
 .bss           0x000090f4        0x0 /opt/altera/13.1/nios2eds/bin/gnu/H-i686-pc-linux-gnu/bin/../lib/gcc/nios2-elf/4.7.3/mno-hw-mul/libgcc.a(lib2-mul.o)
 .bss           0x000090f4        0x0 ../QD_enc3_bsp//libhal_bsp.a(alt_load.o)
 .bss           0x000090f4        0x0 ../QD_enc3_bsp//libhal_bsp.a(alt_main.o)
 .bss           0x000090f4        0x0 ../QD_enc3_bsp//libhal_bsp.a(alt_usleep.o)
 .bss           0x000090f4        0x0 ../QD_enc3_bsp//libhal_bsp.a(alt_write.o)
 .bss           0x000090f4        0x0 ../QD_enc3_bsp//libhal_bsp.a(alt_sys_init.o)
 .bss           0x000090f4        0x0 ../QD_enc3_bsp//libhal_bsp.a(altera_avalon_jtag_uart_write.o)
 .bss           0x000090f4        0x0 ../QD_enc3_bsp//libhal_bsp.a(alt_busy_sleep.o)
 .bss           0x000090f4        0x0 ../QD_enc3_bsp//libhal_bsp.a(alt_dcache_flush_all.o)
 .bss           0x000090f4        0x0 ../QD_enc3_bsp//libhal_bsp.a(alt_errno.o)
 .bss           0x000090f4        0x0 ../QD_enc3_bsp//libhal_bsp.a(alt_icache_flush_all.o)
 .bss           0x000090f4        0x0 ../QD_enc3_bsp//libhal_bsp.a(altera_nios2_qsys_irq.o)
 .bss           0x000090f4        0x0 ../QD_enc3_bsp//libhal_bsp.a(alt_icache_flush.o)
 *(COMMON)
                0x000090f4                . = ALIGN (0x4)
                0x000090f4                __bss_end = ABSOLUTE (.)

.onchip_mem     0x000090f4        0x0
                0x000090f4                PROVIDE (_alt_partition_onchip_mem_start, ABSOLUTE (.))
 *(.onchip_mem .onchip_mem. onchip_mem.*)
                0x000090f4                . = ALIGN (0x4)
                0x000090f4                PROVIDE (_alt_partition_onchip_mem_end, ABSOLUTE (.))
                0x000090f4                _end = ABSOLUTE (.)
                0x000090f4                end = ABSOLUTE (.)
                0x000090f4                __alt_stack_base = ABSOLUTE (.)
                0x000090f4                PROVIDE (_alt_partition_onchip_mem_load_addr, LOADADDR (.onchip_mem))

.stab
 *(.stab)

.stabstr
 *(.stabstr)

.stab.excl
 *(.stab.excl)

.stab.exclstr
 *(.stab.exclstr)

.stab.index
 *(.stab.index)

.stab.indexstr
 *(.stab.indexstr)

.comment        0x00000000       0x23
 *(.comment)
 .comment       0x00000000       0x23 obj/default/memtest_small.o
                                 0x24 (size before relaxing)
 .comment       0x00000000       0x24 /opt/altera/13.1/nios2eds/bin/gnu/H-i686-pc-linux-gnu/bin/../lib/gcc/nios2-elf/4.7.3/../../../../../H-i686-pc-linux-gnu/nios2-elf/lib/mno-hw-mul/libsmallc.a(lib_a-printf.o)
 .comment       0x00000000       0x24 /opt/altera/13.1/nios2eds/bin/gnu/H-i686-pc-linux-gnu/bin/../lib/gcc/nios2-elf/4.7.3/../../../../../H-i686-pc-linux-gnu/nios2-elf/lib/mno-hw-mul/libsmallc.a(lib_a-puts.o)
 .comment       0x00000000       0x24 /opt/altera/13.1/nios2eds/bin/gnu/H-i686-pc-linux-gnu/bin/../lib/gcc/nios2-elf/4.7.3/../../../../../H-i686-pc-linux-gnu/nios2-elf/lib/mno-hw-mul/libsmallc.a(lib_a-strlen.o)
 .comment       0x00000000       0x24 /opt/altera/13.1/nios2eds/bin/gnu/H-i686-pc-linux-gnu/bin/../lib/gcc/nios2-elf/4.7.3/../../../../../H-i686-pc-linux-gnu/nios2-elf/lib/mno-hw-mul/libsmallc.a(lib_a-vfprintf.o)
 .comment       0x00000000       0x24 /opt/altera/13.1/nios2eds/bin/gnu/H-i686-pc-linux-gnu/bin/../lib/gcc/nios2-elf/4.7.3/../../../../../H-i686-pc-linux-gnu/nios2-elf/lib/mno-hw-mul/libsmallc.a(lib_a-fvwrite_small_dev.o)
 .comment       0x00000000       0x24 /opt/altera/13.1/nios2eds/bin/gnu/H-i686-pc-linux-gnu/bin/../lib/gcc/nios2-elf/4.7.3/../../../../../H-i686-pc-linux-gnu/nios2-elf/lib/mno-hw-mul/libsmallc.a(lib_a-impure.o)
 .comment       0x00000000       0x24 /opt/altera/13.1/nios2eds/bin/gnu/H-i686-pc-linux-gnu/bin/../lib/gcc/nios2-elf/4.7.3/../../../../../H-i686-pc-linux-gnu/nios2-elf/lib/mno-hw-mul/libsmallc.a(lib_a-writer.o)
 .comment       0x00000000       0x24 /opt/altera/13.1/nios2eds/bin/gnu/H-i686-pc-linux-gnu/bin/../lib/gcc/nios2-elf/4.7.3/../../../../../H-i686-pc-linux-gnu/nios2-elf/lib/mno-hw-mul/libsmallc.a(lib_a-int_errno.o)
 .comment       0x00000000       0x24 /opt/altera/13.1/nios2eds/bin/gnu/H-i686-pc-linux-gnu/bin/../lib/gcc/nios2-elf/4.7.3/mno-hw-mul/libgcc.a(lib2-divmod.o)
 .comment       0x00000000       0x24 /opt/altera/13.1/nios2eds/bin/gnu/H-i686-pc-linux-gnu/bin/../lib/gcc/nios2-elf/4.7.3/mno-hw-mul/libgcc.a(lib2-mul.o)
 .comment       0x00000000       0x24 ../QD_enc3_bsp//libhal_bsp.a(alt_load.o)
 .comment       0x00000000       0x24 ../QD_enc3_bsp//libhal_bsp.a(alt_main.o)
 .comment       0x00000000       0x24 ../QD_enc3_bsp//libhal_bsp.a(alt_usleep.o)
 .comment       0x00000000       0x24 ../QD_enc3_bsp//libhal_bsp.a(alt_write.o)
 .comment       0x00000000       0x24 ../QD_enc3_bsp//libhal_bsp.a(alt_sys_init.o)
 .comment       0x00000000       0x24 ../QD_enc3_bsp//libhal_bsp.a(altera_avalon_jtag_uart_write.o)
 .comment       0x00000000       0x24 ../QD_enc3_bsp//libhal_bsp.a(alt_busy_sleep.o)
 .comment       0x00000000       0x24 ../QD_enc3_bsp//libhal_bsp.a(alt_dcache_flush_all.o)
 .comment       0x00000000       0x24 ../QD_enc3_bsp//libhal_bsp.a(alt_errno.o)
 .comment       0x00000000       0x24 ../QD_enc3_bsp//libhal_bsp.a(alt_icache_flush_all.o)
 .comment       0x00000000       0x24 ../QD_enc3_bsp//libhal_bsp.a(altera_nios2_qsys_irq.o)
 .comment       0x00000000       0x24 ../QD_enc3_bsp//libhal_bsp.a(alt_icache_flush.o)

.debug
 *(.debug)

.line
 *(.line)

.debug_srcinfo
 *(.debug_srcinfo)

.debug_sfnames
 *(.debug_sfnames)

.debug_aranges  0x00000000      0x2f0
 *(.debug_aranges)
 .debug_aranges
                0x00000000       0x28 ../QD_enc3_bsp//obj/HAL/src/crt0.o
 .debug_aranges
                0x00000028       0x20 obj/default/memtest_small.o
 .debug_aranges
                0x00000048       0x20 /opt/altera/13.1/nios2eds/bin/gnu/H-i686-pc-linux-gnu/bin/../lib/gcc/nios2-elf/4.7.3/../../../../../H-i686-pc-linux-gnu/nios2-elf/lib/mno-hw-mul/libsmallc.a(lib_a-printf.o)
 .debug_aranges
                0x00000068       0x20 /opt/altera/13.1/nios2eds/bin/gnu/H-i686-pc-linux-gnu/bin/../lib/gcc/nios2-elf/4.7.3/../../../../../H-i686-pc-linux-gnu/nios2-elf/lib/mno-hw-mul/libsmallc.a(lib_a-puts.o)
 .debug_aranges
                0x00000088       0x20 /opt/altera/13.1/nios2eds/bin/gnu/H-i686-pc-linux-gnu/bin/../lib/gcc/nios2-elf/4.7.3/../../../../../H-i686-pc-linux-gnu/nios2-elf/lib/mno-hw-mul/libsmallc.a(lib_a-strlen.o)
 .debug_aranges
                0x000000a8       0x20 /opt/altera/13.1/nios2eds/bin/gnu/H-i686-pc-linux-gnu/bin/../lib/gcc/nios2-elf/4.7.3/../../../../../H-i686-pc-linux-gnu/nios2-elf/lib/mno-hw-mul/libsmallc.a(lib_a-vfprintf.o)
 .debug_aranges
                0x000000c8       0x20 /opt/altera/13.1/nios2eds/bin/gnu/H-i686-pc-linux-gnu/bin/../lib/gcc/nios2-elf/4.7.3/../../../../../H-i686-pc-linux-gnu/nios2-elf/lib/mno-hw-mul/libsmallc.a(lib_a-fvwrite_small_dev.o)
 .debug_aranges
                0x000000e8       0x18 /opt/altera/13.1/nios2eds/bin/gnu/H-i686-pc-linux-gnu/bin/../lib/gcc/nios2-elf/4.7.3/../../../../../H-i686-pc-linux-gnu/nios2-elf/lib/mno-hw-mul/libsmallc.a(lib_a-impure.o)
 .debug_aranges
                0x00000100       0x20 /opt/altera/13.1/nios2eds/bin/gnu/H-i686-pc-linux-gnu/bin/../lib/gcc/nios2-elf/4.7.3/../../../../../H-i686-pc-linux-gnu/nios2-elf/lib/mno-hw-mul/libsmallc.a(lib_a-writer.o)
 .debug_aranges
                0x00000120       0x18 /opt/altera/13.1/nios2eds/bin/gnu/H-i686-pc-linux-gnu/bin/../lib/gcc/nios2-elf/4.7.3/../../../../../H-i686-pc-linux-gnu/nios2-elf/lib/mno-hw-mul/libsmallc.a(lib_a-int_errno.o)
 .debug_aranges
                0x00000138       0x20 /opt/altera/13.1/nios2eds/bin/gnu/H-i686-pc-linux-gnu/bin/../lib/gcc/nios2-elf/4.7.3/mno-hw-mul/libgcc.a(lib2-divmod.o)
 .debug_aranges
                0x00000158       0x20 /opt/altera/13.1/nios2eds/bin/gnu/H-i686-pc-linux-gnu/bin/../lib/gcc/nios2-elf/4.7.3/mno-hw-mul/libgcc.a(lib2-mul.o)
 .debug_aranges
                0x00000178       0x20 ../QD_enc3_bsp//libhal_bsp.a(alt_load.o)
 .debug_aranges
                0x00000198       0x20 ../QD_enc3_bsp//libhal_bsp.a(alt_main.o)
 .debug_aranges
                0x000001b8       0x20 ../QD_enc3_bsp//libhal_bsp.a(alt_usleep.o)
 .debug_aranges
                0x000001d8       0x20 ../QD_enc3_bsp//libhal_bsp.a(alt_write.o)
 .debug_aranges
                0x000001f8       0x20 ../QD_enc3_bsp//libhal_bsp.a(alt_sys_init.o)
 .debug_aranges
                0x00000218       0x20 ../QD_enc3_bsp//libhal_bsp.a(altera_avalon_jtag_uart_write.o)
 .debug_aranges
                0x00000238       0x20 ../QD_enc3_bsp//libhal_bsp.a(alt_busy_sleep.o)
 .debug_aranges
                0x00000258       0x20 ../QD_enc3_bsp//libhal_bsp.a(alt_dcache_flush_all.o)
 .debug_aranges
                0x00000278       0x18 ../QD_enc3_bsp//libhal_bsp.a(alt_errno.o)
 .debug_aranges
                0x00000290       0x20 ../QD_enc3_bsp//libhal_bsp.a(alt_icache_flush_all.o)
 .debug_aranges
                0x000002b0       0x20 ../QD_enc3_bsp//libhal_bsp.a(altera_nios2_qsys_irq.o)
 .debug_aranges
                0x000002d0       0x20 ../QD_enc3_bsp//libhal_bsp.a(alt_icache_flush.o)

.debug_pubnames
 *(.debug_pubnames)

.debug_info     0x00000000     0x42aa
 *(.debug_info .gnu.linkonce.wi.*)
 .debug_info    0x00000000       0x6c ../QD_enc3_bsp//obj/HAL/src/crt0.o
 .debug_info    0x0000006c      0x17c obj/default/memtest_small.o
 .debug_info    0x000001e8      0x765 /opt/altera/13.1/nios2eds/bin/gnu/H-i686-pc-linux-gnu/bin/../lib/gcc/nios2-elf/4.7.3/../../../../../H-i686-pc-linux-gnu/nios2-elf/lib/mno-hw-mul/libsmallc.a(lib_a-printf.o)
 .debug_info    0x0000094d      0x6f4 /opt/altera/13.1/nios2eds/bin/gnu/H-i686-pc-linux-gnu/bin/../lib/gcc/nios2-elf/4.7.3/../../../../../H-i686-pc-linux-gnu/nios2-elf/lib/mno-hw-mul/libsmallc.a(lib_a-puts.o)
 .debug_info    0x00001041       0xc6 /opt/altera/13.1/nios2eds/bin/gnu/H-i686-pc-linux-gnu/bin/../lib/gcc/nios2-elf/4.7.3/../../../../../H-i686-pc-linux-gnu/nios2-elf/lib/mno-hw-mul/libsmallc.a(lib_a-strlen.o)
 .debug_info    0x00001107      0xc69 /opt/altera/13.1/nios2eds/bin/gnu/H-i686-pc-linux-gnu/bin/../lib/gcc/nios2-elf/4.7.3/../../../../../H-i686-pc-linux-gnu/nios2-elf/lib/mno-hw-mul/libsmallc.a(lib_a-vfprintf.o)
 .debug_info    0x00001d70      0x6d9 /opt/altera/13.1/nios2eds/bin/gnu/H-i686-pc-linux-gnu/bin/../lib/gcc/nios2-elf/4.7.3/../../../../../H-i686-pc-linux-gnu/nios2-elf/lib/mno-hw-mul/libsmallc.a(lib_a-fvwrite_small_dev.o)
 .debug_info    0x00002449      0x631 /opt/altera/13.1/nios2eds/bin/gnu/H-i686-pc-linux-gnu/bin/../lib/gcc/nios2-elf/4.7.3/../../../../../H-i686-pc-linux-gnu/nios2-elf/lib/mno-hw-mul/libsmallc.a(lib_a-impure.o)
 .debug_info    0x00002a7a      0x6cb /opt/altera/13.1/nios2eds/bin/gnu/H-i686-pc-linux-gnu/bin/../lib/gcc/nios2-elf/4.7.3/../../../../../H-i686-pc-linux-gnu/nios2-elf/lib/mno-hw-mul/libsmallc.a(lib_a-writer.o)
 .debug_info    0x00003145       0x84 /opt/altera/13.1/nios2eds/bin/gnu/H-i686-pc-linux-gnu/bin/../lib/gcc/nios2-elf/4.7.3/../../../../../H-i686-pc-linux-gnu/nios2-elf/lib/mno-hw-mul/libsmallc.a(lib_a-int_errno.o)
 .debug_info    0x000031c9      0x289 /opt/altera/13.1/nios2eds/bin/gnu/H-i686-pc-linux-gnu/bin/../lib/gcc/nios2-elf/4.7.3/mno-hw-mul/libgcc.a(lib2-divmod.o)
 .debug_info    0x00003452       0xb8 /opt/altera/13.1/nios2eds/bin/gnu/H-i686-pc-linux-gnu/bin/../lib/gcc/nios2-elf/4.7.3/mno-hw-mul/libgcc.a(lib2-mul.o)
 .debug_info    0x0000350a      0x1b5 ../QD_enc3_bsp//libhal_bsp.a(alt_load.o)
 .debug_info    0x000036bf      0x194 ../QD_enc3_bsp//libhal_bsp.a(alt_main.o)
 .debug_info    0x00003853       0xd7 ../QD_enc3_bsp//libhal_bsp.a(alt_usleep.o)
 .debug_info    0x0000392a      0x1f2 ../QD_enc3_bsp//libhal_bsp.a(alt_write.o)
 .debug_info    0x00003b1c      0x1af ../QD_enc3_bsp//libhal_bsp.a(alt_sys_init.o)
 .debug_info    0x00003ccb      0x1a0 ../QD_enc3_bsp//libhal_bsp.a(altera_avalon_jtag_uart_write.o)
 .debug_info    0x00003e6b       0xd6 ../QD_enc3_bsp//libhal_bsp.a(alt_busy_sleep.o)
 .debug_info    0x00003f41       0x8f ../QD_enc3_bsp//libhal_bsp.a(alt_dcache_flush_all.o)
 .debug_info    0x00003fd0       0xa3 ../QD_enc3_bsp//libhal_bsp.a(alt_errno.o)
 .debug_info    0x00004073       0xcd ../QD_enc3_bsp//libhal_bsp.a(alt_icache_flush_all.o)
 .debug_info    0x00004140       0x8f ../QD_enc3_bsp//libhal_bsp.a(altera_nios2_qsys_irq.o)
 .debug_info    0x000041cf       0xdb ../QD_enc3_bsp//libhal_bsp.a(alt_icache_flush.o)

.debug_abbrev   0x00000000     0x1665
 *(.debug_abbrev)
 .debug_abbrev  0x00000000       0x12 ../QD_enc3_bsp//obj/HAL/src/crt0.o
 .debug_abbrev  0x00000012       0xe2 obj/default/memtest_small.o
 .debug_abbrev  0x000000f4      0x1e2 /opt/altera/13.1/nios2eds/bin/gnu/H-i686-pc-linux-gnu/bin/../lib/gcc/nios2-elf/4.7.3/../../../../../H-i686-pc-linux-gnu/nios2-elf/lib/mno-hw-mul/libsmallc.a(lib_a-printf.o)
 .debug_abbrev  0x000002d6      0x1d4 /opt/altera/13.1/nios2eds/bin/gnu/H-i686-pc-linux-gnu/bin/../lib/gcc/nios2-elf/4.7.3/../../../../../H-i686-pc-linux-gnu/nios2-elf/lib/mno-hw-mul/libsmallc.a(lib_a-puts.o)
 .debug_abbrev  0x000004aa       0x7f /opt/altera/13.1/nios2eds/bin/gnu/H-i686-pc-linux-gnu/bin/../lib/gcc/nios2-elf/4.7.3/../../../../../H-i686-pc-linux-gnu/nios2-elf/lib/mno-hw-mul/libsmallc.a(lib_a-strlen.o)
 .debug_abbrev  0x00000529      0x2db /opt/altera/13.1/nios2eds/bin/gnu/H-i686-pc-linux-gnu/bin/../lib/gcc/nios2-elf/4.7.3/../../../../../H-i686-pc-linux-gnu/nios2-elf/lib/mno-hw-mul/libsmallc.a(lib_a-vfprintf.o)
 .debug_abbrev  0x00000804      0x1a8 /opt/altera/13.1/nios2eds/bin/gnu/H-i686-pc-linux-gnu/bin/../lib/gcc/nios2-elf/4.7.3/../../../../../H-i686-pc-linux-gnu/nios2-elf/lib/mno-hw-mul/libsmallc.a(lib_a-fvwrite_small_dev.o)
 .debug_abbrev  0x000009ac      0x13b /opt/altera/13.1/nios2eds/bin/gnu/H-i686-pc-linux-gnu/bin/../lib/gcc/nios2-elf/4.7.3/../../../../../H-i686-pc-linux-gnu/nios2-elf/lib/mno-hw-mul/libsmallc.a(lib_a-impure.o)
 .debug_abbrev  0x00000ae7      0x199 /opt/altera/13.1/nios2eds/bin/gnu/H-i686-pc-linux-gnu/bin/../lib/gcc/nios2-elf/4.7.3/../../../../../H-i686-pc-linux-gnu/nios2-elf/lib/mno-hw-mul/libsmallc.a(lib_a-writer.o)
 .debug_abbrev  0x00000c80       0x37 /opt/altera/13.1/nios2eds/bin/gnu/H-i686-pc-linux-gnu/bin/../lib/gcc/nios2-elf/4.7.3/../../../../../H-i686-pc-linux-gnu/nios2-elf/lib/mno-hw-mul/libsmallc.a(lib_a-int_errno.o)
 .debug_abbrev  0x00000cb7      0x112 /opt/altera/13.1/nios2eds/bin/gnu/H-i686-pc-linux-gnu/bin/../lib/gcc/nios2-elf/4.7.3/mno-hw-mul/libgcc.a(lib2-divmod.o)
 .debug_abbrev  0x00000dc9       0x6f /opt/altera/13.1/nios2eds/bin/gnu/H-i686-pc-linux-gnu/bin/../lib/gcc/nios2-elf/4.7.3/mno-hw-mul/libgcc.a(lib2-mul.o)
 .debug_abbrev  0x00000e38       0xd6 ../QD_enc3_bsp//libhal_bsp.a(alt_load.o)
 .debug_abbrev  0x00000f0e      0x120 ../QD_enc3_bsp//libhal_bsp.a(alt_main.o)
 .debug_abbrev  0x0000102e       0x96 ../QD_enc3_bsp//libhal_bsp.a(alt_usleep.o)
 .debug_abbrev  0x000010c4      0x130 ../QD_enc3_bsp//libhal_bsp.a(alt_write.o)
 .debug_abbrev  0x000011f4      0x10c ../QD_enc3_bsp//libhal_bsp.a(alt_sys_init.o)
 .debug_abbrev  0x00001300       0xd5 ../QD_enc3_bsp//libhal_bsp.a(altera_avalon_jtag_uart_write.o)
 .debug_abbrev  0x000013d5       0x8d ../QD_enc3_bsp//libhal_bsp.a(alt_busy_sleep.o)
 .debug_abbrev  0x00001462       0x42 ../QD_enc3_bsp//libhal_bsp.a(alt_dcache_flush_all.o)
 .debug_abbrev  0x000014a4       0x5a ../QD_enc3_bsp//libhal_bsp.a(alt_errno.o)
 .debug_abbrev  0x000014fe       0x8a ../QD_enc3_bsp//libhal_bsp.a(alt_icache_flush_all.o)
 .debug_abbrev  0x00001588       0x42 ../QD_enc3_bsp//libhal_bsp.a(altera_nios2_qsys_irq.o)
 .debug_abbrev  0x000015ca       0x9b ../QD_enc3_bsp//libhal_bsp.a(alt_icache_flush.o)

.debug_line     0x00000000     0x1bb7
 *(.debug_line)
 .debug_line    0x00000000       0x6c ../QD_enc3_bsp//obj/HAL/src/crt0.o
 .debug_line    0x0000006c      0x19a obj/default/memtest_small.o
 .debug_line    0x00000206      0x219 /opt/altera/13.1/nios2eds/bin/gnu/H-i686-pc-linux-gnu/bin/../lib/gcc/nios2-elf/4.7.3/../../../../../H-i686-pc-linux-gnu/nios2-elf/lib/mno-hw-mul/libsmallc.a(lib_a-printf.o)
 .debug_line    0x0000041f      0x212 /opt/altera/13.1/nios2eds/bin/gnu/H-i686-pc-linux-gnu/bin/../lib/gcc/nios2-elf/4.7.3/../../../../../H-i686-pc-linux-gnu/nios2-elf/lib/mno-hw-mul/libsmallc.a(lib_a-puts.o)
 .debug_line    0x00000631      0x174 /opt/altera/13.1/nios2eds/bin/gnu/H-i686-pc-linux-gnu/bin/../lib/gcc/nios2-elf/4.7.3/../../../../../H-i686-pc-linux-gnu/nios2-elf/lib/mno-hw-mul/libsmallc.a(lib_a-strlen.o)
 .debug_line    0x000007a5      0x40e /opt/altera/13.1/nios2eds/bin/gnu/H-i686-pc-linux-gnu/bin/../lib/gcc/nios2-elf/4.7.3/../../../../../H-i686-pc-linux-gnu/nios2-elf/lib/mno-hw-mul/libsmallc.a(lib_a-vfprintf.o)
 .debug_line    0x00000bb3      0x225 /opt/altera/13.1/nios2eds/bin/gnu/H-i686-pc-linux-gnu/bin/../lib/gcc/nios2-elf/4.7.3/../../../../../H-i686-pc-linux-gnu/nios2-elf/lib/mno-hw-mul/libsmallc.a(lib_a-fvwrite_small_dev.o)
 .debug_line    0x00000dd8      0x16c /opt/altera/13.1/nios2eds/bin/gnu/H-i686-pc-linux-gnu/bin/../lib/gcc/nios2-elf/4.7.3/../../../../../H-i686-pc-linux-gnu/nios2-elf/lib/mno-hw-mul/libsmallc.a(lib_a-impure.o)
 .debug_line    0x00000f44      0x20c /opt/altera/13.1/nios2eds/bin/gnu/H-i686-pc-linux-gnu/bin/../lib/gcc/nios2-elf/4.7.3/../../../../../H-i686-pc-linux-gnu/nios2-elf/lib/mno-hw-mul/libsmallc.a(lib_a-writer.o)
 .debug_line    0x00001150       0x60 /opt/altera/13.1/nios2eds/bin/gnu/H-i686-pc-linux-gnu/bin/../lib/gcc/nios2-elf/4.7.3/../../../../../H-i686-pc-linux-gnu/nios2-elf/lib/mno-hw-mul/libsmallc.a(lib_a-int_errno.o)
 .debug_line    0x000011b0       0xd6 /opt/altera/13.1/nios2eds/bin/gnu/H-i686-pc-linux-gnu/bin/../lib/gcc/nios2-elf/4.7.3/mno-hw-mul/libgcc.a(lib2-divmod.o)
 .debug_line    0x00001286       0x80 /opt/altera/13.1/nios2eds/bin/gnu/H-i686-pc-linux-gnu/bin/../lib/gcc/nios2-elf/4.7.3/mno-hw-mul/libgcc.a(lib2-mul.o)
 .debug_line    0x00001306       0xd6 ../QD_enc3_bsp//libhal_bsp.a(alt_load.o)
 .debug_line    0x000013dc       0xbd ../QD_enc3_bsp//libhal_bsp.a(alt_main.o)
 .debug_line    0x00001499       0xf7 ../QD_enc3_bsp//libhal_bsp.a(alt_usleep.o)
 .debug_line    0x00001590      0x188 ../QD_enc3_bsp//libhal_bsp.a(alt_write.o)
 .debug_line    0x00001718      0x11a ../QD_enc3_bsp//libhal_bsp.a(alt_sys_init.o)
 .debug_line    0x00001832       0xf5 ../QD_enc3_bsp//libhal_bsp.a(altera_avalon_jtag_uart_write.o)
 .debug_line    0x00001927       0x9d ../QD_enc3_bsp//libhal_bsp.a(alt_busy_sleep.o)
 .debug_line    0x000019c4       0x4e ../QD_enc3_bsp//libhal_bsp.a(alt_dcache_flush_all.o)
 .debug_line    0x00001a12       0x51 ../QD_enc3_bsp//libhal_bsp.a(alt_errno.o)
 .debug_line    0x00001a63       0x87 ../QD_enc3_bsp//libhal_bsp.a(alt_icache_flush_all.o)
 .debug_line    0x00001aea       0x50 ../QD_enc3_bsp//libhal_bsp.a(altera_nios2_qsys_irq.o)
 .debug_line    0x00001b3a       0x7d ../QD_enc3_bsp//libhal_bsp.a(alt_icache_flush.o)

.debug_frame    0x00000000      0x398
 *(.debug_frame)
 .debug_frame   0x00000000       0x2c obj/default/memtest_small.o
 .debug_frame   0x0000002c       0x40 /opt/altera/13.1/nios2eds/bin/gnu/H-i686-pc-linux-gnu/bin/../lib/gcc/nios2-elf/4.7.3/../../../../../H-i686-pc-linux-gnu/nios2-elf/lib/mno-hw-mul/libsmallc.a(lib_a-printf.o)
 .debug_frame   0x0000006c       0x3c /opt/altera/13.1/nios2eds/bin/gnu/H-i686-pc-linux-gnu/bin/../lib/gcc/nios2-elf/4.7.3/../../../../../H-i686-pc-linux-gnu/nios2-elf/lib/mno-hw-mul/libsmallc.a(lib_a-puts.o)
 .debug_frame   0x000000a8       0x20 /opt/altera/13.1/nios2eds/bin/gnu/H-i686-pc-linux-gnu/bin/../lib/gcc/nios2-elf/4.7.3/../../../../../H-i686-pc-linux-gnu/nios2-elf/lib/mno-hw-mul/libsmallc.a(lib_a-strlen.o)
 .debug_frame   0x000000c8       0x4c /opt/altera/13.1/nios2eds/bin/gnu/H-i686-pc-linux-gnu/bin/../lib/gcc/nios2-elf/4.7.3/../../../../../H-i686-pc-linux-gnu/nios2-elf/lib/mno-hw-mul/libsmallc.a(lib_a-vfprintf.o)
 .debug_frame   0x00000114       0x30 /opt/altera/13.1/nios2eds/bin/gnu/H-i686-pc-linux-gnu/bin/../lib/gcc/nios2-elf/4.7.3/../../../../../H-i686-pc-linux-gnu/nios2-elf/lib/mno-hw-mul/libsmallc.a(lib_a-fvwrite_small_dev.o)
 .debug_frame   0x00000144       0x2c /opt/altera/13.1/nios2eds/bin/gnu/H-i686-pc-linux-gnu/bin/../lib/gcc/nios2-elf/4.7.3/../../../../../H-i686-pc-linux-gnu/nios2-elf/lib/mno-hw-mul/libsmallc.a(lib_a-writer.o)
 .debug_frame   0x00000170       0x70 /opt/altera/13.1/nios2eds/bin/gnu/H-i686-pc-linux-gnu/bin/../lib/gcc/nios2-elf/4.7.3/mno-hw-mul/libgcc.a(lib2-divmod.o)
 .debug_frame   0x000001e0       0x20 /opt/altera/13.1/nios2eds/bin/gnu/H-i686-pc-linux-gnu/bin/../lib/gcc/nios2-elf/4.7.3/mno-hw-mul/libgcc.a(lib2-mul.o)
 .debug_frame   0x00000200       0x28 ../QD_enc3_bsp//libhal_bsp.a(alt_load.o)
 .debug_frame   0x00000228       0x28 ../QD_enc3_bsp//libhal_bsp.a(alt_main.o)
 .debug_frame   0x00000250       0x20 ../QD_enc3_bsp//libhal_bsp.a(alt_usleep.o)
 .debug_frame   0x00000270       0x28 ../QD_enc3_bsp//libhal_bsp.a(alt_write.o)
 .debug_frame   0x00000298       0x38 ../QD_enc3_bsp//libhal_bsp.a(alt_sys_init.o)
 .debug_frame   0x000002d0       0x20 ../QD_enc3_bsp//libhal_bsp.a(altera_avalon_jtag_uart_write.o)
 .debug_frame   0x000002f0       0x28 ../QD_enc3_bsp//libhal_bsp.a(alt_busy_sleep.o)
 .debug_frame   0x00000318       0x20 ../QD_enc3_bsp//libhal_bsp.a(alt_dcache_flush_all.o)
 .debug_frame   0x00000338       0x20 ../QD_enc3_bsp//libhal_bsp.a(alt_icache_flush_all.o)
 .debug_frame   0x00000358       0x20 ../QD_enc3_bsp//libhal_bsp.a(altera_nios2_qsys_irq.o)
 .debug_frame   0x00000378       0x20 ../QD_enc3_bsp//libhal_bsp.a(alt_icache_flush.o)

.debug_str      0x00000000      0xef7
 *(.debug_str)
 .debug_str     0x00000000       0xe2 obj/default/memtest_small.o
                                0x125 (size before relaxing)
 .debug_str     0x000000e2      0x3dd /opt/altera/13.1/nios2eds/bin/gnu/H-i686-pc-linux-gnu/bin/../lib/gcc/nios2-elf/4.7.3/../../../../../H-i686-pc-linux-gnu/nios2-elf/lib/mno-hw-mul/libsmallc.a(lib_a-printf.o)
                                0x4b5 (size before relaxing)
 .debug_str     0x000004bf       0x4a /opt/altera/13.1/nios2eds/bin/gnu/H-i686-pc-linux-gnu/bin/../lib/gcc/nios2-elf/4.7.3/../../../../../H-i686-pc-linux-gnu/nios2-elf/lib/mno-hw-mul/libsmallc.a(lib_a-puts.o)
                                0x464 (size before relaxing)
 .debug_str     0x00000509       0xdf /opt/altera/13.1/nios2eds/bin/gnu/H-i686-pc-linux-gnu/bin/../lib/gcc/nios2-elf/4.7.3/../../../../../H-i686-pc-linux-gnu/nios2-elf/lib/mno-hw-mul/libsmallc.a(lib_a-strlen.o)
                                0x191 (size before relaxing)
 .debug_str     0x000005e8      0x196 /opt/altera/13.1/nios2eds/bin/gnu/H-i686-pc-linux-gnu/bin/../lib/gcc/nios2-elf/4.7.3/../../../../../H-i686-pc-linux-gnu/nios2-elf/lib/mno-hw-mul/libsmallc.a(lib_a-vfprintf.o)
                                0x635 (size before relaxing)
 .debug_str     0x0000077e       0x82 /opt/altera/13.1/nios2eds/bin/gnu/H-i686-pc-linux-gnu/bin/../lib/gcc/nios2-elf/4.7.3/../../../../../H-i686-pc-linux-gnu/nios2-elf/lib/mno-hw-mul/libsmallc.a(lib_a-fvwrite_small_dev.o)
                                0x490 (size before relaxing)
 .debug_str     0x00000800       0xfc /opt/altera/13.1/nios2eds/bin/gnu/H-i686-pc-linux-gnu/bin/../lib/gcc/nios2-elf/4.7.3/../../../../../H-i686-pc-linux-gnu/nios2-elf/lib/mno-hw-mul/libsmallc.a(lib_a-impure.o)
                                0x46a (size before relaxing)
 .debug_str     0x000008fc       0x3d /opt/altera/13.1/nios2eds/bin/gnu/H-i686-pc-linux-gnu/bin/../lib/gcc/nios2-elf/4.7.3/../../../../../H-i686-pc-linux-gnu/nios2-elf/lib/mno-hw-mul/libsmallc.a(lib_a-writer.o)
                                0x464 (size before relaxing)
 .debug_str     0x00000939       0x40 /opt/altera/13.1/nios2eds/bin/gnu/H-i686-pc-linux-gnu/bin/../lib/gcc/nios2-elf/4.7.3/../../../../../H-i686-pc-linux-gnu/nios2-elf/lib/mno-hw-mul/libsmallc.a(lib_a-int_errno.o)
                                0x184 (size before relaxing)
 .debug_str     0x00000979      0x113 /opt/altera/13.1/nios2eds/bin/gnu/H-i686-pc-linux-gnu/bin/../lib/gcc/nios2-elf/4.7.3/mno-hw-mul/libgcc.a(lib2-divmod.o)
                                0x16a (size before relaxing)
 .debug_str     0x00000a8c       0x40 /opt/altera/13.1/nios2eds/bin/gnu/H-i686-pc-linux-gnu/bin/../lib/gcc/nios2-elf/4.7.3/mno-hw-mul/libgcc.a(lib2-mul.o)
                                0x12b (size before relaxing)
 .debug_str     0x00000acc      0x153 ../QD_enc3_bsp//libhal_bsp.a(alt_load.o)
                                0x1f1 (size before relaxing)
 .debug_str     0x00000c1f       0x8a ../QD_enc3_bsp//libhal_bsp.a(alt_main.o)
                                0x16a (size before relaxing)
 .debug_str     0x00000ca9       0x24 ../QD_enc3_bsp//libhal_bsp.a(alt_usleep.o)
                                0x10c (size before relaxing)
 .debug_str     0x00000ccd       0x74 ../QD_enc3_bsp//libhal_bsp.a(alt_write.o)
                                0x193 (size before relaxing)
 .debug_str     0x00000d41       0xb9 ../QD_enc3_bsp//libhal_bsp.a(alt_sys_init.o)
                                0x211 (size before relaxing)
 .debug_str     0x00000dfa       0x2c ../QD_enc3_bsp//libhal_bsp.a(altera_avalon_jtag_uart_write.o)
                                0x1ca (size before relaxing)
 .debug_str     0x00000e26       0x33 ../QD_enc3_bsp//libhal_bsp.a(alt_busy_sleep.o)
                                0x120 (size before relaxing)
 .debug_str     0x00000e59       0x1f ../QD_enc3_bsp//libhal_bsp.a(alt_dcache_flush_all.o)
                                0x10a (size before relaxing)
 .debug_str     0x00000e78       0x14 ../QD_enc3_bsp//libhal_bsp.a(alt_errno.o)
                                 0xfa (size before relaxing)
 .debug_str     0x00000e8c       0x30 ../QD_enc3_bsp//libhal_bsp.a(alt_icache_flush_all.o)
                                0x123 (size before relaxing)
 .debug_str     0x00000ebc       0x20 ../QD_enc3_bsp//libhal_bsp.a(altera_nios2_qsys_irq.o)
                                0x111 (size before relaxing)
 .debug_str     0x00000edc       0x1b ../QD_enc3_bsp//libhal_bsp.a(alt_icache_flush.o)
                                0x110 (size before relaxing)

.debug_loc      0x00000000     0x1837
 *(.debug_loc)
 .debug_loc     0x00000000       0x46 obj/default/memtest_small.o
 .debug_loc     0x00000046      0x125 /opt/altera/13.1/nios2eds/bin/gnu/H-i686-pc-linux-gnu/bin/../lib/gcc/nios2-elf/4.7.3/../../../../../H-i686-pc-linux-gnu/nios2-elf/lib/mno-hw-mul/libsmallc.a(lib_a-printf.o)
 .debug_loc     0x0000016b       0xb7 /opt/altera/13.1/nios2eds/bin/gnu/H-i686-pc-linux-gnu/bin/../lib/gcc/nios2-elf/4.7.3/../../../../../H-i686-pc-linux-gnu/nios2-elf/lib/mno-hw-mul/libsmallc.a(lib_a-puts.o)
 .debug_loc     0x00000222       0x29 /opt/altera/13.1/nios2eds/bin/gnu/H-i686-pc-linux-gnu/bin/../lib/gcc/nios2-elf/4.7.3/../../../../../H-i686-pc-linux-gnu/nios2-elf/lib/mno-hw-mul/libsmallc.a(lib_a-strlen.o)
 .debug_loc     0x0000024b      0xc9d /opt/altera/13.1/nios2eds/bin/gnu/H-i686-pc-linux-gnu/bin/../lib/gcc/nios2-elf/4.7.3/../../../../../H-i686-pc-linux-gnu/nios2-elf/lib/mno-hw-mul/libsmallc.a(lib_a-vfprintf.o)
 .debug_loc     0x00000ee8      0x19e /opt/altera/13.1/nios2eds/bin/gnu/H-i686-pc-linux-gnu/bin/../lib/gcc/nios2-elf/4.7.3/../../../../../H-i686-pc-linux-gnu/nios2-elf/lib/mno-hw-mul/libsmallc.a(lib_a-fvwrite_small_dev.o)
 .debug_loc     0x00001086       0xde /opt/altera/13.1/nios2eds/bin/gnu/H-i686-pc-linux-gnu/bin/../lib/gcc/nios2-elf/4.7.3/../../../../../H-i686-pc-linux-gnu/nios2-elf/lib/mno-hw-mul/libsmallc.a(lib_a-writer.o)
 .debug_loc     0x00001164      0x338 /opt/altera/13.1/nios2eds/bin/gnu/H-i686-pc-linux-gnu/bin/../lib/gcc/nios2-elf/4.7.3/mno-hw-mul/libgcc.a(lib2-divmod.o)
 .debug_loc     0x0000149c       0x93 /opt/altera/13.1/nios2eds/bin/gnu/H-i686-pc-linux-gnu/bin/../lib/gcc/nios2-elf/4.7.3/mno-hw-mul/libgcc.a(lib2-mul.o)
 .debug_loc     0x0000152f       0x20 ../QD_enc3_bsp//libhal_bsp.a(alt_load.o)
 .debug_loc     0x0000154f       0x20 ../QD_enc3_bsp//libhal_bsp.a(alt_main.o)
 .debug_loc     0x0000156f       0x21 ../QD_enc3_bsp//libhal_bsp.a(alt_usleep.o)
 .debug_loc     0x00001590      0x119 ../QD_enc3_bsp//libhal_bsp.a(alt_write.o)
 .debug_loc     0x000016a9       0x41 ../QD_enc3_bsp//libhal_bsp.a(alt_sys_init.o)
 .debug_loc     0x000016ea       0x7e ../QD_enc3_bsp//libhal_bsp.a(altera_avalon_jtag_uart_write.o)
 .debug_loc     0x00001768       0x7d ../QD_enc3_bsp//libhal_bsp.a(alt_busy_sleep.o)
 .debug_loc     0x000017e5       0x52 ../QD_enc3_bsp//libhal_bsp.a(alt_icache_flush.o)

.debug_macinfo
 *(.debug_macinfo)

.debug_weaknames
 *(.debug_weaknames)

.debug_funcnames
 *(.debug_funcnames)

.debug_typenames
 *(.debug_typenames)

.debug_varnames
 *(.debug_varnames)

.debug_alt_sim_info
                0x00000000       0x50
 *(.debug_alt_sim_info)
 .debug_alt_sim_info
                0x00000000       0x20 ../QD_enc3_bsp//obj/HAL/src/crt0.o
 .debug_alt_sim_info
                0x00000020       0x30 ../QD_enc3_bsp//libhal_bsp.a(alt_busy_sleep.o)
                0x0000d000                __alt_data_end = 0xd000
                0x0000d000                PROVIDE (__alt_stack_pointer, __alt_data_end)
                0x000090f4                PROVIDE (__alt_stack_limit, __alt_stack_base)
                0x000090f4                PROVIDE (__alt_heap_start, end)
                0x0000d000                PROVIDE (__alt_heap_limit, 0xd000)
OUTPUT(QD_enc3.elf elf32-littlenios2)

.debug_ranges   0x00000000      0x218
 .debug_ranges  0x00000000       0x20 ../QD_enc3_bsp//obj/HAL/src/crt0.o
 .debug_ranges  0x00000020       0x10 obj/default/memtest_small.o
 .debug_ranges  0x00000030      0x188 /opt/altera/13.1/nios2eds/bin/gnu/H-i686-pc-linux-gnu/bin/../lib/gcc/nios2-elf/4.7.3/../../../../../H-i686-pc-linux-gnu/nios2-elf/lib/mno-hw-mul/libsmallc.a(lib_a-vfprintf.o)
 .debug_ranges  0x000001b8       0x18 /opt/altera/13.1/nios2eds/bin/gnu/H-i686-pc-linux-gnu/bin/../lib/gcc/nios2-elf/4.7.3/../../../../../H-i686-pc-linux-gnu/nios2-elf/lib/mno-hw-mul/libsmallc.a(lib_a-fvwrite_small_dev.o)
 .debug_ranges  0x000001d0       0x48 ../QD_enc3_bsp//libhal_bsp.a(alt_load.o)
