Archive member included because of file (symbol)

/opt/altera/13.1/nios2eds/bin/gnu/H-i686-pc-linux-gnu/bin/../lib/gcc/nios2-elf/4.7.3/../../../../../H-i686-pc-linux-gnu/nios2-elf/lib/mno-hw-mul/libsmallc.a(lib_a-puts.o)
                              obj/default/hello_world.o (puts)
/opt/altera/13.1/nios2eds/bin/gnu/H-i686-pc-linux-gnu/bin/../lib/gcc/nios2-elf/4.7.3/../../../../../H-i686-pc-linux-gnu/nios2-elf/lib/mno-hw-mul/libsmallc.a(lib_a-strlen.o)
                              /opt/altera/13.1/nios2eds/bin/gnu/H-i686-pc-linux-gnu/bin/../lib/gcc/nios2-elf/4.7.3/../../../../../H-i686-pc-linux-gnu/nios2-elf/lib/mno-hw-mul/libsmallc.a(lib_a-puts.o) (strlen)
/opt/altera/13.1/nios2eds/bin/gnu/H-i686-pc-linux-gnu/bin/../lib/gcc/nios2-elf/4.7.3/../../../../../H-i686-pc-linux-gnu/nios2-elf/lib/mno-hw-mul/libsmallc.a(lib_a-fvwrite_small_dev.o)
                              /opt/altera/13.1/nios2eds/bin/gnu/H-i686-pc-linux-gnu/bin/../lib/gcc/nios2-elf/4.7.3/../../../../../H-i686-pc-linux-gnu/nios2-elf/lib/mno-hw-mul/libsmallc.a(lib_a-puts.o) (__sfvwrite_small_dev)
/opt/altera/13.1/nios2eds/bin/gnu/H-i686-pc-linux-gnu/bin/../lib/gcc/nios2-elf/4.7.3/../../../../../H-i686-pc-linux-gnu/nios2-elf/lib/mno-hw-mul/libsmallc.a(lib_a-impure.o)
                              /opt/altera/13.1/nios2eds/bin/gnu/H-i686-pc-linux-gnu/bin/../lib/gcc/nios2-elf/4.7.3/../../../../../H-i686-pc-linux-gnu/nios2-elf/lib/mno-hw-mul/libsmallc.a(lib_a-puts.o) (_impure_ptr)
/opt/altera/13.1/nios2eds/bin/gnu/H-i686-pc-linux-gnu/bin/../lib/gcc/nios2-elf/4.7.3/../../../../../H-i686-pc-linux-gnu/nios2-elf/lib/mno-hw-mul/libsmallc.a(lib_a-writer.o)
                              /opt/altera/13.1/nios2eds/bin/gnu/H-i686-pc-linux-gnu/bin/../lib/gcc/nios2-elf/4.7.3/../../../../../H-i686-pc-linux-gnu/nios2-elf/lib/mno-hw-mul/libsmallc.a(lib_a-fvwrite_small_dev.o) (_write_r)
/opt/altera/13.1/nios2eds/bin/gnu/H-i686-pc-linux-gnu/bin/../lib/gcc/nios2-elf/4.7.3/../../../../../H-i686-pc-linux-gnu/nios2-elf/lib/mno-hw-mul/libsmallc.a(lib_a-int_errno.o)
                              /opt/altera/13.1/nios2eds/bin/gnu/H-i686-pc-linux-gnu/bin/../lib/gcc/nios2-elf/4.7.3/../../../../../H-i686-pc-linux-gnu/nios2-elf/lib/mno-hw-mul/libsmallc.a(lib_a-writer.o) (errno)
../ComsTest_bsp//libhal_bsp.a(alt_load.o)
                              ../ComsTest_bsp//obj/HAL/src/crt0.o (alt_load)
../ComsTest_bsp//libhal_bsp.a(alt_main.o)
                              ../ComsTest_bsp//obj/HAL/src/crt0.o (alt_main)
../ComsTest_bsp//libhal_bsp.a(alt_usleep.o)
                              obj/default/hello_world.o (usleep)
../ComsTest_bsp//libhal_bsp.a(alt_write.o)
                              /opt/altera/13.1/nios2eds/bin/gnu/H-i686-pc-linux-gnu/bin/../lib/gcc/nios2-elf/4.7.3/../../../../../H-i686-pc-linux-gnu/nios2-elf/lib/mno-hw-mul/libsmallc.a(lib_a-writer.o) (write)
../ComsTest_bsp//libhal_bsp.a(alt_sys_init.o)
                              ../ComsTest_bsp//libhal_bsp.a(alt_main.o) (alt_irq_init)
../ComsTest_bsp//libhal_bsp.a(altera_avalon_jtag_uart_fd.o)
                              ../ComsTest_bsp//libhal_bsp.a(alt_sys_init.o) (altera_avalon_jtag_uart_read_fd)
../ComsTest_bsp//libhal_bsp.a(altera_avalon_jtag_uart_read.o)
                              ../ComsTest_bsp//libhal_bsp.a(altera_avalon_jtag_uart_fd.o) (altera_avalon_jtag_uart_read)
../ComsTest_bsp//libhal_bsp.a(altera_avalon_jtag_uart_write.o)
                              ../ComsTest_bsp//libhal_bsp.a(altera_avalon_jtag_uart_fd.o) (altera_avalon_jtag_uart_write)
../ComsTest_bsp//libhal_bsp.a(altera_avalon_timer_sc.o)
                              ../ComsTest_bsp//libhal_bsp.a(alt_sys_init.o) (alt_avalon_timer_sc_init)
../ComsTest_bsp//libhal_bsp.a(alt_busy_sleep.o)
                              ../ComsTest_bsp//libhal_bsp.a(alt_usleep.o) (alt_busy_sleep)
../ComsTest_bsp//libhal_bsp.a(alt_close.o)
                              ../ComsTest_bsp//libhal_bsp.a(alt_main.o) (close)
../ComsTest_bsp//libhal_bsp.a(alt_dcache_flush_all.o)
                              ../ComsTest_bsp//libhal_bsp.a(alt_load.o) (alt_dcache_flush_all)
../ComsTest_bsp//libhal_bsp.a(alt_dev.o)
                              ../ComsTest_bsp//libhal_bsp.a(alt_sys_init.o) (alt_dev_list)
../ComsTest_bsp//libhal_bsp.a(alt_dev_llist_insert.o)
                              ../ComsTest_bsp//libhal_bsp.a(alt_sys_init.o) (alt_dev_llist_insert)
../ComsTest_bsp//libhal_bsp.a(alt_errno.o)
                              ../ComsTest_bsp//libhal_bsp.a(alt_write.o) (alt_errno)
../ComsTest_bsp//libhal_bsp.a(alt_icache_flush_all.o)
                              ../ComsTest_bsp//libhal_bsp.a(alt_load.o) (alt_icache_flush_all)
../ComsTest_bsp//libhal_bsp.a(alt_iic.o)
                              ../ComsTest_bsp//libhal_bsp.a(altera_avalon_timer_sc.o) (alt_ic_isr_register)
../ComsTest_bsp//libhal_bsp.a(alt_iic_isr_register.o)
                              ../ComsTest_bsp//libhal_bsp.a(alt_iic.o) (alt_iic_isr_register)
../ComsTest_bsp//libhal_bsp.a(alt_io_redirect.o)
                              ../ComsTest_bsp//libhal_bsp.a(alt_main.o) (alt_io_redirect)
../ComsTest_bsp//libhal_bsp.a(alt_irq_entry.o)
                              ../ComsTest_bsp//libhal_bsp.a(alt_iic_isr_register.o) (alt_irq_entry)
../ComsTest_bsp//libhal_bsp.a(alt_irq_handler.o)
                              ../ComsTest_bsp//libhal_bsp.a(alt_iic_isr_register.o) (alt_irq)
../ComsTest_bsp//libhal_bsp.a(alt_irq_vars.o)
                              ../ComsTest_bsp//libhal_bsp.a(alt_iic.o) (alt_irq_active)
../ComsTest_bsp//libhal_bsp.a(alt_open.o)
                              ../ComsTest_bsp//libhal_bsp.a(alt_io_redirect.o) (open)
../ComsTest_bsp//libhal_bsp.a(alt_release_fd.o)
                              ../ComsTest_bsp//libhal_bsp.a(alt_close.o) (alt_release_fd)
../ComsTest_bsp//libhal_bsp.a(alt_tick.o)
                              ../ComsTest_bsp//libhal_bsp.a(altera_avalon_timer_sc.o) (_alt_tick_rate)
../ComsTest_bsp//libhal_bsp.a(altera_nios2_qsys_irq.o)
                              ../ComsTest_bsp//libhal_bsp.a(alt_sys_init.o) (altera_nios2_qsys_irq_init)
../ComsTest_bsp//libhal_bsp.a(alt_exception_entry.o)
                              ../ComsTest_bsp//libhal_bsp.a(alt_irq_entry.o) (alt_exception)
../ComsTest_bsp//libhal_bsp.a(alt_find_dev.o)
                              ../ComsTest_bsp//libhal_bsp.a(alt_open.o) (alt_find_dev)
../ComsTest_bsp//libhal_bsp.a(alt_find_file.o)
                              ../ComsTest_bsp//libhal_bsp.a(alt_open.o) (alt_find_file)
../ComsTest_bsp//libhal_bsp.a(alt_get_fd.o)
                              ../ComsTest_bsp//libhal_bsp.a(alt_open.o) (alt_get_fd)
../ComsTest_bsp//libhal_bsp.a(alt_icache_flush.o)
                              ../ComsTest_bsp//libhal_bsp.a(alt_icache_flush_all.o) (alt_icache_flush)
/opt/altera/13.1/nios2eds/bin/gnu/H-i686-pc-linux-gnu/bin/../lib/gcc/nios2-elf/4.7.3/../../../../../H-i686-pc-linux-gnu/nios2-elf/lib/mno-hw-mul/libsmallc.a(lib_a-exit.o)
                              ../ComsTest_bsp//libhal_bsp.a(alt_main.o) (exit)
/opt/altera/13.1/nios2eds/bin/gnu/H-i686-pc-linux-gnu/bin/../lib/gcc/nios2-elf/4.7.3/../../../../../H-i686-pc-linux-gnu/nios2-elf/lib/mno-hw-mul/libsmallc.a(lib_a-memcmp.o)
                              ../ComsTest_bsp//libhal_bsp.a(alt_find_dev.o) (memcmp)
/opt/altera/13.1/nios2eds/bin/gnu/H-i686-pc-linux-gnu/bin/../lib/gcc/nios2-elf/4.7.3/../../../../../H-i686-pc-linux-gnu/nios2-elf/lib/mno-hw-mul/libsmallc.a(lib_a-__call_atexit.o)
                              /opt/altera/13.1/nios2eds/bin/gnu/H-i686-pc-linux-gnu/bin/../lib/gcc/nios2-elf/4.7.3/../../../../../H-i686-pc-linux-gnu/nios2-elf/lib/mno-hw-mul/libsmallc.a(lib_a-exit.o) (__call_exitprocs)
/opt/altera/13.1/nios2eds/bin/gnu/H-i686-pc-linux-gnu/bin/../lib/gcc/nios2-elf/4.7.3/mno-hw-mul/libgcc.a(lib2-divmod.o)
                              ../ComsTest_bsp//libhal_bsp.a(alt_busy_sleep.o) (__udivsi3)
/opt/altera/13.1/nios2eds/bin/gnu/H-i686-pc-linux-gnu/bin/../lib/gcc/nios2-elf/4.7.3/mno-hw-mul/libgcc.a(lib2-mul.o)
                              ../ComsTest_bsp//libhal_bsp.a(alt_write.o) (__mulsi3)
../ComsTest_bsp//libhal_bsp.a(alt_exit.o)
                              /opt/altera/13.1/nios2eds/bin/gnu/H-i686-pc-linux-gnu/bin/../lib/gcc/nios2-elf/4.7.3/../../../../../H-i686-pc-linux-gnu/nios2-elf/lib/mno-hw-mul/libsmallc.a(lib_a-exit.o) (_exit)

Allocating common symbols
Common symbol       size              file

alt_irq             0x100             ../ComsTest_bsp//libhal_bsp.a(alt_irq_handler.o)
errno               0x4               /opt/altera/13.1/nios2eds/bin/gnu/H-i686-pc-linux-gnu/bin/../lib/gcc/nios2-elf/4.7.3/../../../../../H-i686-pc-linux-gnu/nios2-elf/lib/mno-hw-mul/libsmallc.a(lib_a-int_errno.o)

Memory Configuration

Name             Origin             Length             Attributes
reset            0x00008000         0x00000020
onchip_mem       0x00008020         0x00004fe0
*default*        0x00000000         0xffffffff

Linker script and memory map

LOAD ../ComsTest_bsp//obj/HAL/src/crt0.o
LOAD obj/default/hello_world.o
LOAD /opt/altera/13.1/nios2eds/bin/gnu/H-i686-pc-linux-gnu/bin/../lib/gcc/nios2-elf/4.7.3/../../../../../H-i686-pc-linux-gnu/nios2-elf/lib/mno-hw-mul/libstdc++.a
LOAD /opt/altera/13.1/nios2eds/bin/gnu/H-i686-pc-linux-gnu/bin/../lib/gcc/nios2-elf/4.7.3/../../../../../H-i686-pc-linux-gnu/nios2-elf/lib/mno-hw-mul/libm.a
LOAD /opt/altera/13.1/nios2eds/bin/gnu/H-i686-pc-linux-gnu/bin/../lib/gcc/nios2-elf/4.7.3/mno-hw-mul/libgcc.a
START GROUP
LOAD /opt/altera/13.1/nios2eds/bin/gnu/H-i686-pc-linux-gnu/bin/../lib/gcc/nios2-elf/4.7.3/../../../../../H-i686-pc-linux-gnu/nios2-elf/lib/mno-hw-mul/libsmallc.a
LOAD /opt/altera/13.1/nios2eds/bin/gnu/H-i686-pc-linux-gnu/bin/../lib/gcc/nios2-elf/4.7.3/mno-hw-mul/libgcc.a
LOAD ../ComsTest_bsp//libhal_bsp.a
END GROUP
LOAD /opt/altera/13.1/nios2eds/bin/gnu/H-i686-pc-linux-gnu/bin/../lib/gcc/nios2-elf/4.7.3/mno-hw-mul/libgcc.a
                0x00008000                __alt_mem_onchip_mem = 0x8000

.entry          0x00008000       0x20
 *(.entry)
 .entry         0x00008000       0x20 ../ComsTest_bsp//obj/HAL/src/crt0.o
                0x00008000                __reset

.exceptions     0x00008020      0x198
                0x00008020                PROVIDE (__ram_exceptions_start, ABSOLUTE (.))
                0x00008020                . = ALIGN (0x20)
 *(.irq)
 *(.exceptions.entry.label)
 .exceptions.entry.label
                0x00008020        0x0 ../ComsTest_bsp//libhal_bsp.a(alt_irq_entry.o)
                0x00008020                alt_irq_entry
 .exceptions.entry.label
                0x00008020        0x0 ../ComsTest_bsp//libhal_bsp.a(alt_exception_entry.o)
                0x00008020                alt_exception
 *(.exceptions.entry.user)
 *(.exceptions.entry.ecc_fatal)
 *(.exceptions.entry)
 .exceptions.entry
                0x00008020       0x54 ../ComsTest_bsp//libhal_bsp.a(alt_exception_entry.o)
 *(.exceptions.irqtest.user)
 *(.exceptions.irqtest)
 .exceptions.irqtest
                0x00008074       0x10 ../ComsTest_bsp//libhal_bsp.a(alt_irq_entry.o)
 *(.exceptions.irqhandler.user)
 *(.exceptions.irqhandler)
 .exceptions.irqhandler
                0x00008084        0x4 ../ComsTest_bsp//libhal_bsp.a(alt_irq_entry.o)
 *(.exceptions.irqreturn.user)
 *(.exceptions.irqreturn)
 .exceptions.irqreturn
                0x00008088        0x4 ../ComsTest_bsp//libhal_bsp.a(alt_irq_entry.o)
 *(.exceptions.notirq.label)
 .exceptions.notirq.label
                0x0000808c        0x0 ../ComsTest_bsp//libhal_bsp.a(alt_irq_entry.o)
 *(.exceptions.notirq.user)
 *(.exceptions.notirq)
 .exceptions.notirq
                0x0000808c        0x8 ../ComsTest_bsp//libhal_bsp.a(alt_exception_entry.o)
 *(.exceptions.soft.user)
 *(.exceptions.soft)
 *(.exceptions.unknown.user)
 *(.exceptions.unknown)
 .exceptions.unknown
                0x00008094        0x4 ../ComsTest_bsp//libhal_bsp.a(alt_exception_entry.o)
 *(.exceptions.exit.label)
 .exceptions.exit.label
                0x00008098        0x0 ../ComsTest_bsp//libhal_bsp.a(alt_irq_entry.o)
 .exceptions.exit.label
                0x00008098        0x0 ../ComsTest_bsp//libhal_bsp.a(alt_exception_entry.o)
 *(.exceptions.exit.user)
 *(.exceptions.exit)
 .exceptions.exit
                0x00008098       0x54 ../ComsTest_bsp//libhal_bsp.a(alt_exception_entry.o)
 *(.exceptions)
 .exceptions    0x000080ec       0xcc ../ComsTest_bsp//libhal_bsp.a(alt_irq_handler.o)
                0x000080ec                alt_irq_handler
                0x000081b8                PROVIDE (__ram_exceptions_end, ABSOLUTE (.))
                0x00008020                PROVIDE (__flash_exceptions_start, LOADADDR (.exceptions))

.text           0x000081b8     0x1cd8
                0x000081b8                PROVIDE (stext, ABSOLUTE (.))
 *(.interp)
 *(.hash)
 *(.dynsym)
 *(.dynstr)
 *(.gnu.version)
 *(.gnu.version_d)
 *(.gnu.version_r)
 *(.rel.init)
 *(.rela.init)
 *(.rel.text .rel.text.* .rel.gnu.linkonce.t.*)
 *(.rela.text .rela.text.* .rela.gnu.linkonce.t.*)
 *(.rel.fini)
 *(.rela.fini)
 *(.rel.rodata .rel.rodata.* .rel.gnu.linkonce.r.*)
 *(.rela.rodata .rela.rodata.* .rela.gnu.linkonce.r.*)
 *(.rel.data .rel.data.* .rel.gnu.linkonce.d.*)
 *(.rela.data .rela.data.* .rela.gnu.linkonce.d.*)
 *(.rel.tdata .rel.tdata.* .rel.gnu.linkonce.td.*)
 *(.rela.tdata .rela.tdata.* .rela.gnu.linkonce.td.*)
 *(.rel.tbss .rel.tbss.* .rel.gnu.linkonce.tb.*)
 *(.rela.tbss .rela.tbss.* .rela.gnu.linkonce.tb.*)
 *(.rel.ctors)
 *(.rela.ctors)
 *(.rel.dtors)
 *(.rela.dtors)
 *(.rel.got)
 *(.rela.got)
 *(.rel.sdata .rel.sdata.* .rel.gnu.linkonce.s.*)
 *(.rela.sdata .rela.sdata.* .rela.gnu.linkonce.s.*)
 *(.rel.sbss .rel.sbss.* .rel.gnu.linkonce.sb.*)
 *(.rela.sbss .rela.sbss.* .rela.gnu.linkonce.sb.*)
 *(.rel.sdata2 .rel.sdata2.* .rel.gnu.linkonce.s2.*)
 *(.rela.sdata2 .rela.sdata2.* .rela.gnu.linkonce.s2.*)
 *(.rel.sbss2 .rel.sbss2.* .rel.gnu.linkonce.sb2.*)
 *(.rela.sbss2 .rela.sbss2.* .rela.gnu.linkonce.sb2.*)
 *(.rel.bss .rel.bss.* .rel.gnu.linkonce.b.*)
 *(.rela.bss .rela.bss.* .rela.gnu.linkonce.b.*)
 *(.rel.plt)
 *(.rela.plt)
 *(.rel.dyn)
 *(.init)
 *(.plt)
 *(.text .stub .text.* .gnu.linkonce.t.*)
 .text          0x000081b8       0x3c ../ComsTest_bsp//obj/HAL/src/crt0.o
                0x000081b8                _start
 .text          0x000081f4       0x2c obj/default/hello_world.o
                0x000081f4                main
 .text          0x00008220       0x94 /opt/altera/13.1/nios2eds/bin/gnu/H-i686-pc-linux-gnu/bin/../lib/gcc/nios2-elf/4.7.3/../../../../../H-i686-pc-linux-gnu/nios2-elf/lib/mno-hw-mul/libsmallc.a(lib_a-puts.o)
                0x00008220                _puts_r
                0x000082a0                puts
 .text          0x000082b4       0x28 /opt/altera/13.1/nios2eds/bin/gnu/H-i686-pc-linux-gnu/bin/../lib/gcc/nios2-elf/4.7.3/../../../../../H-i686-pc-linux-gnu/nios2-elf/lib/mno-hw-mul/libsmallc.a(lib_a-strlen.o)
                0x000082b4                strlen
 .text          0x000082dc       0xe0 /opt/altera/13.1/nios2eds/bin/gnu/H-i686-pc-linux-gnu/bin/../lib/gcc/nios2-elf/4.7.3/../../../../../H-i686-pc-linux-gnu/nios2-elf/lib/mno-hw-mul/libsmallc.a(lib_a-fvwrite_small_dev.o)
                0x000082dc                __sfvwrite_small_dev
 .text          0x000083bc        0x0 /opt/altera/13.1/nios2eds/bin/gnu/H-i686-pc-linux-gnu/bin/../lib/gcc/nios2-elf/4.7.3/../../../../../H-i686-pc-linux-gnu/nios2-elf/lib/mno-hw-mul/libsmallc.a(lib_a-impure.o)
 .text          0x000083bc       0x6c /opt/altera/13.1/nios2eds/bin/gnu/H-i686-pc-linux-gnu/bin/../lib/gcc/nios2-elf/4.7.3/../../../../../H-i686-pc-linux-gnu/nios2-elf/lib/mno-hw-mul/libsmallc.a(lib_a-writer.o)
                0x000083bc                _write_r
 .text          0x00008428        0x0 /opt/altera/13.1/nios2eds/bin/gnu/H-i686-pc-linux-gnu/bin/../lib/gcc/nios2-elf/4.7.3/../../../../../H-i686-pc-linux-gnu/nios2-elf/lib/mno-hw-mul/libsmallc.a(lib_a-int_errno.o)
 .text          0x00008428       0xec ../ComsTest_bsp//libhal_bsp.a(alt_load.o)
                0x00008494                alt_load
 .text          0x00008514       0x68 ../ComsTest_bsp//libhal_bsp.a(alt_main.o)
                0x00008514                alt_main
 .text          0x0000857c       0x30 ../ComsTest_bsp//libhal_bsp.a(alt_usleep.o)
                0x0000857c                usleep
 .text          0x000085ac      0x140 ../ComsTest_bsp//libhal_bsp.a(alt_write.o)
                0x000085fc                write
 .text          0x000086ec       0xb8 ../ComsTest_bsp//libhal_bsp.a(alt_sys_init.o)
                0x00008724                alt_irq_init
                0x00008758                alt_sys_init
 .text          0x000087a4       0xc0 ../ComsTest_bsp//libhal_bsp.a(altera_avalon_jtag_uart_fd.o)
                0x000087a4                altera_avalon_jtag_uart_read_fd
                0x00008804                altera_avalon_jtag_uart_write_fd
 .text          0x00008864       0xf4 ../ComsTest_bsp//libhal_bsp.a(altera_avalon_jtag_uart_read.o)
                0x00008864                altera_avalon_jtag_uart_read
 .text          0x00008958       0x98 ../ComsTest_bsp//libhal_bsp.a(altera_avalon_jtag_uart_write.o)
                0x00008958                altera_avalon_jtag_uart_write
 .text          0x000089f0       0xfc ../ComsTest_bsp//libhal_bsp.a(altera_avalon_timer_sc.o)
                0x00008a64                alt_avalon_timer_sc_init
 .text          0x00008aec      0x154 ../ComsTest_bsp//libhal_bsp.a(alt_busy_sleep.o)
                0x00008aec                alt_busy_sleep
 .text          0x00008c40      0x11c ../ComsTest_bsp//libhal_bsp.a(alt_close.o)
                0x00008c90                close
 .text          0x00008d5c       0x1c ../ComsTest_bsp//libhal_bsp.a(alt_dcache_flush_all.o)
                0x00008d5c                alt_dcache_flush_all
 .text          0x00008d78       0x2c ../ComsTest_bsp//libhal_bsp.a(alt_dev.o)
 .text          0x00008da4       0xf0 ../ComsTest_bsp//libhal_bsp.a(alt_dev_llist_insert.o)
                0x00008df4                alt_dev_llist_insert
 .text          0x00008e94        0x0 ../ComsTest_bsp//libhal_bsp.a(alt_errno.o)
 .text          0x00008e94       0x30 ../ComsTest_bsp//libhal_bsp.a(alt_icache_flush_all.o)
                0x00008e94                alt_icache_flush_all
 .text          0x00008ec4      0x1d8 ../ComsTest_bsp//libhal_bsp.a(alt_iic.o)
                0x00008ec4                alt_ic_isr_register
                0x00008f14                alt_ic_irq_enable
                0x00008fb0                alt_ic_irq_disable
                0x00009050                alt_ic_irq_enabled
 .text          0x0000909c       0xf0 ../ComsTest_bsp//libhal_bsp.a(alt_iic_isr_register.o)
                0x0000909c                alt_iic_isr_register
 .text          0x0000918c      0x158 ../ComsTest_bsp//libhal_bsp.a(alt_io_redirect.o)
                0x0000926c                alt_io_redirect
 .text          0x000092e4        0x0 ../ComsTest_bsp//libhal_bsp.a(alt_irq_entry.o)
 .text          0x000092e4        0x0 ../ComsTest_bsp//libhal_bsp.a(alt_irq_handler.o)
 .text          0x000092e4        0x0 ../ComsTest_bsp//libhal_bsp.a(alt_irq_vars.o)
 .text          0x000092e4      0x298 ../ComsTest_bsp//libhal_bsp.a(alt_open.o)
                0x00009424                open
 .text          0x0000957c       0x80 ../ComsTest_bsp//libhal_bsp.a(alt_release_fd.o)
                0x0000957c                alt_release_fd
 .text          0x000095fc      0x19c ../ComsTest_bsp//libhal_bsp.a(alt_tick.o)
                0x000095fc                alt_alarm_stop
                0x00009694                alt_tick
 .text          0x00009798       0x20 ../ComsTest_bsp//libhal_bsp.a(altera_nios2_qsys_irq.o)
                0x00009798                altera_nios2_qsys_irq_init
 .text          0x000097b8        0x0 ../ComsTest_bsp//libhal_bsp.a(alt_exception_entry.o)
 .text          0x000097b8       0x90 ../ComsTest_bsp//libhal_bsp.a(alt_find_dev.o)
                0x000097b8                alt_find_dev
 .text          0x00009848      0x114 ../ComsTest_bsp//libhal_bsp.a(alt_find_file.o)
                0x00009848                alt_find_file
 .text          0x0000995c       0xd4 ../ComsTest_bsp//libhal_bsp.a(alt_get_fd.o)
                0x0000995c                alt_get_fd
 .text          0x00009a30       0x8c ../ComsTest_bsp//libhal_bsp.a(alt_icache_flush.o)
                0x00009a30                alt_icache_flush
 .text          0x00009abc       0x20 /opt/altera/13.1/nios2eds/bin/gnu/H-i686-pc-linux-gnu/bin/../lib/gcc/nios2-elf/4.7.3/../../../../../H-i686-pc-linux-gnu/nios2-elf/lib/mno-hw-mul/libsmallc.a(lib_a-exit.o)
                0x00009abc                exit
 .text          0x00009adc       0x48 /opt/altera/13.1/nios2eds/bin/gnu/H-i686-pc-linux-gnu/bin/../lib/gcc/nios2-elf/4.7.3/../../../../../H-i686-pc-linux-gnu/nios2-elf/lib/mno-hw-mul/libsmallc.a(lib_a-memcmp.o)
                0x00009adc                memcmp
 .text          0x00009b24      0x1d8 /opt/altera/13.1/nios2eds/bin/gnu/H-i686-pc-linux-gnu/bin/../lib/gcc/nios2-elf/4.7.3/../../../../../H-i686-pc-linux-gnu/nios2-elf/lib/mno-hw-mul/libsmallc.a(lib_a-__call_atexit.o)
                0x00009b24                __call_exitprocs
 .text          0x00009cfc      0x130 /opt/altera/13.1/nios2eds/bin/gnu/H-i686-pc-linux-gnu/bin/../lib/gcc/nios2-elf/4.7.3/mno-hw-mul/libgcc.a(lib2-divmod.o)
                0x00009d70                __divsi3
                0x00009dc0                __modsi3
                0x00009e1c                __udivsi3
                0x00009e24                __umodsi3
 .text          0x00009e2c       0x28 /opt/altera/13.1/nios2eds/bin/gnu/H-i686-pc-linux-gnu/bin/../lib/gcc/nios2-elf/4.7.3/mno-hw-mul/libgcc.a(lib2-mul.o)
                0x00009e2c                __mulsi3
 .text          0x00009e54       0x3c ../ComsTest_bsp//libhal_bsp.a(alt_exit.o)
                0x00009e54                _exit
 *(.gnu.warning.*)
 *(.fini)
                0x00009e90                PROVIDE (__etext, ABSOLUTE (.))
                0x00009e90                PROVIDE (_etext, ABSOLUTE (.))
                0x00009e90                PROVIDE (etext, ABSOLUTE (.))
 *(.eh_frame_hdr)
                0x00009e90                . = ALIGN (0x4)
                0x00009e90                PROVIDE (__preinit_array_start, ABSOLUTE (.))
 *(.preinit_array)
                0x00009e90                PROVIDE (__preinit_array_end, ABSOLUTE (.))
                0x00009e90                PROVIDE (__init_array_start, ABSOLUTE (.))
 *(.init_array)
                0x00009e90                PROVIDE (__init_array_end, ABSOLUTE (.))
                0x00009e90                PROVIDE (__fini_array_start, ABSOLUTE (.))
 *(.fini_array)
                0x00009e90                PROVIDE (__fini_array_end, ABSOLUTE (.))
 *(.eh_frame)
 *(.gcc_except_table .gcc_except_table.*)
 *(.dynamic)
                0x00009e90                PROVIDE (__CTOR_LIST__, ABSOLUTE (.))
 *(.ctors)
 *(SORT(.ctors.*))
                0x00009e90                PROVIDE (__CTOR_END__, ABSOLUTE (.))
                0x00009e90                PROVIDE (__DTOR_LIST__, ABSOLUTE (.))
 *(.dtors)
 *(SORT(.dtors.*))
                0x00009e90                PROVIDE (__DTOR_END__, ABSOLUTE (.))
 *(.jcr)
                0x00009e90                . = ALIGN (0x4)

.rodata         0x00009e90       0x44
                0x00009e90                PROVIDE (__ram_rodata_start, ABSOLUTE (.))
                0x00009e90                . = ALIGN (0x4)
 *(.rodata .rodata.* .gnu.linkonce.r.*)
 .rodata        0x00009e90       0x14 obj/default/hello_world.o
 .rodata.str1.4
                0x00009ea4        0x4 /opt/altera/13.1/nios2eds/bin/gnu/H-i686-pc-linux-gnu/bin/../lib/gcc/nios2-elf/4.7.3/../../../../../H-i686-pc-linux-gnu/nios2-elf/lib/mno-hw-mul/libsmallc.a(lib_a-puts.o)
 .rodata        0x00009ea8       0x10 ../ComsTest_bsp//libhal_bsp.a(alt_main.o)
 .rodata        0x00009eb8       0x10 ../ComsTest_bsp//libhal_bsp.a(alt_sys_init.o)
 .rodata        0x00009ec8        0xc ../ComsTest_bsp//libhal_bsp.a(alt_dev.o)
 *(.rodata1)
                0x00009ed4                . = ALIGN (0x4)
                0x00009ed4                PROVIDE (__ram_rodata_end, ABSOLUTE (.))
                0x00009e90                PROVIDE (__flash_rodata_start, LOADADDR (.rodata))

.rwdata         0x00009ed4      0x2e0 load address 0x0000a1b4
                0x00009ed4                PROVIDE (__ram_rwdata_start, ABSOLUTE (.))
                0x00009ed4                . = ALIGN (0x4)
 *(.got.plt)
 *(.got)
 *(.data1)
 *(.data .data.* .gnu.linkonce.d.*)
 .data          0x00009ed4        0x0 ../ComsTest_bsp//obj/HAL/src/crt0.o
 .data          0x00009ed4        0x0 obj/default/hello_world.o
 .data          0x00009ed4        0x0 /opt/altera/13.1/nios2eds/bin/gnu/H-i686-pc-linux-gnu/bin/../lib/gcc/nios2-elf/4.7.3/../../../../../H-i686-pc-linux-gnu/nios2-elf/lib/mno-hw-mul/libsmallc.a(lib_a-puts.o)
 .data          0x00009ed4        0x0 /opt/altera/13.1/nios2eds/bin/gnu/H-i686-pc-linux-gnu/bin/../lib/gcc/nios2-elf/4.7.3/../../../../../H-i686-pc-linux-gnu/nios2-elf/lib/mno-hw-mul/libsmallc.a(lib_a-strlen.o)
 .data          0x00009ed4        0x0 /opt/altera/13.1/nios2eds/bin/gnu/H-i686-pc-linux-gnu/bin/../lib/gcc/nios2-elf/4.7.3/../../../../../H-i686-pc-linux-gnu/nios2-elf/lib/mno-hw-mul/libsmallc.a(lib_a-fvwrite_small_dev.o)
 .data          0x00009ed4       0xe0 /opt/altera/13.1/nios2eds/bin/gnu/H-i686-pc-linux-gnu/bin/../lib/gcc/nios2-elf/4.7.3/../../../../../H-i686-pc-linux-gnu/nios2-elf/lib/mno-hw-mul/libsmallc.a(lib_a-impure.o)
 .data          0x00009fb4        0x0 /opt/altera/13.1/nios2eds/bin/gnu/H-i686-pc-linux-gnu/bin/../lib/gcc/nios2-elf/4.7.3/../../../../../H-i686-pc-linux-gnu/nios2-elf/lib/mno-hw-mul/libsmallc.a(lib_a-writer.o)
 .data          0x00009fb4        0x0 /opt/altera/13.1/nios2eds/bin/gnu/H-i686-pc-linux-gnu/bin/../lib/gcc/nios2-elf/4.7.3/../../../../../H-i686-pc-linux-gnu/nios2-elf/lib/mno-hw-mul/libsmallc.a(lib_a-int_errno.o)
 .data          0x00009fb4        0x0 ../ComsTest_bsp//libhal_bsp.a(alt_load.o)
 .data          0x00009fb4        0x0 ../ComsTest_bsp//libhal_bsp.a(alt_main.o)
 .data          0x00009fb4        0x0 ../ComsTest_bsp//libhal_bsp.a(alt_usleep.o)
 .data          0x00009fb4        0x0 ../ComsTest_bsp//libhal_bsp.a(alt_write.o)
 .data          0x00009fb4       0x2c ../ComsTest_bsp//libhal_bsp.a(alt_sys_init.o)
 .data          0x00009fe0        0x0 ../ComsTest_bsp//libhal_bsp.a(altera_avalon_jtag_uart_fd.o)
 .data          0x00009fe0        0x0 ../ComsTest_bsp//libhal_bsp.a(altera_avalon_jtag_uart_read.o)
 .data          0x00009fe0        0x0 ../ComsTest_bsp//libhal_bsp.a(altera_avalon_jtag_uart_write.o)
 .data          0x00009fe0        0x0 ../ComsTest_bsp//libhal_bsp.a(altera_avalon_timer_sc.o)
 .data          0x00009fe0        0x0 ../ComsTest_bsp//libhal_bsp.a(alt_busy_sleep.o)
 .data          0x00009fe0        0x0 ../ComsTest_bsp//libhal_bsp.a(alt_close.o)
 .data          0x00009fe0        0x0 ../ComsTest_bsp//libhal_bsp.a(alt_dcache_flush_all.o)
 .data          0x00009fe0      0x1a8 ../ComsTest_bsp//libhal_bsp.a(alt_dev.o)
                0x00009fe0                alt_dev_null
                0x0000a008                alt_fd_list
 .data          0x0000a188        0x0 ../ComsTest_bsp//libhal_bsp.a(alt_dev_llist_insert.o)
 .data          0x0000a188        0x0 ../ComsTest_bsp//libhal_bsp.a(alt_errno.o)
 .data          0x0000a188        0x0 ../ComsTest_bsp//libhal_bsp.a(alt_icache_flush_all.o)
 .data          0x0000a188        0x0 ../ComsTest_bsp//libhal_bsp.a(alt_iic.o)
 .data          0x0000a188        0x0 ../ComsTest_bsp//libhal_bsp.a(alt_iic_isr_register.o)
 .data          0x0000a188        0x0 ../ComsTest_bsp//libhal_bsp.a(alt_io_redirect.o)
 .data          0x0000a188        0x0 ../ComsTest_bsp//libhal_bsp.a(alt_irq_entry.o)
 .data          0x0000a188        0x0 ../ComsTest_bsp//libhal_bsp.a(alt_irq_handler.o)
 .data          0x0000a188        0x0 ../ComsTest_bsp//libhal_bsp.a(alt_irq_vars.o)
 .data          0x0000a188        0x0 ../ComsTest_bsp//libhal_bsp.a(alt_open.o)
 .data          0x0000a188        0x0 ../ComsTest_bsp//libhal_bsp.a(alt_release_fd.o)
 .data          0x0000a188        0x0 ../ComsTest_bsp//libhal_bsp.a(alt_tick.o)
 .data          0x0000a188        0x0 ../ComsTest_bsp//libhal_bsp.a(altera_nios2_qsys_irq.o)
 .data          0x0000a188        0x0 ../ComsTest_bsp//libhal_bsp.a(alt_exception_entry.o)
 .data          0x0000a188        0x0 ../ComsTest_bsp//libhal_bsp.a(alt_find_dev.o)
 .data          0x0000a188        0x0 ../ComsTest_bsp//libhal_bsp.a(alt_find_file.o)
 .data          0x0000a188        0x0 ../ComsTest_bsp//libhal_bsp.a(alt_get_fd.o)
 .data          0x0000a188        0x0 ../ComsTest_bsp//libhal_bsp.a(alt_icache_flush.o)
 .data          0x0000a188        0x0 /opt/altera/13.1/nios2eds/bin/gnu/H-i686-pc-linux-gnu/bin/../lib/gcc/nios2-elf/4.7.3/../../../../../H-i686-pc-linux-gnu/nios2-elf/lib/mno-hw-mul/libsmallc.a(lib_a-exit.o)
 .data          0x0000a188        0x0 /opt/altera/13.1/nios2eds/bin/gnu/H-i686-pc-linux-gnu/bin/../lib/gcc/nios2-elf/4.7.3/../../../../../H-i686-pc-linux-gnu/nios2-elf/lib/mno-hw-mul/libsmallc.a(lib_a-memcmp.o)
 .data          0x0000a188        0x0 /opt/altera/13.1/nios2eds/bin/gnu/H-i686-pc-linux-gnu/bin/../lib/gcc/nios2-elf/4.7.3/../../../../../H-i686-pc-linux-gnu/nios2-elf/lib/mno-hw-mul/libsmallc.a(lib_a-__call_atexit.o)
 .data          0x0000a188        0x0 /opt/altera/13.1/nios2eds/bin/gnu/H-i686-pc-linux-gnu/bin/../lib/gcc/nios2-elf/4.7.3/mno-hw-mul/libgcc.a(lib2-divmod.o)
 .data          0x0000a188        0x0 /opt/altera/13.1/nios2eds/bin/gnu/H-i686-pc-linux-gnu/bin/../lib/gcc/nios2-elf/4.7.3/mno-hw-mul/libgcc.a(lib2-mul.o)
 .data          0x0000a188        0x0 ../ComsTest_bsp//libhal_bsp.a(alt_exit.o)
                0x00012188                _gp = ABSOLUTE ((. + 0x8000))
                0x00012188                PROVIDE (gp, _gp)
 *(.rwdata .rwdata.*)
 *(.sdata .sdata.* .gnu.linkonce.s.*)
 .sdata         0x0000a188        0x8 /opt/altera/13.1/nios2eds/bin/gnu/H-i686-pc-linux-gnu/bin/../lib/gcc/nios2-elf/4.7.3/../../../../../H-i686-pc-linux-gnu/nios2-elf/lib/mno-hw-mul/libsmallc.a(lib_a-impure.o)
                0x0000a188                _global_impure_ptr
                0x0000a18c                _impure_ptr
 .sdata         0x0000a190       0x14 ../ComsTest_bsp//libhal_bsp.a(alt_dev.o)
                0x0000a190                alt_fs_list
                0x0000a198                alt_dev_list
                0x0000a1a0                alt_max_fd
 .sdata         0x0000a1a4        0x4 ../ComsTest_bsp//libhal_bsp.a(alt_errno.o)
                0x0000a1a4                alt_errno
 .sdata         0x0000a1a8        0x4 ../ComsTest_bsp//libhal_bsp.a(alt_irq_vars.o)
                0x0000a1a8                alt_priority_mask
 .sdata         0x0000a1ac        0x8 ../ComsTest_bsp//libhal_bsp.a(alt_tick.o)
                0x0000a1ac                alt_alarm_list
 *(.sdata2 .sdata2.* .gnu.linkonce.s2.*)
                0x0000a1b4                . = ALIGN (0x4)
                0x0000a1b4                _edata = ABSOLUTE (.)
                0x0000a1b4                PROVIDE (edata, ABSOLUTE (.))
                0x0000a1b4                PROVIDE (__ram_rwdata_end, ABSOLUTE (.))
                0x0000a1b4                PROVIDE (__flash_rwdata_start, LOADADDR (.rwdata))

.bss            0x0000a494      0x11c
                0x0000a494                __bss_start = ABSOLUTE (.)
                0x0000a494                PROVIDE (__sbss_start, ABSOLUTE (.))
                0x0000a494                PROVIDE (___sbss_start, ABSOLUTE (.))
 *(.dynsbss)
 *(.sbss .sbss.* .gnu.linkonce.sb.*)
 .sbss          0x0000a494        0x4 /opt/altera/13.1/nios2eds/bin/gnu/H-i686-pc-linux-gnu/bin/../lib/gcc/nios2-elf/4.7.3/../../../../../H-i686-pc-linux-gnu/nios2-elf/lib/mno-hw-mul/libsmallc.a(lib_a-int_errno.o)
                0x0000a494                errno
 .sbss          0x0000a498        0xc ../ComsTest_bsp//libhal_bsp.a(alt_main.o)
                0x0000a498                alt_argc
                0x0000a49c                alt_argv
                0x0000a4a0                alt_envp
 .sbss          0x0000a4a4        0x4 ../ComsTest_bsp//libhal_bsp.a(alt_irq_vars.o)
                0x0000a4a4                alt_irq_active
 .sbss          0x0000a4a8        0x8 ../ComsTest_bsp//libhal_bsp.a(alt_tick.o)
                0x0000a4a8                _alt_tick_rate
                0x0000a4ac                _alt_nticks
 *(.sbss2 .sbss2.* .gnu.linkonce.sb2.*)
 *(.scommon)
                0x0000a4b0                PROVIDE (__sbss_end, ABSOLUTE (.))
                0x0000a4b0                PROVIDE (___sbss_end, ABSOLUTE (.))
 *(.dynbss)
 *(.bss .bss.* .gnu.linkonce.b.*)
 .bss           0x0000a4b0        0x0 ../ComsTest_bsp//obj/HAL/src/crt0.o
 .bss           0x0000a4b0        0x0 obj/default/hello_world.o
 .bss           0x0000a4b0        0x0 /opt/altera/13.1/nios2eds/bin/gnu/H-i686-pc-linux-gnu/bin/../lib/gcc/nios2-elf/4.7.3/../../../../../H-i686-pc-linux-gnu/nios2-elf/lib/mno-hw-mul/libsmallc.a(lib_a-puts.o)
 .bss           0x0000a4b0        0x0 /opt/altera/13.1/nios2eds/bin/gnu/H-i686-pc-linux-gnu/bin/../lib/gcc/nios2-elf/4.7.3/../../../../../H-i686-pc-linux-gnu/nios2-elf/lib/mno-hw-mul/libsmallc.a(lib_a-strlen.o)
 .bss           0x0000a4b0        0x0 /opt/altera/13.1/nios2eds/bin/gnu/H-i686-pc-linux-gnu/bin/../lib/gcc/nios2-elf/4.7.3/../../../../../H-i686-pc-linux-gnu/nios2-elf/lib/mno-hw-mul/libsmallc.a(lib_a-fvwrite_small_dev.o)
 .bss           0x0000a4b0        0x0 /opt/altera/13.1/nios2eds/bin/gnu/H-i686-pc-linux-gnu/bin/../lib/gcc/nios2-elf/4.7.3/../../../../../H-i686-pc-linux-gnu/nios2-elf/lib/mno-hw-mul/libsmallc.a(lib_a-impure.o)
 .bss           0x0000a4b0        0x0 /opt/altera/13.1/nios2eds/bin/gnu/H-i686-pc-linux-gnu/bin/../lib/gcc/nios2-elf/4.7.3/../../../../../H-i686-pc-linux-gnu/nios2-elf/lib/mno-hw-mul/libsmallc.a(lib_a-writer.o)
 .bss           0x0000a4b0        0x0 /opt/altera/13.1/nios2eds/bin/gnu/H-i686-pc-linux-gnu/bin/../lib/gcc/nios2-elf/4.7.3/../../../../../H-i686-pc-linux-gnu/nios2-elf/lib/mno-hw-mul/libsmallc.a(lib_a-int_errno.o)
 .bss           0x0000a4b0        0x0 ../ComsTest_bsp//libhal_bsp.a(alt_load.o)
 .bss           0x0000a4b0        0x0 ../ComsTest_bsp//libhal_bsp.a(alt_main.o)
 .bss           0x0000a4b0        0x0 ../ComsTest_bsp//libhal_bsp.a(alt_usleep.o)
 .bss           0x0000a4b0        0x0 ../ComsTest_bsp//libhal_bsp.a(alt_write.o)
 .bss           0x0000a4b0        0x0 ../ComsTest_bsp//libhal_bsp.a(alt_sys_init.o)
 .bss           0x0000a4b0        0x0 ../ComsTest_bsp//libhal_bsp.a(altera_avalon_jtag_uart_fd.o)
 .bss           0x0000a4b0        0x0 ../ComsTest_bsp//libhal_bsp.a(altera_avalon_jtag_uart_read.o)
 .bss           0x0000a4b0        0x0 ../ComsTest_bsp//libhal_bsp.a(altera_avalon_jtag_uart_write.o)
 .bss           0x0000a4b0        0x0 ../ComsTest_bsp//libhal_bsp.a(altera_avalon_timer_sc.o)
 .bss           0x0000a4b0        0x0 ../ComsTest_bsp//libhal_bsp.a(alt_busy_sleep.o)
 .bss           0x0000a4b0        0x0 ../ComsTest_bsp//libhal_bsp.a(alt_close.o)
 .bss           0x0000a4b0        0x0 ../ComsTest_bsp//libhal_bsp.a(alt_dcache_flush_all.o)
 .bss           0x0000a4b0        0x0 ../ComsTest_bsp//libhal_bsp.a(alt_dev.o)
 .bss           0x0000a4b0        0x0 ../ComsTest_bsp//libhal_bsp.a(alt_dev_llist_insert.o)
 .bss           0x0000a4b0        0x0 ../ComsTest_bsp//libhal_bsp.a(alt_errno.o)
 .bss           0x0000a4b0        0x0 ../ComsTest_bsp//libhal_bsp.a(alt_icache_flush_all.o)
 .bss           0x0000a4b0        0x0 ../ComsTest_bsp//libhal_bsp.a(alt_iic.o)
 .bss           0x0000a4b0        0x0 ../ComsTest_bsp//libhal_bsp.a(alt_iic_isr_register.o)
 .bss           0x0000a4b0        0x0 ../ComsTest_bsp//libhal_bsp.a(alt_io_redirect.o)
 .bss           0x0000a4b0        0x0 ../ComsTest_bsp//libhal_bsp.a(alt_irq_entry.o)
 .bss           0x0000a4b0        0x0 ../ComsTest_bsp//libhal_bsp.a(alt_irq_handler.o)
 .bss           0x0000a4b0        0x0 ../ComsTest_bsp//libhal_bsp.a(alt_irq_vars.o)
 .bss           0x0000a4b0        0x0 ../ComsTest_bsp//libhal_bsp.a(alt_open.o)
 .bss           0x0000a4b0        0x0 ../ComsTest_bsp//libhal_bsp.a(alt_release_fd.o)
 .bss           0x0000a4b0        0x0 ../ComsTest_bsp//libhal_bsp.a(alt_tick.o)
 .bss           0x0000a4b0        0x0 ../ComsTest_bsp//libhal_bsp.a(altera_nios2_qsys_irq.o)
 .bss           0x0000a4b0        0x0 ../ComsTest_bsp//libhal_bsp.a(alt_exception_entry.o)
 .bss           0x0000a4b0        0x0 ../ComsTest_bsp//libhal_bsp.a(alt_find_dev.o)
 .bss           0x0000a4b0        0x0 ../ComsTest_bsp//libhal_bsp.a(alt_find_file.o)
 .bss           0x0000a4b0        0x0 ../ComsTest_bsp//libhal_bsp.a(alt_get_fd.o)
 .bss           0x0000a4b0        0x0 ../ComsTest_bsp//libhal_bsp.a(alt_icache_flush.o)
 .bss           0x0000a4b0        0x0 /opt/altera/13.1/nios2eds/bin/gnu/H-i686-pc-linux-gnu/bin/../lib/gcc/nios2-elf/4.7.3/../../../../../H-i686-pc-linux-gnu/nios2-elf/lib/mno-hw-mul/libsmallc.a(lib_a-exit.o)
 .bss           0x0000a4b0        0x0 /opt/altera/13.1/nios2eds/bin/gnu/H-i686-pc-linux-gnu/bin/../lib/gcc/nios2-elf/4.7.3/../../../../../H-i686-pc-linux-gnu/nios2-elf/lib/mno-hw-mul/libsmallc.a(lib_a-memcmp.o)
 .bss           0x0000a4b0        0x0 /opt/altera/13.1/nios2eds/bin/gnu/H-i686-pc-linux-gnu/bin/../lib/gcc/nios2-elf/4.7.3/../../../../../H-i686-pc-linux-gnu/nios2-elf/lib/mno-hw-mul/libsmallc.a(lib_a-__call_atexit.o)
 .bss           0x0000a4b0        0x0 /opt/altera/13.1/nios2eds/bin/gnu/H-i686-pc-linux-gnu/bin/../lib/gcc/nios2-elf/4.7.3/mno-hw-mul/libgcc.a(lib2-divmod.o)
 .bss           0x0000a4b0        0x0 /opt/altera/13.1/nios2eds/bin/gnu/H-i686-pc-linux-gnu/bin/../lib/gcc/nios2-elf/4.7.3/mno-hw-mul/libgcc.a(lib2-mul.o)
 .bss           0x0000a4b0        0x0 ../ComsTest_bsp//libhal_bsp.a(alt_exit.o)
 *(COMMON)
 COMMON         0x0000a4b0      0x100 ../ComsTest_bsp//libhal_bsp.a(alt_irq_handler.o)
                0x0000a4b0                alt_irq
                0x0000a5b0                . = ALIGN (0x4)
                0x0000a5b0                __bss_end = ABSOLUTE (.)

.onchip_mem     0x0000a5b0        0x0
                0x0000a5b0                PROVIDE (_alt_partition_onchip_mem_start, ABSOLUTE (.))
 *(.onchip_mem .onchip_mem. onchip_mem.*)
                0x0000a5b0                . = ALIGN (0x4)
                0x0000a5b0                PROVIDE (_alt_partition_onchip_mem_end, ABSOLUTE (.))
                0x0000a5b0                _end = ABSOLUTE (.)
                0x0000a5b0                end = ABSOLUTE (.)
                0x0000a5b0                __alt_stack_base = ABSOLUTE (.)
                0x0000a5b0                PROVIDE (_alt_partition_onchip_mem_load_addr, LOADADDR (.onchip_mem))

.stab
 *(.stab)

.stabstr
 *(.stabstr)

.stab.excl
 *(.stab.excl)

.stab.exclstr
 *(.stab.exclstr)

.stab.index
 *(.stab.index)

.stab.indexstr
 *(.stab.indexstr)

.comment        0x00000000       0x23
 *(.comment)
 .comment       0x00000000       0x23 obj/default/hello_world.o
                                 0x24 (size before relaxing)
 .comment       0x00000000       0x24 /opt/altera/13.1/nios2eds/bin/gnu/H-i686-pc-linux-gnu/bin/../lib/gcc/nios2-elf/4.7.3/../../../../../H-i686-pc-linux-gnu/nios2-elf/lib/mno-hw-mul/libsmallc.a(lib_a-puts.o)
 .comment       0x00000000       0x24 /opt/altera/13.1/nios2eds/bin/gnu/H-i686-pc-linux-gnu/bin/../lib/gcc/nios2-elf/4.7.3/../../../../../H-i686-pc-linux-gnu/nios2-elf/lib/mno-hw-mul/libsmallc.a(lib_a-strlen.o)
 .comment       0x00000000       0x24 /opt/altera/13.1/nios2eds/bin/gnu/H-i686-pc-linux-gnu/bin/../lib/gcc/nios2-elf/4.7.3/../../../../../H-i686-pc-linux-gnu/nios2-elf/lib/mno-hw-mul/libsmallc.a(lib_a-fvwrite_small_dev.o)
 .comment       0x00000000       0x24 /opt/altera/13.1/nios2eds/bin/gnu/H-i686-pc-linux-gnu/bin/../lib/gcc/nios2-elf/4.7.3/../../../../../H-i686-pc-linux-gnu/nios2-elf/lib/mno-hw-mul/libsmallc.a(lib_a-impure.o)
 .comment       0x00000000       0x24 /opt/altera/13.1/nios2eds/bin/gnu/H-i686-pc-linux-gnu/bin/../lib/gcc/nios2-elf/4.7.3/../../../../../H-i686-pc-linux-gnu/nios2-elf/lib/mno-hw-mul/libsmallc.a(lib_a-writer.o)
 .comment       0x00000000       0x24 /opt/altera/13.1/nios2eds/bin/gnu/H-i686-pc-linux-gnu/bin/../lib/gcc/nios2-elf/4.7.3/../../../../../H-i686-pc-linux-gnu/nios2-elf/lib/mno-hw-mul/libsmallc.a(lib_a-int_errno.o)
 .comment       0x00000000       0x24 ../ComsTest_bsp//libhal_bsp.a(alt_load.o)
 .comment       0x00000000       0x24 ../ComsTest_bsp//libhal_bsp.a(alt_main.o)
 .comment       0x00000000       0x24 ../ComsTest_bsp//libhal_bsp.a(alt_usleep.o)
 .comment       0x00000000       0x24 ../ComsTest_bsp//libhal_bsp.a(alt_write.o)
 .comment       0x00000000       0x24 ../ComsTest_bsp//libhal_bsp.a(alt_sys_init.o)
 .comment       0x00000000       0x24 ../ComsTest_bsp//libhal_bsp.a(altera_avalon_jtag_uart_fd.o)
 .comment       0x00000000       0x24 ../ComsTest_bsp//libhal_bsp.a(altera_avalon_jtag_uart_read.o)
 .comment       0x00000000       0x24 ../ComsTest_bsp//libhal_bsp.a(altera_avalon_jtag_uart_write.o)
 .comment       0x00000000       0x24 ../ComsTest_bsp//libhal_bsp.a(altera_avalon_timer_sc.o)
 .comment       0x00000000       0x24 ../ComsTest_bsp//libhal_bsp.a(alt_busy_sleep.o)
 .comment       0x00000000       0x24 ../ComsTest_bsp//libhal_bsp.a(alt_close.o)
 .comment       0x00000000       0x24 ../ComsTest_bsp//libhal_bsp.a(alt_dcache_flush_all.o)
 .comment       0x00000000       0x24 ../ComsTest_bsp//libhal_bsp.a(alt_dev.o)
 .comment       0x00000000       0x24 ../ComsTest_bsp//libhal_bsp.a(alt_dev_llist_insert.o)
 .comment       0x00000000       0x24 ../ComsTest_bsp//libhal_bsp.a(alt_errno.o)
 .comment       0x00000000       0x24 ../ComsTest_bsp//libhal_bsp.a(alt_icache_flush_all.o)
 .comment       0x00000000       0x24 ../ComsTest_bsp//libhal_bsp.a(alt_iic.o)
 .comment       0x00000000       0x24 ../ComsTest_bsp//libhal_bsp.a(alt_iic_isr_register.o)
 .comment       0x00000000       0x24 ../ComsTest_bsp//libhal_bsp.a(alt_io_redirect.o)
 .comment       0x00000000       0x24 ../ComsTest_bsp//libhal_bsp.a(alt_irq_handler.o)
 .comment       0x00000000       0x24 ../ComsTest_bsp//libhal_bsp.a(alt_irq_vars.o)
 .comment       0x00000000       0x24 ../ComsTest_bsp//libhal_bsp.a(alt_open.o)
 .comment       0x00000000       0x24 ../ComsTest_bsp//libhal_bsp.a(alt_release_fd.o)
 .comment       0x00000000       0x24 ../ComsTest_bsp//libhal_bsp.a(alt_tick.o)
 .comment       0x00000000       0x24 ../ComsTest_bsp//libhal_bsp.a(altera_nios2_qsys_irq.o)
 .comment       0x00000000       0x24 ../ComsTest_bsp//libhal_bsp.a(alt_find_dev.o)
 .comment       0x00000000       0x24 ../ComsTest_bsp//libhal_bsp.a(alt_find_file.o)
 .comment       0x00000000       0x24 ../ComsTest_bsp//libhal_bsp.a(alt_get_fd.o)
 .comment       0x00000000       0x24 ../ComsTest_bsp//libhal_bsp.a(alt_icache_flush.o)
 .comment       0x00000000       0x24 /opt/altera/13.1/nios2eds/bin/gnu/H-i686-pc-linux-gnu/bin/../lib/gcc/nios2-elf/4.7.3/../../../../../H-i686-pc-linux-gnu/nios2-elf/lib/mno-hw-mul/libsmallc.a(lib_a-exit.o)
 .comment       0x00000000       0x24 /opt/altera/13.1/nios2eds/bin/gnu/H-i686-pc-linux-gnu/bin/../lib/gcc/nios2-elf/4.7.3/../../../../../H-i686-pc-linux-gnu/nios2-elf/lib/mno-hw-mul/libsmallc.a(lib_a-memcmp.o)
 .comment       0x00000000       0x24 /opt/altera/13.1/nios2eds/bin/gnu/H-i686-pc-linux-gnu/bin/../lib/gcc/nios2-elf/4.7.3/../../../../../H-i686-pc-linux-gnu/nios2-elf/lib/mno-hw-mul/libsmallc.a(lib_a-__call_atexit.o)
 .comment       0x00000000       0x24 /opt/altera/13.1/nios2eds/bin/gnu/H-i686-pc-linux-gnu/bin/../lib/gcc/nios2-elf/4.7.3/mno-hw-mul/libgcc.a(lib2-divmod.o)
 .comment       0x00000000       0x24 /opt/altera/13.1/nios2eds/bin/gnu/H-i686-pc-linux-gnu/bin/../lib/gcc/nios2-elf/4.7.3/mno-hw-mul/libgcc.a(lib2-mul.o)
 .comment       0x00000000       0x24 ../ComsTest_bsp//libhal_bsp.a(alt_exit.o)

.debug
 *(.debug)

.line
 *(.line)

.debug_srcinfo
 *(.debug_srcinfo)

.debug_sfnames
 *(.debug_sfnames)

.debug_aranges  0x00000000      0x5b0
 *(.debug_aranges)
 .debug_aranges
                0x00000000       0x28 ../ComsTest_bsp//obj/HAL/src/crt0.o
 .debug_aranges
                0x00000028       0x20 obj/default/hello_world.o
 .debug_aranges
                0x00000048       0x20 /opt/altera/13.1/nios2eds/bin/gnu/H-i686-pc-linux-gnu/bin/../lib/gcc/nios2-elf/4.7.3/../../../../../H-i686-pc-linux-gnu/nios2-elf/lib/mno-hw-mul/libsmallc.a(lib_a-puts.o)
 .debug_aranges
                0x00000068       0x20 /opt/altera/13.1/nios2eds/bin/gnu/H-i686-pc-linux-gnu/bin/../lib/gcc/nios2-elf/4.7.3/../../../../../H-i686-pc-linux-gnu/nios2-elf/lib/mno-hw-mul/libsmallc.a(lib_a-strlen.o)
 .debug_aranges
                0x00000088       0x20 /opt/altera/13.1/nios2eds/bin/gnu/H-i686-pc-linux-gnu/bin/../lib/gcc/nios2-elf/4.7.3/../../../../../H-i686-pc-linux-gnu/nios2-elf/lib/mno-hw-mul/libsmallc.a(lib_a-fvwrite_small_dev.o)
 .debug_aranges
                0x000000a8       0x18 /opt/altera/13.1/nios2eds/bin/gnu/H-i686-pc-linux-gnu/bin/../lib/gcc/nios2-elf/4.7.3/../../../../../H-i686-pc-linux-gnu/nios2-elf/lib/mno-hw-mul/libsmallc.a(lib_a-impure.o)
 .debug_aranges
                0x000000c0       0x20 /opt/altera/13.1/nios2eds/bin/gnu/H-i686-pc-linux-gnu/bin/../lib/gcc/nios2-elf/4.7.3/../../../../../H-i686-pc-linux-gnu/nios2-elf/lib/mno-hw-mul/libsmallc.a(lib_a-writer.o)
 .debug_aranges
                0x000000e0       0x18 /opt/altera/13.1/nios2eds/bin/gnu/H-i686-pc-linux-gnu/bin/../lib/gcc/nios2-elf/4.7.3/../../../../../H-i686-pc-linux-gnu/nios2-elf/lib/mno-hw-mul/libsmallc.a(lib_a-int_errno.o)
 .debug_aranges
                0x000000f8       0x20 ../ComsTest_bsp//libhal_bsp.a(alt_load.o)
 .debug_aranges
                0x00000118       0x20 ../ComsTest_bsp//libhal_bsp.a(alt_main.o)
 .debug_aranges
                0x00000138       0x20 ../ComsTest_bsp//libhal_bsp.a(alt_usleep.o)
 .debug_aranges
                0x00000158       0x20 ../ComsTest_bsp//libhal_bsp.a(alt_write.o)
 .debug_aranges
                0x00000178       0x20 ../ComsTest_bsp//libhal_bsp.a(alt_sys_init.o)
 .debug_aranges
                0x00000198       0x20 ../ComsTest_bsp//libhal_bsp.a(altera_avalon_jtag_uart_fd.o)
 .debug_aranges
                0x000001b8       0x20 ../ComsTest_bsp//libhal_bsp.a(altera_avalon_jtag_uart_read.o)
 .debug_aranges
                0x000001d8       0x20 ../ComsTest_bsp//libhal_bsp.a(altera_avalon_jtag_uart_write.o)
 .debug_aranges
                0x000001f8       0x20 ../ComsTest_bsp//libhal_bsp.a(altera_avalon_timer_sc.o)
 .debug_aranges
                0x00000218       0x20 ../ComsTest_bsp//libhal_bsp.a(alt_busy_sleep.o)
 .debug_aranges
                0x00000238       0x20 ../ComsTest_bsp//libhal_bsp.a(alt_close.o)
 .debug_aranges
                0x00000258       0x20 ../ComsTest_bsp//libhal_bsp.a(alt_dcache_flush_all.o)
 .debug_aranges
                0x00000278       0x20 ../ComsTest_bsp//libhal_bsp.a(alt_dev.o)
 .debug_aranges
                0x00000298       0x20 ../ComsTest_bsp//libhal_bsp.a(alt_dev_llist_insert.o)
 .debug_aranges
                0x000002b8       0x18 ../ComsTest_bsp//libhal_bsp.a(alt_errno.o)
 .debug_aranges
                0x000002d0       0x20 ../ComsTest_bsp//libhal_bsp.a(alt_icache_flush_all.o)
 .debug_aranges
                0x000002f0       0x20 ../ComsTest_bsp//libhal_bsp.a(alt_iic.o)
 .debug_aranges
                0x00000310       0x20 ../ComsTest_bsp//libhal_bsp.a(alt_iic_isr_register.o)
 .debug_aranges
                0x00000330       0x20 ../ComsTest_bsp//libhal_bsp.a(alt_io_redirect.o)
 .debug_aranges
                0x00000350       0x30 ../ComsTest_bsp//libhal_bsp.a(alt_irq_entry.o)
 .debug_aranges
                0x00000380       0x20 ../ComsTest_bsp//libhal_bsp.a(alt_irq_handler.o)
 .debug_aranges
                0x000003a0       0x18 ../ComsTest_bsp//libhal_bsp.a(alt_irq_vars.o)
 .debug_aranges
                0x000003b8       0x20 ../ComsTest_bsp//libhal_bsp.a(alt_open.o)
 .debug_aranges
                0x000003d8       0x20 ../ComsTest_bsp//libhal_bsp.a(alt_release_fd.o)
 .debug_aranges
                0x000003f8       0x20 ../ComsTest_bsp//libhal_bsp.a(alt_tick.o)
 .debug_aranges
                0x00000418       0x20 ../ComsTest_bsp//libhal_bsp.a(altera_nios2_qsys_irq.o)
 .debug_aranges
                0x00000438       0x38 ../ComsTest_bsp//libhal_bsp.a(alt_exception_entry.o)
 .debug_aranges
                0x00000470       0x20 ../ComsTest_bsp//libhal_bsp.a(alt_find_dev.o)
 .debug_aranges
                0x00000490       0x20 ../ComsTest_bsp//libhal_bsp.a(alt_find_file.o)
 .debug_aranges
                0x000004b0       0x20 ../ComsTest_bsp//libhal_bsp.a(alt_get_fd.o)
 .debug_aranges
                0x000004d0       0x20 ../ComsTest_bsp//libhal_bsp.a(alt_icache_flush.o)
 .debug_aranges
                0x000004f0       0x20 /opt/altera/13.1/nios2eds/bin/gnu/H-i686-pc-linux-gnu/bin/../lib/gcc/nios2-elf/4.7.3/../../../../../H-i686-pc-linux-gnu/nios2-elf/lib/mno-hw-mul/libsmallc.a(lib_a-exit.o)
 .debug_aranges
                0x00000510       0x20 /opt/altera/13.1/nios2eds/bin/gnu/H-i686-pc-linux-gnu/bin/../lib/gcc/nios2-elf/4.7.3/../../../../../H-i686-pc-linux-gnu/nios2-elf/lib/mno-hw-mul/libsmallc.a(lib_a-memcmp.o)
 .debug_aranges
                0x00000530       0x20 /opt/altera/13.1/nios2eds/bin/gnu/H-i686-pc-linux-gnu/bin/../lib/gcc/nios2-elf/4.7.3/../../../../../H-i686-pc-linux-gnu/nios2-elf/lib/mno-hw-mul/libsmallc.a(lib_a-__call_atexit.o)
 .debug_aranges
                0x00000550       0x20 /opt/altera/13.1/nios2eds/bin/gnu/H-i686-pc-linux-gnu/bin/../lib/gcc/nios2-elf/4.7.3/mno-hw-mul/libgcc.a(lib2-divmod.o)
 .debug_aranges
                0x00000570       0x20 /opt/altera/13.1/nios2eds/bin/gnu/H-i686-pc-linux-gnu/bin/../lib/gcc/nios2-elf/4.7.3/mno-hw-mul/libgcc.a(lib2-mul.o)
 .debug_aranges
                0x00000590       0x20 ../ComsTest_bsp//libhal_bsp.a(alt_exit.o)

.debug_pubnames
 *(.debug_pubnames)

.debug_info     0x00000000     0x6df7
 *(.debug_info .gnu.linkonce.wi.*)
 .debug_info    0x00000000       0x6d ../ComsTest_bsp//obj/HAL/src/crt0.o
 .debug_info    0x0000006d       0x93 obj/default/hello_world.o
 .debug_info    0x00000100      0x6f4 /opt/altera/13.1/nios2eds/bin/gnu/H-i686-pc-linux-gnu/bin/../lib/gcc/nios2-elf/4.7.3/../../../../../H-i686-pc-linux-gnu/nios2-elf/lib/mno-hw-mul/libsmallc.a(lib_a-puts.o)
 .debug_info    0x000007f4       0xc6 /opt/altera/13.1/nios2eds/bin/gnu/H-i686-pc-linux-gnu/bin/../lib/gcc/nios2-elf/4.7.3/../../../../../H-i686-pc-linux-gnu/nios2-elf/lib/mno-hw-mul/libsmallc.a(lib_a-strlen.o)
 .debug_info    0x000008ba      0x6d9 /opt/altera/13.1/nios2eds/bin/gnu/H-i686-pc-linux-gnu/bin/../lib/gcc/nios2-elf/4.7.3/../../../../../H-i686-pc-linux-gnu/nios2-elf/lib/mno-hw-mul/libsmallc.a(lib_a-fvwrite_small_dev.o)
 .debug_info    0x00000f93      0x631 /opt/altera/13.1/nios2eds/bin/gnu/H-i686-pc-linux-gnu/bin/../lib/gcc/nios2-elf/4.7.3/../../../../../H-i686-pc-linux-gnu/nios2-elf/lib/mno-hw-mul/libsmallc.a(lib_a-impure.o)
 .debug_info    0x000015c4      0x6cb /opt/altera/13.1/nios2eds/bin/gnu/H-i686-pc-linux-gnu/bin/../lib/gcc/nios2-elf/4.7.3/../../../../../H-i686-pc-linux-gnu/nios2-elf/lib/mno-hw-mul/libsmallc.a(lib_a-writer.o)
 .debug_info    0x00001c8f       0x84 /opt/altera/13.1/nios2eds/bin/gnu/H-i686-pc-linux-gnu/bin/../lib/gcc/nios2-elf/4.7.3/../../../../../H-i686-pc-linux-gnu/nios2-elf/lib/mno-hw-mul/libsmallc.a(lib_a-int_errno.o)
 .debug_info    0x00001d13      0x135 ../ComsTest_bsp//libhal_bsp.a(alt_load.o)
 .debug_info    0x00001e48      0x139 ../ComsTest_bsp//libhal_bsp.a(alt_main.o)
 .debug_info    0x00001f81       0xad ../ComsTest_bsp//libhal_bsp.a(alt_usleep.o)
 .debug_info    0x0000202e      0x507 ../ComsTest_bsp//libhal_bsp.a(alt_write.o)
 .debug_info    0x00002535      0x420 ../ComsTest_bsp//libhal_bsp.a(alt_sys_init.o)
 .debug_info    0x00002955      0x3da ../ComsTest_bsp//libhal_bsp.a(altera_avalon_jtag_uart_fd.o)
 .debug_info    0x00002d2f      0x1bc ../ComsTest_bsp//libhal_bsp.a(altera_avalon_jtag_uart_read.o)
 .debug_info    0x00002eeb      0x19f ../ComsTest_bsp//libhal_bsp.a(altera_avalon_jtag_uart_write.o)
 .debug_info    0x0000308a      0x235 ../ComsTest_bsp//libhal_bsp.a(altera_avalon_timer_sc.o)
 .debug_info    0x000032bf       0xd5 ../ComsTest_bsp//libhal_bsp.a(alt_busy_sleep.o)
 .debug_info    0x00003394      0x350 ../ComsTest_bsp//libhal_bsp.a(alt_close.o)
 .debug_info    0x000036e4       0x90 ../ComsTest_bsp//libhal_bsp.a(alt_dcache_flush_all.o)
 .debug_info    0x00003774      0x4e3 ../ComsTest_bsp//libhal_bsp.a(alt_dev.o)
 .debug_info    0x00003c57      0x1b9 ../ComsTest_bsp//libhal_bsp.a(alt_dev_llist_insert.o)
 .debug_info    0x00003e10       0xa3 ../ComsTest_bsp//libhal_bsp.a(alt_errno.o)
 .debug_info    0x00003eb3       0x90 ../ComsTest_bsp//libhal_bsp.a(alt_icache_flush_all.o)
 .debug_info    0x00003f43      0x364 ../ComsTest_bsp//libhal_bsp.a(alt_iic.o)
 .debug_info    0x000042a7      0x1f6 ../ComsTest_bsp//libhal_bsp.a(alt_iic_isr_register.o)
 .debug_info    0x0000449d      0x4f0 ../ComsTest_bsp//libhal_bsp.a(alt_io_redirect.o)
 .debug_info    0x0000498d       0x76 ../ComsTest_bsp//libhal_bsp.a(alt_irq_entry.o)
 .debug_info    0x00004a03      0x190 ../ComsTest_bsp//libhal_bsp.a(alt_irq_handler.o)
 .debug_info    0x00004b93       0x8a ../ComsTest_bsp//libhal_bsp.a(alt_irq_vars.o)
 .debug_info    0x00004c1d      0x3f0 ../ComsTest_bsp//libhal_bsp.a(alt_open.o)
 .debug_info    0x0000500d      0x2dd ../ComsTest_bsp//libhal_bsp.a(alt_release_fd.o)
 .debug_info    0x000052ea      0x2b1 ../ComsTest_bsp//libhal_bsp.a(alt_tick.o)
 .debug_info    0x0000559b       0x90 ../ComsTest_bsp//libhal_bsp.a(altera_nios2_qsys_irq.o)
 .debug_info    0x0000562b       0x7c ../ComsTest_bsp//libhal_bsp.a(alt_exception_entry.o)
 .debug_info    0x000056a7      0x30d ../ComsTest_bsp//libhal_bsp.a(alt_find_dev.o)
 .debug_info    0x000059b4      0x30c ../ComsTest_bsp//libhal_bsp.a(alt_find_file.o)
 .debug_info    0x00005cc0      0x339 ../ComsTest_bsp//libhal_bsp.a(alt_get_fd.o)
 .debug_info    0x00005ff9       0xda ../ComsTest_bsp//libhal_bsp.a(alt_icache_flush.o)
 .debug_info    0x000060d3       0xf8 /opt/altera/13.1/nios2eds/bin/gnu/H-i686-pc-linux-gnu/bin/../lib/gcc/nios2-elf/4.7.3/../../../../../H-i686-pc-linux-gnu/nios2-elf/lib/mno-hw-mul/libsmallc.a(lib_a-exit.o)
 .debug_info    0x000061cb       0xf1 /opt/altera/13.1/nios2eds/bin/gnu/H-i686-pc-linux-gnu/bin/../lib/gcc/nios2-elf/4.7.3/../../../../../H-i686-pc-linux-gnu/nios2-elf/lib/mno-hw-mul/libsmallc.a(lib_a-memcmp.o)
 .debug_info    0x000062bc      0x70e /opt/altera/13.1/nios2eds/bin/gnu/H-i686-pc-linux-gnu/bin/../lib/gcc/nios2-elf/4.7.3/../../../../../H-i686-pc-linux-gnu/nios2-elf/lib/mno-hw-mul/libsmallc.a(lib_a-__call_atexit.o)
 .debug_info    0x000069ca      0x289 /opt/altera/13.1/nios2eds/bin/gnu/H-i686-pc-linux-gnu/bin/../lib/gcc/nios2-elf/4.7.3/mno-hw-mul/libgcc.a(lib2-divmod.o)
 .debug_info    0x00006c53       0xb8 /opt/altera/13.1/nios2eds/bin/gnu/H-i686-pc-linux-gnu/bin/../lib/gcc/nios2-elf/4.7.3/mno-hw-mul/libgcc.a(lib2-mul.o)
 .debug_info    0x00006d0b       0xec ../ComsTest_bsp//libhal_bsp.a(alt_exit.o)

.debug_abbrev   0x00000000     0x25d9
 *(.debug_abbrev)
 .debug_abbrev  0x00000000       0x12 ../ComsTest_bsp//obj/HAL/src/crt0.o
 .debug_abbrev  0x00000012       0x42 obj/default/hello_world.o
 .debug_abbrev  0x00000054      0x1d4 /opt/altera/13.1/nios2eds/bin/gnu/H-i686-pc-linux-gnu/bin/../lib/gcc/nios2-elf/4.7.3/../../../../../H-i686-pc-linux-gnu/nios2-elf/lib/mno-hw-mul/libsmallc.a(lib_a-puts.o)
 .debug_abbrev  0x00000228       0x7f /opt/altera/13.1/nios2eds/bin/gnu/H-i686-pc-linux-gnu/bin/../lib/gcc/nios2-elf/4.7.3/../../../../../H-i686-pc-linux-gnu/nios2-elf/lib/mno-hw-mul/libsmallc.a(lib_a-strlen.o)
 .debug_abbrev  0x000002a7      0x1a8 /opt/altera/13.1/nios2eds/bin/gnu/H-i686-pc-linux-gnu/bin/../lib/gcc/nios2-elf/4.7.3/../../../../../H-i686-pc-linux-gnu/nios2-elf/lib/mno-hw-mul/libsmallc.a(lib_a-fvwrite_small_dev.o)
 .debug_abbrev  0x0000044f      0x13b /opt/altera/13.1/nios2eds/bin/gnu/H-i686-pc-linux-gnu/bin/../lib/gcc/nios2-elf/4.7.3/../../../../../H-i686-pc-linux-gnu/nios2-elf/lib/mno-hw-mul/libsmallc.a(lib_a-impure.o)
 .debug_abbrev  0x0000058a      0x199 /opt/altera/13.1/nios2eds/bin/gnu/H-i686-pc-linux-gnu/bin/../lib/gcc/nios2-elf/4.7.3/../../../../../H-i686-pc-linux-gnu/nios2-elf/lib/mno-hw-mul/libsmallc.a(lib_a-writer.o)
 .debug_abbrev  0x00000723       0x37 /opt/altera/13.1/nios2eds/bin/gnu/H-i686-pc-linux-gnu/bin/../lib/gcc/nios2-elf/4.7.3/../../../../../H-i686-pc-linux-gnu/nios2-elf/lib/mno-hw-mul/libsmallc.a(lib_a-int_errno.o)
 .debug_abbrev  0x0000075a       0x9d ../ComsTest_bsp//libhal_bsp.a(alt_load.o)
 .debug_abbrev  0x000007f7       0xba ../ComsTest_bsp//libhal_bsp.a(alt_main.o)
 .debug_abbrev  0x000008b1       0x60 ../ComsTest_bsp//libhal_bsp.a(alt_usleep.o)
 .debug_abbrev  0x00000911      0x133 ../ComsTest_bsp//libhal_bsp.a(alt_write.o)
 .debug_abbrev  0x00000a44      0x155 ../ComsTest_bsp//libhal_bsp.a(alt_sys_init.o)
 .debug_abbrev  0x00000b99       0xf7 ../ComsTest_bsp//libhal_bsp.a(altera_avalon_jtag_uart_fd.o)
 .debug_abbrev  0x00000c90       0xd5 ../ComsTest_bsp//libhal_bsp.a(altera_avalon_jtag_uart_read.o)
 .debug_abbrev  0x00000d65       0xd5 ../ComsTest_bsp//libhal_bsp.a(altera_avalon_jtag_uart_write.o)
 .debug_abbrev  0x00000e3a      0x155 ../ComsTest_bsp//libhal_bsp.a(altera_avalon_timer_sc.o)
 .debug_abbrev  0x00000f8f       0x7e ../ComsTest_bsp//libhal_bsp.a(alt_busy_sleep.o)
 .debug_abbrev  0x0000100d      0x11f ../ComsTest_bsp//libhal_bsp.a(alt_close.o)
 .debug_abbrev  0x0000112c       0x42 ../ComsTest_bsp//libhal_bsp.a(alt_dcache_flush_all.o)
 .debug_abbrev  0x0000116e       0xd9 ../ComsTest_bsp//libhal_bsp.a(alt_dev.o)
 .debug_abbrev  0x00001247      0x114 ../ComsTest_bsp//libhal_bsp.a(alt_dev_llist_insert.o)
 .debug_abbrev  0x0000135b       0x5a ../ComsTest_bsp//libhal_bsp.a(alt_errno.o)
 .debug_abbrev  0x000013b5       0x42 ../ComsTest_bsp//libhal_bsp.a(alt_icache_flush_all.o)
 .debug_abbrev  0x000013f7      0x16a ../ComsTest_bsp//libhal_bsp.a(alt_iic.o)
 .debug_abbrev  0x00001561      0x169 ../ComsTest_bsp//libhal_bsp.a(alt_iic_isr_register.o)
 .debug_abbrev  0x000016ca      0x114 ../ComsTest_bsp//libhal_bsp.a(alt_io_redirect.o)
 .debug_abbrev  0x000017de       0x12 ../ComsTest_bsp//libhal_bsp.a(alt_irq_entry.o)
 .debug_abbrev  0x000017f0      0x124 ../ComsTest_bsp//libhal_bsp.a(alt_irq_handler.o)
 .debug_abbrev  0x00001914       0x40 ../ComsTest_bsp//libhal_bsp.a(alt_irq_vars.o)
 .debug_abbrev  0x00001954      0x148 ../ComsTest_bsp//libhal_bsp.a(alt_open.o)
 .debug_abbrev  0x00001a9c       0xde ../ComsTest_bsp//libhal_bsp.a(alt_release_fd.o)
 .debug_abbrev  0x00001b7a      0x15a ../ComsTest_bsp//libhal_bsp.a(alt_tick.o)
 .debug_abbrev  0x00001cd4       0x42 ../ComsTest_bsp//libhal_bsp.a(altera_nios2_qsys_irq.o)
 .debug_abbrev  0x00001d16       0x12 ../ComsTest_bsp//libhal_bsp.a(alt_exception_entry.o)
 .debug_abbrev  0x00001d28       0xf0 ../ComsTest_bsp//libhal_bsp.a(alt_find_dev.o)
 .debug_abbrev  0x00001e18       0xf0 ../ComsTest_bsp//libhal_bsp.a(alt_find_file.o)
 .debug_abbrev  0x00001f08      0x10d ../ComsTest_bsp//libhal_bsp.a(alt_get_fd.o)
 .debug_abbrev  0x00002015       0x8c ../ComsTest_bsp//libhal_bsp.a(alt_icache_flush.o)
 .debug_abbrev  0x000020a1       0xa9 /opt/altera/13.1/nios2eds/bin/gnu/H-i686-pc-linux-gnu/bin/../lib/gcc/nios2-elf/4.7.3/../../../../../H-i686-pc-linux-gnu/nios2-elf/lib/mno-hw-mul/libsmallc.a(lib_a-exit.o)
 .debug_abbrev  0x0000214a       0x7f /opt/altera/13.1/nios2eds/bin/gnu/H-i686-pc-linux-gnu/bin/../lib/gcc/nios2-elf/4.7.3/../../../../../H-i686-pc-linux-gnu/nios2-elf/lib/mno-hw-mul/libsmallc.a(lib_a-memcmp.o)
 .debug_abbrev  0x000021c9      0x1e9 /opt/altera/13.1/nios2eds/bin/gnu/H-i686-pc-linux-gnu/bin/../lib/gcc/nios2-elf/4.7.3/../../../../../H-i686-pc-linux-gnu/nios2-elf/lib/mno-hw-mul/libsmallc.a(lib_a-__call_atexit.o)
 .debug_abbrev  0x000023b2      0x112 /opt/altera/13.1/nios2eds/bin/gnu/H-i686-pc-linux-gnu/bin/../lib/gcc/nios2-elf/4.7.3/mno-hw-mul/libgcc.a(lib2-divmod.o)
 .debug_abbrev  0x000024c4       0x6f /opt/altera/13.1/nios2eds/bin/gnu/H-i686-pc-linux-gnu/bin/../lib/gcc/nios2-elf/4.7.3/mno-hw-mul/libgcc.a(lib2-mul.o)
 .debug_abbrev  0x00002533       0xa6 ../ComsTest_bsp//libhal_bsp.a(alt_exit.o)

.debug_line     0x00000000     0x2b05
 *(.debug_line)
 .debug_line    0x00000000       0x6c ../ComsTest_bsp//obj/HAL/src/crt0.o
 .debug_line    0x0000006c       0x4c obj/default/hello_world.o
 .debug_line    0x000000b8      0x212 /opt/altera/13.1/nios2eds/bin/gnu/H-i686-pc-linux-gnu/bin/../lib/gcc/nios2-elf/4.7.3/../../../../../H-i686-pc-linux-gnu/nios2-elf/lib/mno-hw-mul/libsmallc.a(lib_a-puts.o)
 .debug_line    0x000002ca      0x174 /opt/altera/13.1/nios2eds/bin/gnu/H-i686-pc-linux-gnu/bin/../lib/gcc/nios2-elf/4.7.3/../../../../../H-i686-pc-linux-gnu/nios2-elf/lib/mno-hw-mul/libsmallc.a(lib_a-strlen.o)
 .debug_line    0x0000043e      0x225 /opt/altera/13.1/nios2eds/bin/gnu/H-i686-pc-linux-gnu/bin/../lib/gcc/nios2-elf/4.7.3/../../../../../H-i686-pc-linux-gnu/nios2-elf/lib/mno-hw-mul/libsmallc.a(lib_a-fvwrite_small_dev.o)
 .debug_line    0x00000663      0x16c /opt/altera/13.1/nios2eds/bin/gnu/H-i686-pc-linux-gnu/bin/../lib/gcc/nios2-elf/4.7.3/../../../../../H-i686-pc-linux-gnu/nios2-elf/lib/mno-hw-mul/libsmallc.a(lib_a-impure.o)
 .debug_line    0x000007cf      0x20c /opt/altera/13.1/nios2eds/bin/gnu/H-i686-pc-linux-gnu/bin/../lib/gcc/nios2-elf/4.7.3/../../../../../H-i686-pc-linux-gnu/nios2-elf/lib/mno-hw-mul/libsmallc.a(lib_a-writer.o)
 .debug_line    0x000009db       0x60 /opt/altera/13.1/nios2eds/bin/gnu/H-i686-pc-linux-gnu/bin/../lib/gcc/nios2-elf/4.7.3/../../../../../H-i686-pc-linux-gnu/nios2-elf/lib/mno-hw-mul/libsmallc.a(lib_a-int_errno.o)
 .debug_line    0x00000a3b       0x92 ../ComsTest_bsp//libhal_bsp.a(alt_load.o)
 .debug_line    0x00000acd       0x9e ../ComsTest_bsp//libhal_bsp.a(alt_main.o)
 .debug_line    0x00000b6b       0xd5 ../ComsTest_bsp//libhal_bsp.a(alt_usleep.o)
 .debug_line    0x00000c40      0x206 ../ComsTest_bsp//libhal_bsp.a(alt_write.o)
 .debug_line    0x00000e46      0x142 ../ComsTest_bsp//libhal_bsp.a(alt_sys_init.o)
 .debug_line    0x00000f88      0x114 ../ComsTest_bsp//libhal_bsp.a(altera_avalon_jtag_uart_fd.o)
 .debug_line    0x0000109c      0x101 ../ComsTest_bsp//libhal_bsp.a(altera_avalon_jtag_uart_read.o)
 .debug_line    0x0000119d       0xf8 ../ComsTest_bsp//libhal_bsp.a(altera_avalon_jtag_uart_write.o)
 .debug_line    0x00001295       0xfd ../ComsTest_bsp//libhal_bsp.a(altera_avalon_timer_sc.o)
 .debug_line    0x00001392       0xa0 ../ComsTest_bsp//libhal_bsp.a(alt_busy_sleep.o)
 .debug_line    0x00001432      0x18d ../ComsTest_bsp//libhal_bsp.a(alt_close.o)
 .debug_line    0x000015bf       0x51 ../ComsTest_bsp//libhal_bsp.a(alt_dcache_flush_all.o)
 .debug_line    0x00001610      0x120 ../ComsTest_bsp//libhal_bsp.a(alt_dev.o)
 .debug_line    0x00001730       0xd0 ../ComsTest_bsp//libhal_bsp.a(alt_dev_llist_insert.o)
 .debug_line    0x00001800       0x51 ../ComsTest_bsp//libhal_bsp.a(alt_errno.o)
 .debug_line    0x00001851       0x50 ../ComsTest_bsp//libhal_bsp.a(alt_icache_flush_all.o)
 .debug_line    0x000018a1       0xed ../ComsTest_bsp//libhal_bsp.a(alt_iic.o)
 .debug_line    0x0000198e       0xdb ../ComsTest_bsp//libhal_bsp.a(alt_iic_isr_register.o)
 .debug_line    0x00001a69      0x15d ../ComsTest_bsp//libhal_bsp.a(alt_io_redirect.o)
 .debug_line    0x00001bc6       0x6b ../ComsTest_bsp//libhal_bsp.a(alt_irq_entry.o)
 .debug_line    0x00001c31       0xae ../ComsTest_bsp//libhal_bsp.a(alt_irq_handler.o)
 .debug_line    0x00001cdf       0x50 ../ComsTest_bsp//libhal_bsp.a(alt_irq_vars.o)
 .debug_line    0x00001d2f      0x128 ../ComsTest_bsp//libhal_bsp.a(alt_open.o)
 .debug_line    0x00001e57       0xb0 ../ComsTest_bsp//libhal_bsp.a(alt_release_fd.o)
 .debug_line    0x00001f07      0x102 ../ComsTest_bsp//libhal_bsp.a(alt_tick.o)
 .debug_line    0x00002009       0x51 ../ComsTest_bsp//libhal_bsp.a(altera_nios2_qsys_irq.o)
 .debug_line    0x0000205a       0xab ../ComsTest_bsp//libhal_bsp.a(alt_exception_entry.o)
 .debug_line    0x00002105       0xb9 ../ComsTest_bsp//libhal_bsp.a(alt_find_dev.o)
 .debug_line    0x000021be       0xd5 ../ComsTest_bsp//libhal_bsp.a(alt_find_file.o)
 .debug_line    0x00002293       0xd4 ../ComsTest_bsp//libhal_bsp.a(alt_get_fd.o)
 .debug_line    0x00002367       0x81 ../ComsTest_bsp//libhal_bsp.a(alt_icache_flush.o)
 .debug_line    0x000023e8      0x170 /opt/altera/13.1/nios2eds/bin/gnu/H-i686-pc-linux-gnu/bin/../lib/gcc/nios2-elf/4.7.3/../../../../../H-i686-pc-linux-gnu/nios2-elf/lib/mno-hw-mul/libsmallc.a(lib_a-exit.o)
 .debug_line    0x00002558      0x17f /opt/altera/13.1/nios2eds/bin/gnu/H-i686-pc-linux-gnu/bin/../lib/gcc/nios2-elf/4.7.3/../../../../../H-i686-pc-linux-gnu/nios2-elf/lib/mno-hw-mul/libsmallc.a(lib_a-memcmp.o)
 .debug_line    0x000026d7      0x267 /opt/altera/13.1/nios2eds/bin/gnu/H-i686-pc-linux-gnu/bin/../lib/gcc/nios2-elf/4.7.3/../../../../../H-i686-pc-linux-gnu/nios2-elf/lib/mno-hw-mul/libsmallc.a(lib_a-__call_atexit.o)
 .debug_line    0x0000293e       0xd6 /opt/altera/13.1/nios2eds/bin/gnu/H-i686-pc-linux-gnu/bin/../lib/gcc/nios2-elf/4.7.3/mno-hw-mul/libgcc.a(lib2-divmod.o)
 .debug_line    0x00002a14       0x80 /opt/altera/13.1/nios2eds/bin/gnu/H-i686-pc-linux-gnu/bin/../lib/gcc/nios2-elf/4.7.3/mno-hw-mul/libgcc.a(lib2-mul.o)
 .debug_line    0x00002a94       0x71 ../ComsTest_bsp//libhal_bsp.a(alt_exit.o)

.debug_frame    0x00000000      0x878
 *(.debug_frame)
 .debug_frame   0x00000000       0x2c obj/default/hello_world.o
 .debug_frame   0x0000002c       0x3c /opt/altera/13.1/nios2eds/bin/gnu/H-i686-pc-linux-gnu/bin/../lib/gcc/nios2-elf/4.7.3/../../../../../H-i686-pc-linux-gnu/nios2-elf/lib/mno-hw-mul/libsmallc.a(lib_a-puts.o)
 .debug_frame   0x00000068       0x20 /opt/altera/13.1/nios2eds/bin/gnu/H-i686-pc-linux-gnu/bin/../lib/gcc/nios2-elf/4.7.3/../../../../../H-i686-pc-linux-gnu/nios2-elf/lib/mno-hw-mul/libsmallc.a(lib_a-strlen.o)
 .debug_frame   0x00000088       0x30 /opt/altera/13.1/nios2eds/bin/gnu/H-i686-pc-linux-gnu/bin/../lib/gcc/nios2-elf/4.7.3/../../../../../H-i686-pc-linux-gnu/nios2-elf/lib/mno-hw-mul/libsmallc.a(lib_a-fvwrite_small_dev.o)
 .debug_frame   0x000000b8       0x2c /opt/altera/13.1/nios2eds/bin/gnu/H-i686-pc-linux-gnu/bin/../lib/gcc/nios2-elf/4.7.3/../../../../../H-i686-pc-linux-gnu/nios2-elf/lib/mno-hw-mul/libsmallc.a(lib_a-writer.o)
 .debug_frame   0x000000e4       0x48 ../ComsTest_bsp//libhal_bsp.a(alt_load.o)
 .debug_frame   0x0000012c       0x2c ../ComsTest_bsp//libhal_bsp.a(alt_main.o)
 .debug_frame   0x00000158       0x2c ../ComsTest_bsp//libhal_bsp.a(alt_usleep.o)
 .debug_frame   0x00000184       0x48 ../ComsTest_bsp//libhal_bsp.a(alt_write.o)
 .debug_frame   0x000001cc       0x64 ../ComsTest_bsp//libhal_bsp.a(alt_sys_init.o)
 .debug_frame   0x00000230       0x48 ../ComsTest_bsp//libhal_bsp.a(altera_avalon_jtag_uart_fd.o)
 .debug_frame   0x00000278       0x2c ../ComsTest_bsp//libhal_bsp.a(altera_avalon_jtag_uart_read.o)
 .debug_frame   0x000002a4       0x2c ../ComsTest_bsp//libhal_bsp.a(altera_avalon_jtag_uart_write.o)
 .debug_frame   0x000002d0       0x48 ../ComsTest_bsp//libhal_bsp.a(altera_avalon_timer_sc.o)
 .debug_frame   0x00000318       0x2c ../ComsTest_bsp//libhal_bsp.a(alt_busy_sleep.o)
 .debug_frame   0x00000344       0x48 ../ComsTest_bsp//libhal_bsp.a(alt_close.o)
 .debug_frame   0x0000038c       0x2c ../ComsTest_bsp//libhal_bsp.a(alt_dcache_flush_all.o)
 .debug_frame   0x000003b8       0x2c ../ComsTest_bsp//libhal_bsp.a(alt_dev.o)
 .debug_frame   0x000003e4       0x48 ../ComsTest_bsp//libhal_bsp.a(alt_dev_llist_insert.o)
 .debug_frame   0x0000042c       0x2c ../ComsTest_bsp//libhal_bsp.a(alt_icache_flush_all.o)
 .debug_frame   0x00000458       0x80 ../ComsTest_bsp//libhal_bsp.a(alt_iic.o)
 .debug_frame   0x000004d8       0x2c ../ComsTest_bsp//libhal_bsp.a(alt_iic_isr_register.o)
 .debug_frame   0x00000504       0x4c ../ComsTest_bsp//libhal_bsp.a(alt_io_redirect.o)
 .debug_frame   0x00000550       0x2c ../ComsTest_bsp//libhal_bsp.a(alt_irq_handler.o)
 .debug_frame   0x0000057c       0x68 ../ComsTest_bsp//libhal_bsp.a(alt_open.o)
 .debug_frame   0x000005e4       0x30 ../ComsTest_bsp//libhal_bsp.a(alt_release_fd.o)
 .debug_frame   0x00000614       0x48 ../ComsTest_bsp//libhal_bsp.a(alt_tick.o)
 .debug_frame   0x0000065c       0x2c ../ComsTest_bsp//libhal_bsp.a(altera_nios2_qsys_irq.o)
 .debug_frame   0x00000688       0x2c ../ComsTest_bsp//libhal_bsp.a(alt_find_dev.o)
 .debug_frame   0x000006b4       0x2c ../ComsTest_bsp//libhal_bsp.a(alt_find_file.o)
 .debug_frame   0x000006e0       0x30 ../ComsTest_bsp//libhal_bsp.a(alt_get_fd.o)
 .debug_frame   0x00000710       0x2c ../ComsTest_bsp//libhal_bsp.a(alt_icache_flush.o)
 .debug_frame   0x0000073c       0x28 /opt/altera/13.1/nios2eds/bin/gnu/H-i686-pc-linux-gnu/bin/../lib/gcc/nios2-elf/4.7.3/../../../../../H-i686-pc-linux-gnu/nios2-elf/lib/mno-hw-mul/libsmallc.a(lib_a-exit.o)
 .debug_frame   0x00000764       0x20 /opt/altera/13.1/nios2eds/bin/gnu/H-i686-pc-linux-gnu/bin/../lib/gcc/nios2-elf/4.7.3/../../../../../H-i686-pc-linux-gnu/nios2-elf/lib/mno-hw-mul/libsmallc.a(lib_a-memcmp.o)
 .debug_frame   0x00000784       0x38 /opt/altera/13.1/nios2eds/bin/gnu/H-i686-pc-linux-gnu/bin/../lib/gcc/nios2-elf/4.7.3/../../../../../H-i686-pc-linux-gnu/nios2-elf/lib/mno-hw-mul/libsmallc.a(lib_a-__call_atexit.o)
 .debug_frame   0x000007bc       0x70 /opt/altera/13.1/nios2eds/bin/gnu/H-i686-pc-linux-gnu/bin/../lib/gcc/nios2-elf/4.7.3/mno-hw-mul/libgcc.a(lib2-divmod.o)
 .debug_frame   0x0000082c       0x20 /opt/altera/13.1/nios2eds/bin/gnu/H-i686-pc-linux-gnu/bin/../lib/gcc/nios2-elf/4.7.3/mno-hw-mul/libgcc.a(lib2-mul.o)
 .debug_frame   0x0000084c       0x2c ../ComsTest_bsp//libhal_bsp.a(alt_exit.o)

.debug_str      0x00000000     0x151f
 *(.debug_str)
 .debug_str     0x00000000       0xa8 obj/default/hello_world.o
                                 0xe6 (size before relaxing)
 .debug_str     0x000000a8      0x392 /opt/altera/13.1/nios2eds/bin/gnu/H-i686-pc-linux-gnu/bin/../lib/gcc/nios2-elf/4.7.3/../../../../../H-i686-pc-linux-gnu/nios2-elf/lib/mno-hw-mul/libsmallc.a(lib_a-puts.o)
                                0x464 (size before relaxing)
 .debug_str     0x0000043a       0xdf /opt/altera/13.1/nios2eds/bin/gnu/H-i686-pc-linux-gnu/bin/../lib/gcc/nios2-elf/4.7.3/../../../../../H-i686-pc-linux-gnu/nios2-elf/lib/mno-hw-mul/libsmallc.a(lib_a-strlen.o)
                                0x191 (size before relaxing)
 .debug_str     0x00000519       0x82 /opt/altera/13.1/nios2eds/bin/gnu/H-i686-pc-linux-gnu/bin/../lib/gcc/nios2-elf/4.7.3/../../../../../H-i686-pc-linux-gnu/nios2-elf/lib/mno-hw-mul/libsmallc.a(lib_a-fvwrite_small_dev.o)
                                0x490 (size before relaxing)
 .debug_str     0x0000059b       0xfc /opt/altera/13.1/nios2eds/bin/gnu/H-i686-pc-linux-gnu/bin/../lib/gcc/nios2-elf/4.7.3/../../../../../H-i686-pc-linux-gnu/nios2-elf/lib/mno-hw-mul/libsmallc.a(lib_a-impure.o)
                                0x46a (size before relaxing)
 .debug_str     0x00000697       0x3d /opt/altera/13.1/nios2eds/bin/gnu/H-i686-pc-linux-gnu/bin/../lib/gcc/nios2-elf/4.7.3/../../../../../H-i686-pc-linux-gnu/nios2-elf/lib/mno-hw-mul/libsmallc.a(lib_a-writer.o)
                                0x464 (size before relaxing)
 .debug_str     0x000006d4       0x40 /opt/altera/13.1/nios2eds/bin/gnu/H-i686-pc-linux-gnu/bin/../lib/gcc/nios2-elf/4.7.3/../../../../../H-i686-pc-linux-gnu/nios2-elf/lib/mno-hw-mul/libsmallc.a(lib_a-int_errno.o)
                                0x184 (size before relaxing)
 .debug_str     0x00000714      0x12a ../ComsTest_bsp//libhal_bsp.a(alt_load.o)
                                0x1c8 (size before relaxing)
 .debug_str     0x0000083e       0x70 ../ComsTest_bsp//libhal_bsp.a(alt_main.o)
                                0x153 (size before relaxing)
 .debug_str     0x000008ae       0x27 ../ComsTest_bsp//libhal_bsp.a(alt_usleep.o)
                                 0xfe (size before relaxing)
 .debug_str     0x000008d5      0x166 ../ComsTest_bsp//libhal_bsp.a(alt_write.o)
                                0x2ae (size before relaxing)
 .debug_str     0x00000a3b      0x136 ../ComsTest_bsp//libhal_bsp.a(alt_sys_init.o)
                                0x2c0 (size before relaxing)
 .debug_str     0x00000b71       0x77 ../ComsTest_bsp//libhal_bsp.a(altera_avalon_jtag_uart_fd.o)
                                0x28b (size before relaxing)
 .debug_str     0x00000be8       0x48 ../ComsTest_bsp//libhal_bsp.a(altera_avalon_jtag_uart_read.o)
                                0x1d5 (size before relaxing)
 .debug_str     0x00000c30       0x4a ../ComsTest_bsp//libhal_bsp.a(altera_avalon_jtag_uart_write.o)
                                0x1cb (size before relaxing)
 .debug_str     0x00000c7a       0xb6 ../ComsTest_bsp//libhal_bsp.a(altera_avalon_timer_sc.o)
                                0x201 (size before relaxing)
 .debug_str     0x00000d30       0x42 ../ComsTest_bsp//libhal_bsp.a(alt_busy_sleep.o)
                                0x121 (size before relaxing)
 .debug_str     0x00000d72       0x1b ../ComsTest_bsp//libhal_bsp.a(alt_close.o)
                                0x1c1 (size before relaxing)
 .debug_str     0x00000d8d       0x34 ../ComsTest_bsp//libhal_bsp.a(alt_dcache_flush_all.o)
                                0x10b (size before relaxing)
 .debug_str     0x00000dc1       0x50 ../ComsTest_bsp//libhal_bsp.a(alt_dev.o)
                                0x2bb (size before relaxing)
 .debug_str     0x00000e11       0x4b ../ComsTest_bsp//libhal_bsp.a(alt_dev_llist_insert.o)
                                0x182 (size before relaxing)
 .debug_str     0x00000e5c       0x14 ../ComsTest_bsp//libhal_bsp.a(alt_errno.o)
                                 0xfb (size before relaxing)
 .debug_str     0x00000e70       0x34 ../ComsTest_bsp//libhal_bsp.a(alt_icache_flush_all.o)
                                0x10b (size before relaxing)
 .debug_str     0x00000ea4       0xc4 ../ComsTest_bsp//libhal_bsp.a(alt_iic.o)
                                0x1f4 (size before relaxing)
 .debug_str     0x00000f68       0x4c ../ComsTest_bsp//libhal_bsp.a(alt_iic_isr_register.o)
                                0x19e (size before relaxing)
 .debug_str     0x00000fb4       0x56 ../ComsTest_bsp//libhal_bsp.a(alt_io_redirect.o)
                                0x2cc (size before relaxing)
 .debug_str     0x0000100a       0x3a ../ComsTest_bsp//libhal_bsp.a(alt_irq_handler.o)
                                0x14d (size before relaxing)
 .debug_str     0x00001044       0x17 ../ComsTest_bsp//libhal_bsp.a(alt_irq_vars.o)
                                 0xfc (size before relaxing)
 .debug_str     0x0000105b       0x2f ../ComsTest_bsp//libhal_bsp.a(alt_open.o)
                                0x201 (size before relaxing)
 .debug_str     0x0000108a       0x28 ../ComsTest_bsp//libhal_bsp.a(alt_release_fd.o)
                                0x195 (size before relaxing)
 .debug_str     0x000010b2       0x78 ../ComsTest_bsp//libhal_bsp.a(alt_tick.o)
                                0x208 (size before relaxing)
 .debug_str     0x0000112a       0x3b ../ComsTest_bsp//libhal_bsp.a(altera_nios2_qsys_irq.o)
                                0x112 (size before relaxing)
 .debug_str     0x00001165       0x24 ../ComsTest_bsp//libhal_bsp.a(alt_find_dev.o)
                                0x1a2 (size before relaxing)
 .debug_str     0x00001189       0x26 ../ComsTest_bsp//libhal_bsp.a(alt_find_file.o)
                                0x1b0 (size before relaxing)
 .debug_str     0x000011af       0x30 ../ComsTest_bsp//libhal_bsp.a(alt_get_fd.o)
                                0x1d2 (size before relaxing)
 .debug_str     0x000011df       0x2c ../ComsTest_bsp//libhal_bsp.a(alt_icache_flush.o)
                                0x111 (size before relaxing)
 .debug_str     0x0000120b       0xee /opt/altera/13.1/nios2eds/bin/gnu/H-i686-pc-linux-gnu/bin/../lib/gcc/nios2-elf/4.7.3/../../../../../H-i686-pc-linux-gnu/nios2-elf/lib/mno-hw-mul/libsmallc.a(lib_a-exit.o)
                                0x19c (size before relaxing)
 .debug_str     0x000012f9       0x45 /opt/altera/13.1/nios2eds/bin/gnu/H-i686-pc-linux-gnu/bin/../lib/gcc/nios2-elf/4.7.3/../../../../../H-i686-pc-linux-gnu/nios2-elf/lib/mno-hw-mul/libsmallc.a(lib_a-memcmp.o)
                                0x18b (size before relaxing)
 .debug_str     0x0000133e       0x64 /opt/altera/13.1/nios2eds/bin/gnu/H-i686-pc-linux-gnu/bin/../lib/gcc/nios2-elf/4.7.3/../../../../../H-i686-pc-linux-gnu/nios2-elf/lib/mno-hw-mul/libsmallc.a(lib_a-__call_atexit.o)
                                0x495 (size before relaxing)
 .debug_str     0x000013a2      0x113 /opt/altera/13.1/nios2eds/bin/gnu/H-i686-pc-linux-gnu/bin/../lib/gcc/nios2-elf/4.7.3/mno-hw-mul/libgcc.a(lib2-divmod.o)
                                0x16a (size before relaxing)
 .debug_str     0x000014b5       0x40 /opt/altera/13.1/nios2eds/bin/gnu/H-i686-pc-linux-gnu/bin/../lib/gcc/nios2-elf/4.7.3/mno-hw-mul/libgcc.a(lib2-mul.o)
                                0x12b (size before relaxing)
 .debug_str     0x000014f5       0x2a ../ComsTest_bsp//libhal_bsp.a(alt_exit.o)
                                0x107 (size before relaxing)

.debug_loc      0x00000000     0x10fc
 *(.debug_loc)
 .debug_loc     0x00000000       0x2c obj/default/hello_world.o
 .debug_loc     0x0000002c       0xb7 /opt/altera/13.1/nios2eds/bin/gnu/H-i686-pc-linux-gnu/bin/../lib/gcc/nios2-elf/4.7.3/../../../../../H-i686-pc-linux-gnu/nios2-elf/lib/mno-hw-mul/libsmallc.a(lib_a-puts.o)
 .debug_loc     0x000000e3       0x29 /opt/altera/13.1/nios2eds/bin/gnu/H-i686-pc-linux-gnu/bin/../lib/gcc/nios2-elf/4.7.3/../../../../../H-i686-pc-linux-gnu/nios2-elf/lib/mno-hw-mul/libsmallc.a(lib_a-strlen.o)
 .debug_loc     0x0000010c      0x19e /opt/altera/13.1/nios2eds/bin/gnu/H-i686-pc-linux-gnu/bin/../lib/gcc/nios2-elf/4.7.3/../../../../../H-i686-pc-linux-gnu/nios2-elf/lib/mno-hw-mul/libsmallc.a(lib_a-fvwrite_small_dev.o)
 .debug_loc     0x000002aa       0xde /opt/altera/13.1/nios2eds/bin/gnu/H-i686-pc-linux-gnu/bin/../lib/gcc/nios2-elf/4.7.3/../../../../../H-i686-pc-linux-gnu/nios2-elf/lib/mno-hw-mul/libsmallc.a(lib_a-writer.o)
 .debug_loc     0x00000388       0x58 ../ComsTest_bsp//libhal_bsp.a(alt_load.o)
 .debug_loc     0x000003e0       0x2c ../ComsTest_bsp//libhal_bsp.a(alt_main.o)
 .debug_loc     0x0000040c       0x2c ../ComsTest_bsp//libhal_bsp.a(alt_usleep.o)
 .debug_loc     0x00000438       0x58 ../ComsTest_bsp//libhal_bsp.a(alt_write.o)
 .debug_loc     0x00000490       0x84 ../ComsTest_bsp//libhal_bsp.a(alt_sys_init.o)
 .debug_loc     0x00000514       0x58 ../ComsTest_bsp//libhal_bsp.a(altera_avalon_jtag_uart_fd.o)
 .debug_loc     0x0000056c       0x2c ../ComsTest_bsp//libhal_bsp.a(altera_avalon_jtag_uart_read.o)
 .debug_loc     0x00000598       0x2c ../ComsTest_bsp//libhal_bsp.a(altera_avalon_jtag_uart_write.o)
 .debug_loc     0x000005c4       0x58 ../ComsTest_bsp//libhal_bsp.a(altera_avalon_timer_sc.o)
 .debug_loc     0x0000061c       0x2c ../ComsTest_bsp//libhal_bsp.a(alt_busy_sleep.o)
 .debug_loc     0x00000648       0x58 ../ComsTest_bsp//libhal_bsp.a(alt_close.o)
 .debug_loc     0x000006a0       0x2c ../ComsTest_bsp//libhal_bsp.a(alt_dcache_flush_all.o)
 .debug_loc     0x000006cc       0x2c ../ComsTest_bsp//libhal_bsp.a(alt_dev.o)
 .debug_loc     0x000006f8       0x58 ../ComsTest_bsp//libhal_bsp.a(alt_dev_llist_insert.o)
 .debug_loc     0x00000750       0x2c ../ComsTest_bsp//libhal_bsp.a(alt_icache_flush_all.o)
 .debug_loc     0x0000077c       0xb0 ../ComsTest_bsp//libhal_bsp.a(alt_iic.o)
 .debug_loc     0x0000082c       0x2c ../ComsTest_bsp//libhal_bsp.a(alt_iic_isr_register.o)
 .debug_loc     0x00000858       0x58 ../ComsTest_bsp//libhal_bsp.a(alt_io_redirect.o)
 .debug_loc     0x000008b0       0x2c ../ComsTest_bsp//libhal_bsp.a(alt_irq_handler.o)
 .debug_loc     0x000008dc       0x84 ../ComsTest_bsp//libhal_bsp.a(alt_open.o)
 .debug_loc     0x00000960       0x2c ../ComsTest_bsp//libhal_bsp.a(alt_release_fd.o)
 .debug_loc     0x0000098c       0x58 ../ComsTest_bsp//libhal_bsp.a(alt_tick.o)
 .debug_loc     0x000009e4       0x2c ../ComsTest_bsp//libhal_bsp.a(altera_nios2_qsys_irq.o)
 .debug_loc     0x00000a10       0x2c ../ComsTest_bsp//libhal_bsp.a(alt_find_dev.o)
 .debug_loc     0x00000a3c       0x2c ../ComsTest_bsp//libhal_bsp.a(alt_find_file.o)
 .debug_loc     0x00000a68       0x2c ../ComsTest_bsp//libhal_bsp.a(alt_get_fd.o)
 .debug_loc     0x00000a94       0x2c ../ComsTest_bsp//libhal_bsp.a(alt_icache_flush.o)
 .debug_loc     0x00000ac0       0x3e /opt/altera/13.1/nios2eds/bin/gnu/H-i686-pc-linux-gnu/bin/../lib/gcc/nios2-elf/4.7.3/../../../../../H-i686-pc-linux-gnu/nios2-elf/lib/mno-hw-mul/libsmallc.a(lib_a-exit.o)
 .debug_loc     0x00000afe       0x6f /opt/altera/13.1/nios2eds/bin/gnu/H-i686-pc-linux-gnu/bin/../lib/gcc/nios2-elf/4.7.3/../../../../../H-i686-pc-linux-gnu/nios2-elf/lib/mno-hw-mul/libsmallc.a(lib_a-memcmp.o)
 .debug_loc     0x00000b6d      0x198 /opt/altera/13.1/nios2eds/bin/gnu/H-i686-pc-linux-gnu/bin/../lib/gcc/nios2-elf/4.7.3/../../../../../H-i686-pc-linux-gnu/nios2-elf/lib/mno-hw-mul/libsmallc.a(lib_a-__call_atexit.o)
 .debug_loc     0x00000d05      0x338 /opt/altera/13.1/nios2eds/bin/gnu/H-i686-pc-linux-gnu/bin/../lib/gcc/nios2-elf/4.7.3/mno-hw-mul/libgcc.a(lib2-divmod.o)
 .debug_loc     0x0000103d       0x93 /opt/altera/13.1/nios2eds/bin/gnu/H-i686-pc-linux-gnu/bin/../lib/gcc/nios2-elf/4.7.3/mno-hw-mul/libgcc.a(lib2-mul.o)
 .debug_loc     0x000010d0       0x2c ../ComsTest_bsp//libhal_bsp.a(alt_exit.o)

.debug_macinfo
 *(.debug_macinfo)

.debug_weaknames
 *(.debug_weaknames)

.debug_funcnames
 *(.debug_funcnames)

.debug_typenames
 *(.debug_typenames)

.debug_varnames
 *(.debug_varnames)

.debug_alt_sim_info
                0x00000000       0x50
 *(.debug_alt_sim_info)
 .debug_alt_sim_info
                0x00000000       0x20 ../ComsTest_bsp//obj/HAL/src/crt0.o
 .debug_alt_sim_info
                0x00000020       0x30 ../ComsTest_bsp//libhal_bsp.a(alt_busy_sleep.o)
                0x0000d000                __alt_data_end = 0xd000
                0x0000d000                PROVIDE (__alt_stack_pointer, __alt_data_end)
                0x0000a5b0                PROVIDE (__alt_stack_limit, __alt_stack_base)
                0x0000a5b0                PROVIDE (__alt_heap_start, end)
                0x0000d000                PROVIDE (__alt_heap_limit, 0xd000)
OUTPUT(ComsTest.elf elf32-littlenios2)

.debug_ranges   0x00000000      0x100
 .debug_ranges  0x00000000       0x20 ../ComsTest_bsp//obj/HAL/src/crt0.o
 .debug_ranges  0x00000020       0x18 /opt/altera/13.1/nios2eds/bin/gnu/H-i686-pc-linux-gnu/bin/../lib/gcc/nios2-elf/4.7.3/../../../../../H-i686-pc-linux-gnu/nios2-elf/lib/mno-hw-mul/libsmallc.a(lib_a-fvwrite_small_dev.o)
 .debug_ranges  0x00000038       0x18 ../ComsTest_bsp//libhal_bsp.a(altera_avalon_jtag_uart_read.o)
 .debug_ranges  0x00000050       0x30 ../ComsTest_bsp//libhal_bsp.a(alt_iic.o)
 .debug_ranges  0x00000080       0x28 ../ComsTest_bsp//libhal_bsp.a(alt_irq_entry.o)
 .debug_ranges  0x000000a8       0x10 ../ComsTest_bsp//libhal_bsp.a(alt_irq_handler.o)
 .debug_ranges  0x000000b8       0x30 ../ComsTest_bsp//libhal_bsp.a(alt_exception_entry.o)
 .debug_ranges  0x000000e8       0x18 /opt/altera/13.1/nios2eds/bin/gnu/H-i686-pc-linux-gnu/bin/../lib/gcc/nios2-elf/4.7.3/../../../../../H-i686-pc-linux-gnu/nios2-elf/lib/mno-hw-mul/libsmallc.a(lib_a-__call_atexit.o)
